05-25 15:10:44.403  2382  2514 W ErrorProcessor: 	at java.util.concurrent.FutureTask.run(FutureTask.java:266)
05-25 15:10:44.403  2382  2514 W ErrorProcessor: 	at com.google.android.apps.gsa.shared.util.concurrent.a.ax.run(SourceFile:14)
05-25 15:10:44.403  2382  2514 W ErrorProcessor: 	at com.google.android.apps.gsa.shared.util.concurrent.a.bl.run(SourceFile:4)
05-25 15:10:44.403  2382  2514 W ErrorProcessor: 	at com.google.android.apps.gsa.shared.util.concurrent.a.bl.run(SourceFile:4)
05-25 15:10:44.403  2382  2514 W ErrorProcessor: 	at java.util.concurrent.ThreadPoolExecutor.runWorker(ThreadPoolExecutor.java:1162)
05-25 15:10:44.403  2382  2514 W ErrorProcessor: 	at java.util.concurrent.ThreadPoolExecutor$Worker.run(ThreadPoolExecutor.java:636)
05-25 15:10:44.403  2382  2514 W ErrorProcessor: 	at java.lang.Thread.run(Thread.java:764)
05-25 15:10:44.403  2382  2514 W ErrorProcessor: 	at com.google.android.apps.gsa.shared.util.concurrent.a.ai.run(SourceFile:6)
05-25 15:10:44.403  2382  2514 W ErrorProcessor: Caused by: com.google.android.apps.gsa.shared.exception.GsaIOException: Error code: 393238 | Buffer overflow, no available space.
05-25 15:10:44.403  2382  2514 W ErrorProcessor: 	at com.google.android.apps.gsa.speech.audio.Tee.f(SourceFile:103)
05-25 15:10:44.403  2382  2514 W ErrorProcessor: 	at com.google.android.apps.gsa.speech.audio.au.read(SourceFile:2)
05-25 15:10:44.403  2382  2514 W ErrorProcessor: 	at java.io.InputStream.read(InputStream.java:101)
05-25 15:10:44.403  2382  2514 W ErrorProcessor: 	at com.google.android.apps.gsa.speech.audio.ao.run(SourceFile:18)
05-25 15:10:44.403  2382  2514 W ErrorProcessor: 	at com.google.android.apps.gsa.speech.audio.an.run(SourceFile:2)
05-25 15:10:44.403  2382  2514 W ErrorProcessor: 	... 9 more
05-25 15:10:44.403  2382  2514 I AudioController: internalShutdown
05-25 15:10:44.404  2382  2528 I DeviceStateChecker: DeviceStateChecker cancelled
05-25 15:10:44.404  2382  2382 I MicroDetector: Keeping mic open: false
05-25 15:10:44.404  2382  2382 I MicroDetectionWorker: #onError(false)
05-25 15:10:44.478  1681  1930 I chatty  : uid=1000(system) Binder:1681_6 expire 86 lines
05-25 15:10:49.410  2382  2382 I MicroDetectionWorker: #updateMicroDetector [detectionMode: [mDetectionMode: [1]]]
05-25 15:10:49.410  2382  2382 I MicroDetectionWorker: #startMicroDetector [speakerMode: 0]
05-25 15:10:49.410  2382  2382 I AudioController: Using mInputStreamFactoryBuilder
05-25 15:10:49.412  2382  2382 I MicroDetectionWorker: onReady
05-25 15:10:49.414  2382  2742 I MicroRecognitionRunner: Starting detection.
05-25 15:10:49.414  2382  2516 I MicrophoneInputStream: mic_starting com.google.android.apps.gsa.staticplugins.aa.c@80c2cc3
05-25 15:10:49.415  1528  5810 I AudioFlinger: AudioFlinger's thread 0xa1b03380 tid=5810 ready to run
05-25 15:10:49.416  1528  1528 E AudioFlinger: not enough memory for AudioTrack size=131296
05-25 15:10:49.416  1528  1528 D MemoryDealer:   AudioTrack (0xa53ff2e0, size=4194304)
05-25 15:10:49.416  1528  1528 D MemoryDealer:     0: 0xa53ff2f0 | 0x00000000 | 0x000200E0 | A 
05-25 15:10:49.416  1528  1528 D MemoryDealer:     1: 0xa53ff310 | 0x000200E0 | 0x000200E0 | A 
05-25 15:10:49.416  1528  1528 D MemoryDealer:     2: 0xa53ff000 | 0x000401C0 | 0x000200E0 | A 
05-25 15:10:49.416  1528  1528 D MemoryDealer:     3: 0xa53ff490 | 0x000602A0 | 0x000200E0 | A 
05-25 15:10:49.416  1528  1528 D MemoryDealer:     4: 0xa53ff810 | 0x00080380 | 0x000200E0 | A 
05-25 15:10:49.416  1528  1528 D MemoryDealer:     5: 0xa53ff9f0 | 0x000A0460 | 0x000200E0 | A 
05-25 15:10:49.416  1528  1528 D MemoryDealer:     6: 0xa53ffb70 | 0x000C0540 | 0x000200E0 | A 
05-25 15:10:49.416  1528  1528 D MemoryDealer:     7: 0xa53ffd10 | 0x000E0620 | 0x000200E0 | A 
05-25 15:10:49.416  1528  1528 D MemoryDealer:     8: 0xa53ffeb0 | 0x00100700 | 0x000200E0 | A 
05-25 15:10:49.416  1528  1528 D MemoryDealer:     9: 0xa4ffd090 | 0x001207E0 | 0x000200E0 | A 
05-25 15:10:49.416  1528  1528 D MemoryDealer:    10: 0xa4ffd1b0 | 0x001408C0 | 0x000200E0 | A 
05-25 15:10:49.416  1528  1528 D MemoryDealer:    11: 0xa4ffd380 | 0x001609A0 | 0x000200E0 | A 
05-25 15:10:49.416  1528  1528 D MemoryDealer:    12: 0xa558b1f0 | 0x00180A80 | 0x000200E0 | A 
05-25 15:10:49.416  1528  1528 D MemoryDealer:    13: 0xa558b380 | 0x001A0B60 | 0x000200E0 | A 
05-25 15:10:49.416  1528  1528 D MemoryDealer:    14: 0xa558b540 | 0x001C0C40 | 0x000200E0 | A 
05-25 15:10:49.416  1528  1528 D MemoryDealer:    15: 0xa558b710 | 0x001E0D20 | 0x000200E0 | A 
05-25 15:10:49.416  1528  1528 D MemoryDealer:    16: 0xa558b8e0 | 0x00200E00 | 0x000200E0 | A 
05-25 15:10:49.416  1528  1528 D MemoryDealer:    17: 0xa558ba70 | 0x00220EE0 | 0x000200E0 | A 
05-25 15:10:49.416  1528  1528 D MemoryDealer:    18: 0xa558bc40 | 0x00240FC0 | 0x000200E0 | A 
05-25 15:10:49.416  1528  1528 D MemoryDealer:    19: 0xa558bd60 | 0x002610A0 | 0x000200E0 | A 
05-25 15:10:49.416  1528  1528 D MemoryDealer:    
05-25 15:10:49.416  1528  1528 E AudioFlinger: createRecordTrack_l() initCheck failed -12; no control block?
05-25 15:10:49.416  2382  2516 E AudioRecord: AudioFlinger could not create record track, status: -12
05-25 15:10:49.417  2382  2516 E AudioRecord-JNI: Error creating AudioRecord instance: initialization check failed with status -12.
05-25 15:10:49.417  2382  2516 E android.media.AudioRecord: Error code -20 when initializing native AudioRecord object.
05-25 15:10:49.417  2382  2516 I MicrophoneInputStream: mic_started com.google.android.apps.gsa.staticplugins.aa.c@80c2cc3
05-25 15:10:49.417  2382  2382 I MicroDetectionWorker: onReady
05-25 15:10:49.419  2382  2516 I MicrophoneInputStream: mic_close com.google.android.apps.gsa.staticplugins.aa.c@80c2cc3
05-25 15:10:49.420  2382  2742 I MicroRecognitionRunner: Detection finished
05-25 15:10:49.420  2382  2742 W ErrorReporter: reportError [type: 211, code: 524300]: Error reading from input stream
05-25 15:10:49.420  2382  2746 I MicroRecognitionRunner: Stopping hotword detection.
05-25 15:10:49.420  2382  2742 W ErrorProcessor: onFatalError, processing error from engine(4)
05-25 15:10:49.420  2382  2742 W ErrorProcessor: com.google.android.apps.gsa.shared.speech.b.g: Error reading from input stream
05-25 15:10:49.420  2382  2742 W ErrorProcessor: 	at com.google.android.apps.gsa.staticplugins.recognizer.j.a.a(SourceFile:28)
05-25 15:10:49.420  2382  2742 W ErrorProcessor: 	at com.google.android.apps.gsa.staticplugins.recognizer.j.b.run(SourceFile:15)
05-25 15:10:49.420  2382  2742 W ErrorProcessor: 	at java.util.concurrent.Executors$RunnableAdapter.call(Executors.java:457)
05-25 15:10:49.420  2382  2742 W ErrorProcessor: 	at java.util.concurrent.FutureTask.run(FutureTask.java:266)
05-25 15:10:49.420  2382  2742 W ErrorProcessor: 	at com.google.android.apps.gsa.shared.util.concurrent.a.ax.run(SourceFile:14)
05-25 15:10:49.420  2382  2742 W ErrorProcessor: 	at com.google.android.apps.gsa.shared.util.concurrent.a.bl.run(SourceFile:4)
05-25 15:10:49.420  2382  2742 W ErrorProcessor: 	at com.google.android.apps.gsa.shared.util.concurrent.a.bl.run(SourceFile:4)
05-25 15:10:49.420  2382  2742 W ErrorProcessor: 	at java.util.concurrent.ThreadPoolExecutor.runWorker(ThreadPoolExecutor.java:1162)
05-25 15:10:49.420  2382  2742 W ErrorProcessor: 	at java.util.concurrent.ThreadPoolExecutor$Worker.run(ThreadPoolExecutor.java:636)
05-25 15:10:49.420  2382  2742 W ErrorProcessor: 	at java.lang.Thread.run(Thread.java:764)
05-25 15:10:49.420  2382  2742 W ErrorProcessor: 	at com.google.android.apps.gsa.shared.util.concurrent.a.ai.run(SourceFile:6)
05-25 15:10:49.420  2382  2742 W ErrorProcessor: Caused by: com.google.android.apps.gsa.shared.exception.GsaIOException: Error code: 393238 | Buffer overflow, no available space.
05-25 15:10:49.420  2382  2742 W ErrorProcessor: 	at com.google.android.apps.gsa.speech.audio.Tee.f(SourceFile:103)
05-25 15:10:49.420  2382  2742 W ErrorProcessor: 	at com.google.android.apps.gsa.speech.audio.au.read(SourceFile:2)
05-25 15:10:49.420  2382  2742 W ErrorProcessor: 	at java.io.InputStream.read(InputStream.java:101)
05-25 15:10:49.420  2382  2742 W ErrorProcessor: 	at com.google.android.apps.gsa.speech.audio.ao.run(SourceFile:18)
05-25 15:10:49.420  2382  2742 W ErrorProcessor: 	at com.google.android.apps.gsa.speech.audio.an.run(SourceFile:2)
05-25 15:10:49.420  2382  2742 W ErrorProcessor: 	... 9 more
05-25 15:10:49.420  2382  2742 I AudioController: internalShutdown
05-25 15:10:49.421  2382  2382 I MicroDetector: Keeping mic open: false
05-25 15:10:49.421  2382  2382 I MicroDetectionWorker: #onError(false)
05-25 15:10:49.421  2382  2528 I DeviceStateChecker: DeviceStateChecker cancelled
05-25 15:10:54.426  2382  2382 I MicroDetectionWorker: #updateMicroDetector [detectionMode: [mDetectionMode: [1]]]
05-25 15:10:54.426  2382  2382 I MicroDetectionWorker: #startMicroDetector [speakerMode: 0]
05-25 15:10:54.427  2382  2382 I AudioController: Using mInputStreamFactoryBuilder
05-25 15:10:54.427  2382  2382 I MicroDetectionWorker: onReady
05-25 15:10:54.428  2382  2528 I MicroRecognitionRunner: Starting detection.
05-25 15:10:54.429  2382  2516 I MicrophoneInputStream: mic_starting com.google.android.apps.gsa.staticplugins.aa.c@a2205b1
05-25 15:10:54.431  1528  5856 I AudioFlinger: AudioFlinger's thread 0xa1b039c0 tid=5856 ready to run
05-25 15:10:54.432  1528  1528 E AudioFlinger: not enough memory for AudioTrack size=131296
05-25 15:10:54.432  1528  1528 D MemoryDealer:   AudioTrack (0xa53ff2e0, size=4194304)
05-25 15:10:54.432  1528  1528 D MemoryDealer:     0: 0xa53ff2f0 | 0x00000000 | 0x000200E0 | A 
05-25 15:10:54.432  1528  1528 D MemoryDealer:     1: 0xa53ff310 | 0x000200E0 | 0x000200E0 | A 
05-25 15:10:54.432  1528  1528 D MemoryDealer:     2: 0xa53ff000 | 0x000401C0 | 0x000200E0 | A 
05-25 15:10:54.432  1528  1528 D MemoryDealer:     3: 0xa53ff490 | 0x000602A0 | 0x000200E0 | A 
05-25 15:10:54.432  1528  1528 D MemoryDealer:     4: 0xa53ff810 | 0x00080380 | 0x000200E0 | A 
05-25 15:10:54.432  1528  1528 D MemoryDealer:     5: 0xa53ff9f0 | 0x000A0460 | 0x000200E0 | A 
05-25 15:10:54.432  1528  1528 D MemoryDealer:     6: 0xa53ffb70 | 0x000C0540 | 0x000200E0 | A 
05-25 15:10:54.432  1528  1528 D MemoryDealer:     7: 0xa53ffd10 | 0x000E0620 | 0x000200E0 | A 
05-25 15:10:54.432  1528  1528 D MemoryDealer:     8: 0xa53ffeb0 | 0x00100700 | 0x000200E0 | A 
05-25 15:10:54.432  1528  1528 D MemoryDealer:     9: 0xa4ffd090 | 0x001207E0 | 0x000200E0 | A 
05-25 15:10:54.432  1528  1528 D MemoryDealer:    10: 0xa4ffd1b0 | 0x001408C0 | 0x000200E0 | A 
05-25 15:10:54.432  1528  1528 D MemoryDealer:    11: 0xa4ffd380 | 0x001609A0 | 0x000200E0 | A 
05-25 15:10:54.432  1528  1528 D MemoryDealer:    12: 0xa558b1f0 | 0x00180A80 | 0x000200E0 | A 
05-25 15:10:54.432  1528  1528 D MemoryDealer:    13: 0xa558b380 | 0x001A0B60 | 0x000200E0 | A 
05-25 15:10:54.432  1528  1528 D MemoryDealer:    14: 0xa558b540 | 0x001C0C40 | 0x000200E0 | A 
05-25 15:10:54.432  1528  1528 D MemoryDealer:    15: 0xa558b710 | 0x001E0D20 | 0x000200E0 | A 
05-25 15:10:54.432  1528  1528 D MemoryDealer:    16: 0xa558b8e0 | 0x00200E00 | 0x000200E0 | A 
05-25 15:10:54.432  1528  1528 D MemoryDealer:    17: 0xa558ba70 | 0x00220EE0 | 0x000200E0 | A 
05-25 15:10:54.432  1528  1528 D MemoryDealer:    18: 0xa558bc40 | 0x00240FC0 | 0x000200E0 | A 
05-25 15:10:54.432  1528  1528 D MemoryDealer:    19: 0xa558bd60 | 0x002610A0 | 0x000200E0 | A 
05-25 15:10:54.432  1528  1528 D MemoryDealer:    
05-25 15:10:54.432  1528  1528 E AudioFlinger: createRecordTrack_l() initCheck failed -12; no control block?
05-25 15:10:54.432  2382  2516 E AudioRecord: AudioFlinger could not create record track, status: -12
05-25 15:10:54.433  2382  2516 E AudioRecord-JNI: Error creating AudioRecord instance: initialization check failed with status -12.
05-25 15:10:54.434  2382  2516 E android.media.AudioRecord: Error code -20 when initializing native AudioRecord object.
05-25 15:10:54.434  2382  2516 I MicrophoneInputStream: mic_started com.google.android.apps.gsa.staticplugins.aa.c@a2205b1
05-25 15:10:54.434  2382  2382 I MicroDetectionWorker: onReady
05-25 15:10:54.438  2382  2516 I MicrophoneInputStream: mic_close com.google.android.apps.gsa.staticplugins.aa.c@a2205b1
05-25 15:10:54.438  2382  2528 I MicroRecognitionRunner: Detection finished
05-25 15:10:54.438  2382  2528 W ErrorReporter: reportError [type: 211, code: 524300]: Error reading from input stream
05-25 15:10:54.439  2382  2746 I MicroRecognitionRunner: Stopping hotword detection.
05-25 15:10:54.439  2382  2528 W ErrorProcessor: onFatalError, processing error from engine(4)
05-25 15:10:54.439  2382  2528 W ErrorProcessor: com.google.android.apps.gsa.shared.speech.b.g: Error reading from input stream
05-25 15:10:54.439  2382  2528 W ErrorProcessor: 	at com.google.android.apps.gsa.staticplugins.recognizer.j.a.a(SourceFile:28)
05-25 15:10:54.439  2382  2528 W ErrorProcessor: 	at com.google.android.apps.gsa.staticplugins.recognizer.j.b.run(SourceFile:15)
05-25 15:10:54.439  2382  2528 W ErrorProcessor: 	at java.util.concurrent.Executors$RunnableAdapter.call(Executors.java:457)
05-25 15:10:54.439  2382  2528 W ErrorProcessor: 	at java.util.concurrent.FutureTask.run(FutureTask.java:266)
05-25 15:10:54.439  2382  2528 W ErrorProcessor: 	at com.google.android.apps.gsa.shared.util.concurrent.a.ax.run(SourceFile:14)
05-25 15:10:54.439  2382  2528 W ErrorProcessor: 	at com.google.android.apps.gsa.shared.util.concurrent.a.bl.run(SourceFile:4)
05-25 15:10:54.439  2382  2528 W ErrorProcessor: 	at com.google.android.apps.gsa.shared.util.concurrent.a.bl.run(SourceFile:4)
05-25 15:10:54.439  2382  2528 W ErrorProcessor: 	at java.util.concurrent.ThreadPoolExecutor.runWorker(ThreadPoolExecutor.java:1162)
05-25 15:10:54.439  2382  2528 W ErrorProcessor: 	at java.util.concurrent.ThreadPoolExecutor$Worker.run(ThreadPoolExecutor.java:636)
05-25 15:10:54.439  2382  2528 W ErrorProcessor: 	at java.lang.Thread.run(Thread.java:764)
05-25 15:10:54.439  2382  2528 W ErrorProcessor: 	at com.google.android.apps.gsa.shared.util.concurrent.a.ai.run(SourceFile:6)
05-25 15:10:54.439  2382  2528 W ErrorProcessor: Caused by: com.google.android.apps.gsa.shared.exception.GsaIOException: Error code: 393238 | Buffer overflow, no available space.
05-25 15:10:54.439  2382  2528 W ErrorProcessor: 	at com.google.android.apps.gsa.speech.audio.Tee.f(SourceFile:103)
05-25 15:10:54.439  2382  2528 W ErrorProcessor: 	at com.google.android.apps.gsa.speech.audio.au.read(SourceFile:2)
05-25 15:10:54.439  2382  2528 W ErrorProcessor: 	at java.io.InputStream.read(InputStream.java:101)
05-25 15:10:54.439  2382  2528 W ErrorProcessor: 	at com.google.android.apps.gsa.speech.audio.ao.run(SourceFile:18)
05-25 15:10:54.439  2382  2528 W ErrorProcessor: 	at com.google.android.apps.gsa.speech.audio.an.run(SourceFile:2)
05-25 15:10:54.439  2382  2528 W ErrorProcessor: 	... 9 more
05-25 15:10:54.439  2382  2528 I AudioController: internalShutdown
05-25 15:10:54.440  2382  2514 I DeviceStateChecker: DeviceStateChecker cancelled
05-25 15:10:54.440  2382  2382 I MicroDetector: Keeping mic open: false
05-25 15:10:54.440  2382  2382 I MicroDetectionWorker: #onError(false)
05-25 15:10:55.284  1681  1959 I chatty  : uid=1000(system) Binder:1681_7 expire 38 lines
05-25 15:10:59.446  2382  2382 I MicroDetectionWorker: #updateMicroDetector [detectionMode: [mDetectionMode: [1]]]
05-25 15:10:59.447  2382  2382 I MicroDetectionWorker: #startMicroDetector [speakerMode: 0]
05-25 15:10:59.447  2382  2382 I AudioController: Using mInputStreamFactoryBuilder
05-25 15:10:59.448  2382  2382 I MicroDetectionWorker: onReady
05-25 15:10:59.449  2382  2514 I MicroRecognitionRunner: Starting detection.
05-25 15:10:59.450  2382  2516 I MicrophoneInputStream: mic_starting com.google.android.apps.gsa.staticplugins.aa.c@982810f
05-25 15:10:59.451  1528  5901 I AudioFlinger: AudioFlinger's thread 0xa1b030c0 tid=5901 ready to run
05-25 15:10:59.453  1528  1588 E AudioFlinger: not enough memory for AudioTrack size=131296
05-25 15:10:59.453  1528  1588 D MemoryDealer:   AudioTrack (0xa53ff2e0, size=4194304)
05-25 15:10:59.453  1528  1588 D MemoryDealer:     0: 0xa53ff2f0 | 0x00000000 | 0x000200E0 | A 
05-25 15:10:59.453  1528  1588 D MemoryDealer:     1: 0xa53ff310 | 0x000200E0 | 0x000200E0 | A 
05-25 15:10:59.453  1528  1588 D MemoryDealer:     2: 0xa53ff000 | 0x000401C0 | 0x000200E0 | A 
05-25 15:10:59.453  1528  1588 D MemoryDealer:     3: 0xa53ff490 | 0x000602A0 | 0x000200E0 | A 
05-25 15:10:59.453  1528  1588 D MemoryDealer:     4: 0xa53ff810 | 0x00080380 | 0x000200E0 | A 
05-25 15:10:59.453  1528  1588 D MemoryDealer:     5: 0xa53ff9f0 | 0x000A0460 | 0x000200E0 | A 
05-25 15:10:59.453  1528  1588 D MemoryDealer:     6: 0xa53ffb70 | 0x000C0540 | 0x000200E0 | A 
05-25 15:10:59.453  1528  1588 D MemoryDealer:     7: 0xa53ffd10 | 0x000E0620 | 0x000200E0 | A 
05-25 15:10:59.453  1528  1588 D MemoryDealer:     8: 0xa53ffeb0 | 0x00100700 | 0x000200E0 | A 
05-25 15:10:59.453  1528  1588 D MemoryDealer:     9: 0xa4ffd090 | 0x001207E0 | 0x000200E0 | A 
05-25 15:10:59.453  1528  1588 D MemoryDealer:    10: 0xa4ffd1b0 | 0x001408C0 | 0x000200E0 | A 
05-25 15:10:59.453  1528  1588 D MemoryDealer:    11: 0xa4ffd380 | 0x001609A0 | 0x000200E0 | A 
05-25 15:10:59.453  1528  1588 D MemoryDealer:    12: 0xa558b1f0 | 0x00180A80 | 0x000200E0 | A 
05-25 15:10:59.453  1528  1588 D MemoryDealer:    13: 0xa558b380 | 0x001A0B60 | 0x000200E0 | A 
05-25 15:10:59.453  1528  1588 D MemoryDealer:    14: 0xa558b540 | 0x001C0C40 | 0x000200E0 | A 
05-25 15:10:59.453  1528  1588 D MemoryDealer:    15: 0xa558b710 | 0x001E0D20 | 0x000200E0 | A 
05-25 15:10:59.453  1528  1588 D MemoryDealer:    16: 0xa558b8e0 | 0x00200E00 | 0x000200E0 | A 
05-25 15:10:59.453  1528  1588 D MemoryDealer:    17: 0xa558ba70 | 0x00220EE0 | 0x000200E0 | A 
05-25 15:10:59.453  1528  1588 D MemoryDealer:    18: 0xa558bc40 | 0x00240FC0 | 0x000200E0 | A 
05-25 15:10:59.453  1528  1588 D MemoryDealer:    19: 0xa558bd60 | 0x002610A0 | 0x000200E0 | A 
05-25 15:10:59.453  1528  1588 D MemoryDealer:    
05-25 15:10:59.454  1528  1588 E AudioFlinger: createRecordTrack_l() initCheck failed -12; no control block?
05-25 15:10:59.454  2382  2516 E AudioRecord: AudioFlinger could not create record track, status: -12
05-25 15:10:59.455  2382  2516 E AudioRecord-JNI: Error creating AudioRecord instance: initialization check failed with status -12.
05-25 15:10:59.455  2382  2516 E android.media.AudioRecord: Error code -20 when initializing native AudioRecord object.
05-25 15:10:59.455  2382  2516 I MicrophoneInputStream: mic_started com.google.android.apps.gsa.staticplugins.aa.c@982810f
05-25 15:10:59.456  2382  2382 I MicroDetectionWorker: onReady
05-25 15:10:59.458  2382  2516 I MicrophoneInputStream: mic_close com.google.android.apps.gsa.staticplugins.aa.c@982810f
05-25 15:10:59.458  2382  2514 I MicroRecognitionRunner: Detection finished
05-25 15:10:59.459  2382  2514 W ErrorReporter: reportError [type: 211, code: 524300]: Error reading from input stream
05-25 15:10:59.459  2382  2514 W ErrorProcessor: onFatalError, processing error from engine(4)
05-25 15:10:59.459  2382  2514 W ErrorProcessor: com.google.android.apps.gsa.shared.speech.b.g: Error reading from input stream
05-25 15:10:59.459  2382  2514 W ErrorProcessor: 	at com.google.android.apps.gsa.staticplugins.recognizer.j.a.a(SourceFile:28)
05-25 15:10:59.459  2382  2514 W ErrorProcessor: 	at com.google.android.apps.gsa.staticplugins.recognizer.j.b.run(SourceFile:15)
05-25 15:10:59.459  2382  2514 W ErrorProcessor: 	at java.util.concurrent.Executors$RunnableAdapter.call(Executors.java:457)
05-25 15:10:59.459  2382  2514 W ErrorProcessor: 	at java.util.concurrent.FutureTask.run(FutureTask.java:266)
05-25 15:10:59.459  2382  2514 W ErrorProcessor: 	at com.google.android.apps.gsa.shared.util.concurrent.a.ax.run(SourceFile:14)
05-25 15:10:59.459  2382  2514 W ErrorProcessor: 	at com.google.android.apps.gsa.shared.util.concurrent.a.bl.run(SourceFile:4)
05-25 15:10:59.459  2382  2514 W ErrorProcessor: 	at com.google.android.apps.gsa.shared.util.concurrent.a.bl.run(SourceFile:4)
05-25 15:10:59.459  2382  2514 W ErrorProcessor: 	at java.util.concurrent.ThreadPoolExecutor.runWorker(ThreadPoolExecutor.java:1162)
05-25 15:10:59.459  2382  2514 W ErrorProcessor: 	at java.util.concurrent.ThreadPoolExecutor$Worker.run(ThreadPoolExecutor.java:636)
05-25 15:10:59.459  2382  2514 W ErrorProcessor: 	at java.lang.Thread.run(Thread.java:764)
05-25 15:10:59.459  2382  2514 W ErrorProcessor: 	at com.google.android.apps.gsa.shared.util.concurrent.a.ai.run(SourceFile:6)
05-25 15:10:59.459  2382  2514 W ErrorProcessor: Caused by: com.google.android.apps.gsa.shared.exception.GsaIOException: Error code: 393238 | Buffer overflow, no available space.
05-25 15:10:59.459  2382  2514 W ErrorProcessor: 	at com.google.android.apps.gsa.speech.audio.Tee.f(SourceFile:103)
05-25 15:10:59.459  2382  2514 W ErrorProcessor: 	at com.google.android.apps.gsa.speech.audio.au.read(SourceFile:2)
05-25 15:10:59.459  2382  2514 W ErrorProcessor: 	at java.io.InputStream.read(InputStream.java:101)
05-25 15:10:59.459  2382  2514 W ErrorProcessor: 	at com.google.android.apps.gsa.speech.audio.ao.run(SourceFile:18)
05-25 15:10:59.459  2382  2514 W ErrorProcessor: 	at com.google.android.apps.gsa.speech.audio.an.run(SourceFile:2)
05-25 15:10:59.459  2382  2514 W ErrorProcessor: 	... 9 more
05-25 15:10:59.459  2382  2746 I MicroRecognitionRunner: Stopping hotword detection.
05-25 15:10:59.460  2382  2514 I AudioController: internalShutdown
05-25 15:10:59.461  2382  2382 I MicroDetector: Keeping mic open: false
05-25 15:10:59.461  2382  2528 I DeviceStateChecker: DeviceStateChecker cancelled
05-25 15:10:59.461  2382  2382 I MicroDetectionWorker: #onError(false)
05-25 15:11:00.002  1681  1695 I chatty  : uid=1000(system) android.bg expire 2 lines
05-25 15:10:54.434  2382  2516 I chatty  : uid=10030(u0_a30) UserFacing0 identical 10 lines
05-25 15:10:59.456  2382  2516 E ActivityThread: Failed to find provider info for com.google.android.apps.gsa.testing.ui.audio.recorded
05-25 15:11:00.020  1681  1959 I ActivityManager: START u0 {act=android.intent.action.MAIN cat=[android.intent.category.LAUNCHER] flg=0x10000000 cmp=com.example.lodder.vcxtest/.MainActivity} from uid 2000
05-25 15:11:00.023  1440  1454 D hwcomposer: hw_composer sent 5 syncs in 60s
05-25 15:11:00.029  1791  1796 I zygote  : Do partial code cache collection, code=124KB, data=87KB
05-25 15:11:00.029  1791  1796 I zygote  : After code cache collection, code=124KB, data=87KB
05-25 15:11:00.029  1791  1796 I zygote  : Increasing code cache capacity to 512KB
05-25 15:11:00.032  1681  1729 I chatty  : uid=1000(system) android.anim expire 2 lines
05-25 15:11:00.050  1681  1959 I ActivityManager: Start proc 5911:com.example.lodder.vcxtest/u0a85 for activity com.example.lodder.vcxtest/.MainActivity
05-25 15:11:00.051  5911  5911 I zygote  : Not late-enabling -Xcheck:jni (already on)
05-25 15:11:00.059  1439  1439 D gralloc_ranchu: gralloc_alloc: Creating ashmem region of size 8298496
05-25 15:11:00.059  5911  5911 W zygote  : Unexpected CPU variant for X86 using defaults: x86
05-25 15:11:00.082  5911  5918 I zygote  : Debugger is no longer active
05-25 15:11:00.097  1681  3111 I chatty  : uid=1000(system) Binder:1681_C expire 2 lines
05-25 15:11:00.126  2382  2662 D EGL_emulation: eglMakeCurrent: 0x9a085f60: ver 3 0 (tinfo 0x9a0838c0)
05-25 15:11:00.126  2326  2430 D EGL_emulation: eglMakeCurrent: 0x9a0855a0: ver 3 0 (tinfo 0x9a083420)
05-25 15:11:00.147  2382  2382 I zygote  : Deoptimizing com.google.common.collect.ck com.google.common.collect.ck.T(java.util.Collection) due to JIT inline cache
05-25 15:11:00.167  2382  2518 E ContentStoreEUAS: Failed to commit the deferred actions
05-25 15:11:00.316  1681  1930 I chatty  : uid=1000(system) Binder:1681_6 expire 6 lines
05-25 15:11:00.372  5911  5911 D HELP    : 0
05-25 15:11:00.381  1455  1997 E SurfaceFlinger: ro.sf.lcd_density must be defined as a build property
05-25 15:11:00.381  5911  5932 D OpenGLRenderer: HWUI GL Pipeline
05-25 15:11:00.399  5911  5932 D         : HostConnection::get() New Host Connection established 0xa3598c80, tid 5932
05-25 15:11:00.401  1439  1439 D gralloc_ranchu: gralloc_alloc: Creating ashmem region of size 8298496
05-25 15:11:00.401  5911  5932 I OpenGLRenderer: Initialized EGL, version 1.4
05-25 15:11:00.401  5911  5932 D OpenGLRenderer: Swap behavior 1
05-25 15:11:00.402  5911  5932 W OpenGLRenderer: Failed to choose config with EGL_SWAP_BEHAVIOR_PRESERVED, retrying without...
05-25 15:11:00.402  5911  5932 D OpenGLRenderer: Swap behavior 0
05-25 15:11:00.408  1439  1439 D gralloc_ranchu: gralloc_alloc: Creating ashmem region of size 8298496
05-25 15:11:00.408  5911  5932 D EGL_emulation: eglCreateContext: 0x9787d6e0: maj 3 min 0 rcv 3
05-25 15:11:00.415  1439  1439 D gralloc_ranchu: gralloc_alloc: Creating ashmem region of size 8298496
05-25 15:11:00.419  5911  5932 D EGL_emulation: eglMakeCurrent: 0x9787d6e0: ver 3 0 (tinfo 0x97874f70)
05-25 15:11:00.451  5911  5931 D Callback called: xcommand_handle=10, err=0, config=null
05-25 15:11:00.452  5911  5932 D EGL_emulation: eglMakeCurrent: 0x9787d6e0: ver 3 0 (tinfo 0x97874f70)
05-25 15:11:00.496  1681  1703 I chatty  : uid=1000(system) android.display expire 1 line
05-25 15:11:00.890  1455  1455 W SurfaceFlinger: couldn't log to binary event log: overflow.
05-25 15:11:00.890  1455  1455 W SurfaceFlinger: couldn't log to binary event log: overflow.
05-25 15:11:00.967  2382  2516 I PBSessionCacheImpl: Deleted sessionId[358870207885] from persistence.
05-25 15:11:00.971  2382  2382 I zygote  : Deoptimizing boolean com.google.android.apps.gsa.shared.util.BitFlags.m(long, long) due to JIT inline cache
05-25 15:11:00.977  2382  2382 W SearchService: Abort, client detached.
05-25 15:11:00.980  2382  2382 E WorkerRegistryImpl: getWorker() is called after WorkerRegistry disposal.
05-25 15:11:00.980  2382  2382 E WorkerRegistryImpl: getWorker() is called after WorkerRegistry disposal.
05-25 15:11:00.989  2263  2490 I zygote  : Deoptimizing void com.google.android.gms.common.api.internal.BasePendingResult.c(mqu) due to JIT inline cache
05-25 15:11:01.005  2263  2896 I Places  : ?: PlacesBleScanner stop()
05-25 15:11:01.005  2263  2263 I BeaconBle: Scan : No clients left, canceling alarm.
05-25 15:11:01.006  2263  2263 I BeaconBle: Scan canceled successfully.
05-25 15:11:01.009  2382  2388 I zygote  : Do partial code cache collection, code=490KB, data=325KB
05-25 15:11:01.009  2382  2388 I zygote  : After code cache collection, code=489KB, data=324KB
05-25 15:11:01.009  2382  2388 I zygote  : Increasing code cache capacity to 2MB
05-25 15:11:01.010  2263  2896 I PlaceInferenceEngine: [anon] Changed inference mode: 0
05-25 15:11:01.011  2263  2738 W GCoreFlp: No location to return for getLastLocation()
05-25 15:11:01.019  2263  2263 I GeofencerStateMachine: removeGeofences: removeRequest=RemoveGeofencingRequest[REMOVE_BY_PENDING_INTENT pendingIntent=PendingIntent[creatorPackage=com.google.android.gms], packageName=null]
05-25 15:11:01.069  1681  2321 I chatty  : uid=1000(system) Binder:1681_8 expire 67 lines
05-25 15:11:02.302  5957  5957 W run-as  : type=1400 audit(0.0:162): avc: granted { use } for path="/dev/pts/0" dev="devpts" ino=3 scontext=u:r:runas:s0 tcontext=u:r:adbd:s0 tclass=fd
05-25 15:11:02.302  5957  5957 I chatty  : uid=2000(shell) /system/bin/run-as identical 2 lines
05-25 15:11:02.302  5957  5957 W run-as  : type=1400 audit(0.0:164): avc: granted { use } for path="/dev/pts/0" dev="devpts" ino=3 scontext=u:r:runas:s0 tcontext=u:r:adbd:s0 tclass=fd
05-25 15:11:02.302  5957  5957 W run-as  : type=1400 audit(0.0:165): avc: granted { use } for path="/dev/goldfish_pipe" dev="tmpfs" ino=6217 scontext=u:r:runas:s0 tcontext=u:r:adbd:s0 tclass=fd
05-25 15:11:02.302  5957  5957 W run-as  : type=1400 audit(0.0:166): avc: granted { use } for path="socket:[5551]" dev="sockfs" ino=5551 scontext=u:r:runas:s0 tcontext=u:r:adbd:s0 tclass=fd
05-25 15:11:02.302  5957  5957 W run-as  : type=1400 audit(0.0:167): avc: granted { use } for path="/dev/goldfish_pipe" dev="tmpfs" ino=6217 scontext=u:r:runas:s0 tcontext=u:r:adbd:s0 tclass=fd
05-25 15:11:02.302  5957  5957 W run-as  : type=1400 audit(0.0:168): avc: granted { use } for path="/dev/pts/0" dev="devpts" ino=3 scontext=u:r:runas:s0 tcontext=u:r:adbd:s0 tclass=fd
05-25 15:11:02.302  5957  5957 W run-as  : type=1400 audit(0.0:170): avc: granted { use } for path="/dev/pts/0" dev="devpts" ino=3 scontext=u:r:runas:s0 tcontext=u:r:adbd:s0 tclass=fd
05-25 15:11:02.312  5957  5957 W run-as  : type=1400 audit(0.0:171): avc: granted { read } for name="packages.list" dev="dm-0" ino=16629 scontext=u:r:runas:s0 tcontext=u:object_r:system_data_file:s0 tclass=file
05-25 15:11:02.312  5957  5957 W run-as  : type=1400 audit(0.0:172): avc: granted { read } for path="/data/system/packages.list" dev="dm-0" ino=16629 scontext=u:r:runas:s0 tcontext=u:object_r:system_data_file:s0 tclass=file
05-25 15:11:02.312  5957  5957 W run-as  : type=1400 audit(0.0:173): avc: granted { getattr } for path="/data/system/packages.list" dev="dm-0" ino=16629 scontext=u:r:runas:s0 tcontext=u:object_r:system_data_file:s0 tclass=file
05-25 15:11:02.312  5957  5957 W run-as  : type=1400 audit(0.0:174): avc: granted { getattr } for path="/data/user/0" dev="dm-0" ino=36647 scontext=u:r:runas:s0 tcontext=u:object_r:system_data_file:s0 tclass=lnk_file
05-25 15:11:02.312  5957  5957 W run-as  : type=1400 audit(0.0:175): avc: granted { read } for name="0" dev="dm-0" ino=36647 scontext=u:r:runas:s0 tcontext=u:object_r:system_data_file:s0 tclass=lnk_file
05-25 15:11:02.322  5958  5958 W run-as  : type=1400 audit(0.0:176): avc: granted { use } for path="/dev/pts/0" dev="devpts" ino=3 scontext=u:r:runas:s0 tcontext=u:r:adbd:s0 tclass=fd
05-25 15:11:02.322  5958  5958 I chatty  : uid=1036(auditd) identical 2 lines
05-25 15:11:02.322  5958  5958 W run-as  : type=1400 audit(0.0:178): avc: granted { use } for path="/dev/pts/0" dev="devpts" ino=3 scontext=u:r:runas:s0 tcontext=u:r:adbd:s0 tclass=fd
05-25 15:11:02.322  5958  5958 W run-as  : type=1400 audit(0.0:179): avc: granted { use } for path="/dev/goldfish_pipe" dev="tmpfs" ino=6217 scontext=u:r:runas:s0 tcontext=u:r:adbd:s0 tclass=fd
05-25 15:11:02.322  5958  5958 W run-as  : type=1400 audit(0.0:180): avc: granted { use } for path="socket:[5551]" dev="sockfs" ino=5551 scontext=u:r:runas:s0 tcontext=u:r:adbd:s0 tclass=fd
05-25 15:11:02.322  5958  5958 W run-as  : type=1400 audit(0.0:181): avc: granted { use } for path="/dev/goldfish_pipe" dev="tmpfs" ino=6217 scontext=u:r:runas:s0 tcontext=u:r:adbd:s0 tclass=fd
05-25 15:11:02.322  5958  5958 W run-as  : type=1400 audit(0.0:182): avc: granted { use } for path="/dev/pts/0" dev="devpts" ino=3 scontext=u:r:runas:s0 tcontext=u:r:adbd:s0 tclass=fd
05-25 15:11:02.322  5958  5958 W run-as  : type=1400 audit(0.0:184): avc: granted { use } for path="/dev/pts/0" dev="devpts" ino=3 scontext=u:r:runas:s0 tcontext=u:r:adbd:s0 tclass=fd
05-25 15:11:02.322  5958  5958 W run-as  : type=1400 audit(0.0:185): avc: granted { read } for name="packages.list" dev="dm-0" ino=16629 scontext=u:r:runas:s0 tcontext=u:object_r:system_data_file:s0 tclass=file
05-25 15:11:02.322  5958  5958 W run-as  : type=1400 audit(0.0:186): avc: granted { read } for path="/data/system/packages.list" dev="dm-0" ino=16629 scontext=u:r:runas:s0 tcontext=u:object_r:system_data_file:s0 tclass=file
05-25 15:11:02.322  5958  5958 W run-as  : type=1400 audit(0.0:187): avc: granted { getattr } for path="/data/system/packages.list" dev="dm-0" ino=16629 scontext=u:r:runas:s0 tcontext=u:object_r:system_data_file:s0 tclass=file
05-25 15:11:02.322  5958  5958 W run-as  : type=1400 audit(0.0:188): avc: granted { getattr } for path="/data/user/0" dev="dm-0" ino=36647 scontext=u:r:runas:s0 tcontext=u:object_r:system_data_file:s0 tclass=lnk_file
05-25 15:11:02.322  5958  5958 W run-as  : type=1400 audit(0.0:189): avc: granted { read } for name="0" dev="dm-0" ino=36647 scontext=u:r:runas:s0 tcontext=u:object_r:system_data_file:s0 tclass=lnk_file
05-25 15:11:02.332  5960  5960 W run-as  : type=1400 audit(0.0:190): avc: granted { use } for path="/dev/pts/0" dev="devpts" ino=3 scontext=u:r:runas:s0 tcontext=u:r:adbd:s0 tclass=fd
05-25 15:11:02.332  5960  5960 W run-as  : type=1400 audit(0.0:191): avc: granted { use } for path="/dev/pts/0" dev="devpts" ino=3 scontext=u:r:runas:s0 tcontext=u:r:adbd:s0 tclass=fd
05-25 15:11:02.332  5960  5960 W run-as  : type=1400 audit(0.0:192): avc: granted { use } for path="/dev/goldfish_pipe" dev="tmpfs" ino=6217 scontext=u:r:runas:s0 tcontext=u:r:adbd:s0 tclass=fd
05-25 15:11:02.332  5960  5960 W run-as  : type=1400 audit(0.0:193): avc: granted { use } for path="socket:[5551]" dev="sockfs" ino=5551 scontext=u:r:runas:s0 tcontext=u:r:adbd:s0 tclass=fd
05-25 15:11:02.332  5960  5960 W run-as  : type=1400 audit(0.0:194): avc: granted { use } for path="/dev/goldfish_pipe" dev="tmpfs" ino=6217 scontext=u:r:runas:s0 tcontext=u:r:adbd:s0 tclass=fd
05-25 15:11:02.332  5960  5960 W run-as  : type=1400 audit(0.0:195): avc: granted { use } for path="/dev/pts/0" dev="devpts" ino=3 scontext=u:r:runas:s0 tcontext=u:r:adbd:s0 tclass=fd
05-25 15:11:02.332  5960  5960 W run-as  : type=1400 audit(0.0:196): avc: granted { use } for path="/dev/pts/0" dev="devpts" ino=3 scontext=u:r:runas:s0 tcontext=u:r:adbd:s0 tclass=fd
05-25 15:11:02.332  5960  5960 W run-as  : type=1400 audit(0.0:197): avc: granted { read } for name="packages.list" dev="dm-0" ino=16629 scontext=u:r:runas:s0 tcontext=u:object_r:system_data_file:s0 tclass=file
05-25 15:11:03.352  5970  5970 W run-as  : type=1400 audit(0.0:202): avc: granted { use } for path="/dev/pts/0" dev="devpts" ino=3 scontext=u:r:runas:s0 tcontext=u:r:adbd:s0 tclass=fd
05-25 15:11:03.352  5970  5970 I chatty  : uid=2000(shell) /system/bin/run-as identical 2 lines
05-25 15:11:03.352  5970  5970 W run-as  : type=1400 audit(0.0:204): avc: granted { use } for path="/dev/pts/0" dev="devpts" ino=3 scontext=u:r:runas:s0 tcontext=u:r:adbd:s0 tclass=fd
05-25 15:11:03.352  5970  5970 W run-as  : type=1400 audit(0.0:205): avc: granted { use } for path="/dev/goldfish_pipe" dev="tmpfs" ino=6217 scontext=u:r:runas:s0 tcontext=u:r:adbd:s0 tclass=fd
05-25 15:11:03.352  5970  5970 W run-as  : type=1400 audit(0.0:206): avc: granted { use } for path="socket:[5551]" dev="sockfs" ino=5551 scontext=u:r:runas:s0 tcontext=u:r:adbd:s0 tclass=fd
05-25 15:11:03.352  5970  5970 W run-as  : type=1400 audit(0.0:207): avc: granted { use } for path="/dev/goldfish_pipe" dev="tmpfs" ino=6217 scontext=u:r:runas:s0 tcontext=u:r:adbd:s0 tclass=fd
05-25 15:11:03.352  5970  5970 W run-as  : type=1400 audit(0.0:208): avc: granted { use } for path="/dev/pts/0" dev="devpts" ino=3 scontext=u:r:runas:s0 tcontext=u:r:adbd:s0 tclass=fd
05-25 15:11:03.352  5970  5970 W run-as  : type=1400 audit(0.0:210): avc: granted { use } for path="/dev/pts/0" dev="devpts" ino=3 scontext=u:r:runas:s0 tcontext=u:r:adbd:s0 tclass=fd
05-25 15:11:03.352  5970  5970 W run-as  : type=1400 audit(0.0:211): avc: granted { read } for name="packages.list" dev="dm-0" ino=16629 scontext=u:r:runas:s0 tcontext=u:object_r:system_data_file:s0 tclass=file
05-25 15:11:03.352  5970  5970 W run-as  : type=1400 audit(0.0:212): avc: granted { read } for path="/data/system/packages.list" dev="dm-0" ino=16629 scontext=u:r:runas:s0 tcontext=u:object_r:system_data_file:s0 tclass=file
05-25 15:11:03.352  5970  5970 W run-as  : type=1400 audit(0.0:213): avc: granted { getattr } for path="/data/system/packages.list" dev="dm-0" ino=16629 scontext=u:r:runas:s0 tcontext=u:object_r:system_data_file:s0 tclass=file
05-25 15:11:03.352  5970  5970 W run-as  : type=1400 audit(0.0:214): avc: granted { getattr } for path="/data/user/0" dev="dm-0" ino=36647 scontext=u:r:runas:s0 tcontext=u:object_r:system_data_file:s0 tclass=lnk_file
05-25 15:11:03.352  5970  5970 W run-as  : type=1400 audit(0.0:215): avc: granted { read } for name="0" dev="dm-0" ino=36647 scontext=u:r:runas:s0 tcontext=u:object_r:system_data_file:s0 tclass=lnk_file
05-25 15:11:03.362  5971  5971 W run-as  : type=1400 audit(0.0:216): avc: granted { use } for path="/dev/pts/0" dev="devpts" ino=3 scontext=u:r:runas:s0 tcontext=u:r:adbd:s0 tclass=fd
05-25 15:11:03.362  5971  5971 I chatty  : uid=1036(auditd) identical 1 line
05-25 15:11:03.362  5971  5971 W run-as  : type=1400 audit(0.0:218): avc: granted { use } for path="/dev/pts/0" dev="devpts" ino=3 scontext=u:r:runas:s0 tcontext=u:r:adbd:s0 tclass=fd
05-25 15:11:03.362  5971  5971 W run-as  : type=1400 audit(0.0:219): avc: granted { use } for path="/dev/goldfish_pipe" dev="tmpfs" ino=6217 scontext=u:r:runas:s0 tcontext=u:r:adbd:s0 tclass=fd
05-25 15:11:03.362  5971  5971 W run-as  : type=1400 audit(0.0:220): avc: granted { use } for path="socket:[5551]" dev="sockfs" ino=5551 scontext=u:r:runas:s0 tcontext=u:r:adbd:s0 tclass=fd
05-25 15:11:03.362  5971  5971 W run-as  : type=1400 audit(0.0:221): avc: granted { use } for path="/dev/goldfish_pipe" dev="tmpfs" ino=6217 scontext=u:r:runas:s0 tcontext=u:r:adbd:s0 tclass=fd
05-25 15:11:03.419  2760  3650 D StudioProfiler: GetAddDataPath /data/data/com.example.lodder.vcxtest
05-25 15:11:03.440  5911  5911 V StudioProfiler: StudioProfilers agent attached.
05-25 15:11:03.446  5981  5981 E libc    : Access denied finding property "ro.serialno"
05-25 15:11:03.475  5911  5989 V StudioProfiler: Acquiring Application for Events
05-25 15:11:03.507  5911  5911 V StudioProfiler: Transformed class: java/net/URL
05-25 15:11:03.508  5911  5911 W zygote  : Current dex file has more than one class in it. Calling RetransformClasses on this class might fail if no transformations are applied to it!
05-25 15:11:03.541  1681  1781 E TaskPersister: File error accessing recents directory (directory doesn't exist?).
05-25 15:11:03.941  5911  5911 V StudioProfiler: Memory control stream started.
05-25 15:11:04.460  5911  5995 V StudioProfiler: Live memory tracking disabled.
05-25 15:11:04.462  5911  5995 V StudioProfiler: Live memory tracking enabled.
05-25 15:11:04.462  5911  5995 V StudioProfiler: JNIEnv not attached
05-25 15:11:04.474  5911  5995 V StudioProfiler: Loaded classes: 4967
05-25 15:11:04.547  5911  5995 V StudioProfiler: Tracking initialization took: 85561500ns
05-25 15:11:05.871  1681  1699 E BatteryStatsService: modem info is invalid: ModemActivityInfo{ mTimestamp=0 mSleepTimeMs=0 mIdleTimeMs=0 mTxTimeMs[]=[0, 0, 0, 0, 0] mRxTimeMs=0 mEnergyUsed=0}
05-25 15:11:05.981  2382  2528 I EventLogSendingHelper: Sending log events.
05-25 15:11:06.010  2263  2263 I BeaconBle: Scan : No clients left, canceling alarm.
05-25 15:11:06.031  2382  2528 W GoogleTagManager: Failed to extract the container from the resource file. Resource is a UTF-8 encoded string but doesn't contain a JSON container
05-25 15:11:06.032  1452  1452 I boot-pipe: done populating /dev/random
05-25 15:11:06.071  2382  2528 E GoogleTagManager: Invalid macro: _gtm.loadEventEnabled
05-25 15:11:06.117  1681  1959 I chatty  : uid=1000(system) Binder:1681_7 expire 30 lines
05-25 15:11:06.137  2382  6026 E GoogleTagManager: Invalid macro: _gtm.loadEventEnabled
05-25 15:11:06.138  2382  2382 E GoogleTagManager: getContainerId called on a released ContainerHolder.
05-25 15:11:09.625  1681  2321 I chatty  : uid=1000(system) Binder:1681_8 expire 41 lines
05-25 15:11:10.381  1681  1930 I chatty  : uid=1000(system) Binder:1681_6 expire 54 lines
05-25 15:11:11.028  1681  1695 I chatty  : uid=1000(system) android.bg expire 4 lines
05-25 15:11:21.681  2142  3579 I Dialer  : OmtpVvmCarrierCfgHlpr - OmtpEvent:CONFIG_STATUS_SMS_TIME_OUT
05-25 15:11:21.681  2142  2142 I Dialer  : RetryPolicy - discarding deferred status: configuration_state=4
05-25 15:11:21.682  2142  2142 I Dialer  : VvmTaskExecutor - no more tasks, stopping service if no task are added in 5000 millis
05-25 15:11:21.685  2142  2142 I Dialer  : VvmTaskReceiver - task received
05-25 15:11:21.685  2142  2142 I Dialer  : VvmTaskReceiver - TaskExecutor already running
05-25 15:11:21.685  2142  2142 I Dialer  : Task.createTask - create task:com.android.voicemail.impl.ActivationTask
05-25 15:11:21.685  2142  2142 I Dialer  : RetryPolicy - retry #4 for com.android.voicemail.impl.ActivationTask@6971ba9 queued, executing in 5000
05-25 15:11:21.685  2142  2142 I Dialer  : VvmTaskExecutor - com.android.voicemail.impl.ActivationTask@6971ba9 added
05-25 15:11:21.685  2142  2142 I Dialer  : VvmTaskExecutor - minimal wait time:5000
05-25 15:11:21.685  2142  2142 I Dialer  : VvmTaskExecutor - sleep for 5000 millis
05-25 15:11:21.700  1681  1930 I chatty  : uid=1000(system) Binder:1681_6 expire 20 lines
05-25 15:11:23.961  1681  3111 I chatty  : uid=1000(system) Binder:1681_C expire 68 lines
05-25 15:11:26.691  2142  3579 I Dialer  : VvmTaskExecutor - executing task com.android.voicemail.impl.ActivationTask@6971ba9
05-25 15:11:26.692  2142  3579 I Dialer  : PreOMigrationHandler - ComponentInfo{com.android.phone/com.android.services.telephony.TelephonyConnectionService}, [e2f7d48dd2b5ca523e7313cf4ba0f6ea830b6281], UserHandle{0} already migrated
05-25 15:11:26.715  2142  3579 I Dialer  : VvmActivationTask - VVM content provider configured - vvm_type_cvvm
05-25 15:11:26.715  2142  3579 I Dialer  : OmtpVvmCarrierCfgHlpr - OmtpEvent:CONFIG_ACTIVATING
05-25 15:11:26.722  2142  3579 I Dialer  : TelephonyMangerCompat.setVisualVoicemailSmsFilterSettings - using TelephonyManager
05-25 15:11:26.725  2142  3579 I Dialer  : TelephonyMangerCompat.sendVisualVoicemailSms - using TelephonyManager
05-25 15:11:31.010  2382  2742 W GmsLocationProvider: Error removing location updates: 16
05-25 15:11:31.500  1681  1959 I chatty  : uid=1000(system) Binder:1681_7 expire 66 lines
05-25 15:11:41.312  1681  3111 I chatty  : uid=1000(system) Binder:1681_C expire 124 lines
05-25 15:11:41.731  1681  1695 I chatty  : uid=1000(system) android.bg expire 6 lines
05-25 15:12:00.019  1440  1454 D hwcomposer: hw_composer sent 5 syncs in 60s
05-25 15:12:00.156  1681  1959 I chatty  : uid=1000(system) Binder:1681_7 expire 10 lines
05-25 15:12:00.664  1681  1930 I chatty  : uid=1000(system) Binder:1681_6 expire 50 lines
05-25 15:12:05.340  3234  3304 I PlayCommon: [175] PlayEventLogger.uploadEventsImpl: Preparing logs for uploading
05-25 15:12:05.347  3234  3304 W PlayCommon: [175] PlayEventLogger.getAuthToken: No account for auth token provided
05-25 15:12:05.347  3234  3304 I PlayCommon: [175] PlayEventLogger.uploadLog: Connecting to server: https://play.googleapis.com/play/log?format=raw&proto_v2=true
05-25 15:12:05.348  3234  3304 D NetworkSecurityConfig: No Network Security Config specified, using platform default
05-25 15:12:05.543  3234  3304 I PlayCommon: [175] PlayEventLogger.handleResponse: Successfully uploaded logs.
05-25 15:12:05.694  1681  2321 I chatty  : uid=1000(system) Binder:1681_8 expire 144 lines
05-25 15:12:06.034  1452  1452 I boot-pipe: done populating /dev/random
05-25 15:12:15.245  1681  3111 I chatty  : uid=1000(system) Binder:1681_C expire 2 lines
05-25 15:12:24.043  1681  1930 I chatty  : uid=1000(system) Binder:1681_6 expire 68 lines
05-25 15:12:26.735  2142  3579 I Dialer  : OmtpVvmCarrierCfgHlpr - OmtpEvent:CONFIG_STATUS_SMS_TIME_OUT
05-25 15:12:26.736  2142  2142 I Dialer  : RetryPolicy - Retry limit for com.android.voicemail.impl.ActivationTask@6971ba9 reached
05-25 15:12:26.736  2142  2142 I Dialer  : RetryPolicy - committing deferred status: configuration_state=4
05-25 15:12:26.748  2142  2142 I Dialer  : VvmTaskExecutor - no more tasks, stopping service if no task are added in 5000 millis
05-25 15:12:31.750  2142  2142 I Dialer  : VvmTaskExecutor - Stopping service
05-25 15:12:31.750  2142  2142 I Dialer  : VvmTaskExecutor - finishing Job
05-25 15:12:31.750  2142  2142 I Dialer  : TaskSchedulerJobService - finishing job
05-25 15:12:31.752  2142  2142 I Dialer  : JobFinishedPoller.run - Job finished
05-25 15:12:31.752  2142  2142 I Dialer  : VvmTaskExecutor - terminated
05-25 15:12:31.827  1681  1693 I chatty  : uid=1000(system) Binder:1681_2 expire 30 lines
05-25 15:12:35.348  1681  1959 I chatty  : uid=1000(system) Binder:1681_7 expire 126 lines
05-25 15:12:46.645  1681  1930 I chatty  : uid=1000(system) Binder:1681_6 expire 48 lines
05-25 15:12:05.795  1681  1699 E BatteryStatsService: modem info is invalid: ModemActivityInfo{ mTimestamp=0 mSleepTimeMs=0 mIdleTimeMs=0 mTxTimeMs[]=[0, 0, 0, 0, 0] mRxTimeMs=0 mEnergyUsed=0}
05-25 15:12:46.785  1681  1930 I ActivityManager: Killing 3551:com.android.cellbroadcastreceiver/u0a5 (adj 906): empty #17
05-25 15:13:00.002  1681  1695 I chatty  : uid=1000(system) android.bg expire 4 lines
05-25 15:13:00.023  1440  1454 D hwcomposer: hw_composer sent 5 syncs in 60s
05-25 15:13:00.219  1681  1930 I chatty  : uid=1000(system) Binder:1681_6 expire 23 lines
05-25 15:13:01.728  1681  1959 I chatty  : uid=1000(system) Binder:1681_7 expire 32 lines
05-25 15:13:06.035  1452  1452 I boot-pipe: done populating /dev/random
05-25 15:13:07.008  1681  1930 W android.os.Debug: failed to get memory consumption info: -1
05-25 15:13:07.257  1681  1930 E memtrack: Couldn't load memtrack module
05-25 15:13:07.257  1681  1930 W android.os.Debug: failed to get memory consumption info: -1
05-25 15:13:07.509  1681  1930 E memtrack: Couldn't load memtrack module
05-25 15:13:07.509  1681  1930 W android.os.Debug: failed to get memory consumption info: -1
05-25 15:13:07.757  1681  1930 E memtrack: Couldn't load memtrack module
05-25 15:13:07.757  1681  1930 W android.os.Debug: failed to get memory consumption info: -1
05-25 15:13:08.010  1681  1930 E memtrack: Couldn't load memtrack module
05-25 15:13:08.010  1681  1930 W android.os.Debug: failed to get memory consumption info: -1
05-25 15:13:08.264  1681  1930 E memtrack: Couldn't load memtrack module
05-25 15:13:08.264  1681  1930 W android.os.Debug: failed to get memory consumption info: -1
05-25 15:13:08.517  1681  1930 E memtrack: Couldn't load memtrack module
05-25 15:13:08.517  1681  1930 W android.os.Debug: failed to get memory consumption info: -1
05-25 15:13:08.761  1681  1959 E memtrack: Couldn't load memtrack module
05-25 15:13:08.761  1681  1959 W android.os.Debug: failed to get memory consumption info: -1
05-25 15:13:09.017  1681  1959 E memtrack: Couldn't load memtrack module
05-25 15:13:09.017  1681  1959 W android.os.Debug: failed to get memory consumption info: -1
05-25 15:13:09.268  1681  1959 E memtrack: Couldn't load memtrack module
05-25 15:13:09.268  1681  1959 W android.os.Debug: failed to get memory consumption info: -1
05-25 15:13:09.520  1681  1959 E memtrack: Couldn't load memtrack module
05-25 15:13:09.520  1681  1959 W android.os.Debug: failed to get memory consumption info: -1
05-25 15:13:09.772  1681  1959 E memtrack: Couldn't load memtrack module
05-25 15:13:09.772  1681  1959 W android.os.Debug: failed to get memory consumption info: -1
05-25 15:13:10.024  1681  1959 E memtrack: Couldn't load memtrack module
05-25 15:13:10.024  1681  1959 W android.os.Debug: failed to get memory consumption info: -1
05-25 15:13:10.275  1681  1959 E memtrack: Couldn't load memtrack module
05-25 15:13:10.275  1681  1959 W android.os.Debug: failed to get memory consumption info: -1
05-25 15:13:10.527  1681  1959 E memtrack: Couldn't load memtrack module
05-25 15:13:10.527  1681  1959 W android.os.Debug: failed to get memory consumption info: -1
05-25 15:13:10.777  1681  1959 E memtrack: Couldn't load memtrack module
05-25 15:13:10.777  1681  1959 W android.os.Debug: failed to get memory consumption info: -1
05-25 15:13:11.028  1681  1959 E memtrack: Couldn't load memtrack module
05-25 15:13:11.028  1681  1959 W android.os.Debug: failed to get memory consumption info: -1
05-25 15:13:11.282  1681  1959 E memtrack: Couldn't load memtrack module
05-25 15:13:11.282  1681  1959 W android.os.Debug: failed to get memory consumption info: -1
05-25 15:13:11.533  1681  1959 E memtrack: Couldn't load memtrack module
05-25 15:13:11.533  1681  1959 W android.os.Debug: failed to get memory consumption info: -1
05-25 15:13:11.784  1681  1959 E memtrack: Couldn't load memtrack module
05-25 15:13:11.784  1681  1959 W android.os.Debug: failed to get memory consumption info: -1
05-25 15:13:12.037  1681  1959 E memtrack: Couldn't load memtrack module
05-25 15:13:12.037  1681  1959 W android.os.Debug: failed to get memory consumption info: -1
05-25 15:13:12.288  1681  1959 E memtrack: Couldn't load memtrack module
05-25 15:13:12.288  1681  1959 W android.os.Debug: failed to get memory consumption info: -1
05-25 15:13:12.536  1681  1959 E memtrack: Couldn't load memtrack module
05-25 15:13:12.537  1681  1959 W android.os.Debug: failed to get memory consumption info: -1
05-25 15:13:12.794  1681  1959 E memtrack: Couldn't load memtrack module
05-25 15:13:12.794  1681  1959 W android.os.Debug: failed to get memory consumption info: -1
05-25 15:13:13.045  1681  1959 E memtrack: Couldn't load memtrack module
05-25 15:13:13.045  1681  1959 W android.os.Debug: failed to get memory consumption info: -1
05-25 15:13:13.296  1681  1959 E memtrack: Couldn't load memtrack module
05-25 15:13:13.296  1681  1959 W android.os.Debug: failed to get memory consumption info: -1
05-25 15:13:13.549  1681  1959 E memtrack: Couldn't load memtrack module
05-25 15:13:13.549  1681  1959 W android.os.Debug: failed to get memory consumption info: -1
05-25 15:13:13.798  1681  1959 E memtrack: Couldn't load memtrack module
05-25 15:13:13.798  1681  1959 W android.os.Debug: failed to get memory consumption info: -1
05-25 15:13:14.050  1681  1959 E memtrack: Couldn't load memtrack module
05-25 15:13:14.050  1681  1959 W android.os.Debug: failed to get memory consumption info: -1
