05-25 15:07:03.500  2263  2490 I zygote  : Deoptimizing void com.google.android.gms.common.api.internal.BasePendingResult.c(mqu) due to JIT inline cache
05-25 15:07:03.508  2263  2698 I GCoreUlr: DispatchingService ignoring Intent { act=android.net.wifi.WIFI_STATE_CHANGED flg=0x4000010 (has extras) } because ULR inactive
05-25 15:07:03.511  2263  2263 I GCoreUlr: Stopping handler for UlrDispSvcFast
05-25 15:07:03.512  2263  2263 I GCoreUlr: Unbound from all location providers
05-25 15:07:03.517  2538  2538 I CastSocket: 26 >= 18. Adding new CastClientAuthKeyManager.
05-25 15:07:03.520  2538  2538 I DiscoveryManager: WifiGuestModeDeviceScanner enabled.
05-25 15:07:03.523  2538  2538 V MediaRouter: Adding route: RouteInfo{ name=Phone, description=null, status=null, category=RouteCategory{ name=System types=ROUTE_TYPE_LIVE_AUDIO ROUTE_TYPE_LIVE_VIDEO  groupable=false }, supportedTypes=ROUTE_TYPE_LIVE_AUDIO ROUTE_TYPE_LIVE_VIDEO , presentationDisplay=null }
05-25 15:07:03.524  2538  2538 V MediaRouter: Selecting route: RouteInfo{ name=Phone, description=null, status=null, category=RouteCategory{ name=System types=ROUTE_TYPE_LIVE_AUDIO ROUTE_TYPE_LIVE_VIDEO  groupable=false }, supportedTypes=ROUTE_TYPE_LIVE_AUDIO ROUTE_TYPE_LIVE_VIDEO , presentationDisplay=null }
05-25 15:07:03.527  2538  2538 I MediaRouter: Found default route: MediaRouter.RouteInfo{ uniqueId=android/aci:DEFAULT_ROUTE, name=Phone, description=null, iconUri=null, enabled=true, connecting=false, connectionState=0, canDisconnect=false, playbackType=0, playbackStream=3, deviceType=0, volumeHandling=1, volume=11, volumeMax=15, presentationDisplayId=-1, extras=null, settingsIntent=null, providerPackageName=android }
05-25 15:07:03.527  2538  2538 I MediaRouter: Unselecting the current route because it is no longer selectable: null
05-25 15:07:03.539  3551  3551 W zygote  : Unexpected CPU variant for X86 using defaults: x86
05-25 15:07:03.548  1681  2623 I ActivityManager: Start proc 3551:com.android.cellbroadcastreceiver/u0a5 for broadcast com.android.cellbroadcastreceiver/.CellBroadcastReceiver
05-25 15:07:03.556  3551  3558 E zygote  : Failed sending reply to debugger: Broken pipe
05-25 15:07:03.556  3551  3558 I zygote  : Debugger is no longer active
05-25 15:07:03.564  2538  2993 I Vision  : Supported ABIS: [x86]
05-25 15:07:03.565  2538  2538 V MediaRouter: Selecting route: RouteInfo{ name=Phone, description=null, status=null, category=RouteCategory{ name=System types=ROUTE_TYPE_LIVE_AUDIO ROUTE_TYPE_LIVE_VIDEO  groupable=false }, supportedTypes=ROUTE_TYPE_LIVE_AUDIO ROUTE_TYPE_LIVE_VIDEO , presentationDisplay=null }
05-25 15:07:03.567  3551  3551 D CellBroadcastReceiver: onReceive Intent { act=android.telephony.action.CARRIER_CONFIG_CHANGED flg=0x5000010 cmp=com.android.cellbroadcastreceiver/.CellBroadcastReceiver (has extras) }
05-25 15:07:03.568  3551  3551 D CellBroadcastReceiver: Start Cell Broadcast configuration.
05-25 15:07:03.570  3551  3551 D CellBroadcastReceiver: Default interval 0 did not change.
05-25 15:07:03.570  1907  1907 D OtaspSimStateReceiver: Received intent: android.telephony.action.CARRIER_CONFIG_CHANGED
05-25 15:07:03.571  1907  1907 D OtaspSimStateReceiver: otasp activation not needed: no supported carrier
05-25 15:07:03.571  1907  1907 I VvmSimStateTracker: android.telephony.action.CARRIER_CONFIG_CHANGED
05-25 15:07:03.573  2263  2691 W WearableService: onGetService - Wear is not available on this device.
05-25 15:07:03.573  1907  1907 I VvmSimStateTracker: Service connected on ComponentInfo{com.android.phone/com.android.services.telephony.TelephonyConnectionService}, [e2f7d48dd2b5ca523e7313cf4ba0f6ea830b6281], UserHandle{0}
05-25 15:07:03.576  1907  1907 I RemoteVvmTaskManager: Binding to ComponentInfo{com.google.android.dialer/com.android.voicemail.impl.OmtpService}
05-25 15:07:03.578  2538  2538 I CmaSystemUpdateService: connectivity change: Intent { act=android.net.conn.CONNECTIVITY_CHANGE flg=0x4000010 (has extras) }
05-25 15:07:03.578  2538  2538 I CmaSystemUpdateService: receiver: Intent { act=android.net.conn.CONNECTIVITY_CHANGE flg=0x4000010 (has extras) }
05-25 15:07:03.578  2142  2142 I Dialer  : VvmOmtpService - onCellServiceConnected
05-25 15:07:03.583  3551  3574 D CellBroadcastConfigService: Enable CellBroadcast on sub 1
05-25 15:07:03.588  1907  1926 D IccSmsInterfaceManager: [IccSmsInterfaceManager] Calling setCdmaBroadcastConfig with 1 configurations
05-25 15:07:03.589  1907  1926 D IccSmsInterfaceManager: [IccSmsInterfaceManager] Failed to add cdma broadcast subscription for MID range 4096 to 4096 from client com.android.cellbroadcastreceiver
05-25 15:07:03.593  2538  3517 E MDM     : [196] zmp.a: Couldn't connect to Google API client: mmb{statusCode=API_UNAVAILABLE, resolution=null, message=null}
05-25 15:07:03.594  1907  2107 D IccSmsInterfaceManager: [IccSmsInterfaceManager] Calling setCdmaBroadcastConfig with 1 configurations
05-25 15:07:03.595  1907  2107 D IccSmsInterfaceManager: [IccSmsInterfaceManager] Failed to add cdma broadcast subscription for MID range 4097 to 4097 from client com.android.cellbroadcastreceiver
05-25 15:07:03.597  1907  2107 D IccSmsInterfaceManager: [IccSmsInterfaceManager] Calling setCdmaBroadcastConfig with 1 configurations
05-25 15:07:03.599  1907  2107 D IccSmsInterfaceManager: [IccSmsInterfaceManager] Failed to add cdma broadcast subscription for MID range 4098 to 4098 from client com.android.cellbroadcastreceiver
05-25 15:07:03.602  1907  2107 D IccSmsInterfaceManager: [IccSmsInterfaceManager] Calling setCdmaBroadcastConfig with 1 configurations
05-25 15:07:03.603  1907  2107 D IccSmsInterfaceManager: [IccSmsInterfaceManager] Failed to add cdma broadcast subscription for MID range 4099 to 4099 from client com.android.cellbroadcastreceiver
05-25 15:07:03.605  1907  2107 D IccSmsInterfaceManager: [IccSmsInterfaceManager] Failed to remove cdma broadcast subscription for MID range 4100 to 4100 from client com.android.cellbroadcastreceiver
05-25 15:07:03.609  1907  2107 D IccSmsInterfaceManager: [IccSmsInterfaceManager] Calling setGsmBroadcastConfig with 1 configurations
05-25 15:07:03.609  1907  2107 D IccSmsInterfaceManager: [IccSmsInterfaceManager] Failed to add GSM cell broadcast subscription for MID range 4352 to 4354 from client com.android.cellbroadcastreceiver
05-25 15:07:03.612  1907  1926 D IccSmsInterfaceManager: [IccSmsInterfaceManager] Calling setGsmBroadcastConfig with 1 configurations
05-25 15:07:03.613  1907  1926 D IccSmsInterfaceManager: [IccSmsInterfaceManager] Failed to add GSM cell broadcast subscription for MID range 4356 to 4356 from client com.android.cellbroadcastreceiver
05-25 15:07:03.616  1907  1926 D IccSmsInterfaceManager: [IccSmsInterfaceManager] Failed to remove GSM cell broadcast subscription for MID range 4355 to 4355 from client com.android.cellbroadcastreceiver
05-25 15:07:03.620  2142  2142 I Dialer  : VvmTaskReceiver - task received
05-25 15:07:03.620  2142  2142 I Dialer  : VvmTaskReceiver - scheduling new job
05-25 15:07:03.620  2142  2142 I Dialer  : TaskSchedulerJobService - scheduling job with 1 tasks
05-25 15:07:03.621  2142  2142 I Dialer  : TaskSchedulerJobService - running job instantly.
05-25 15:07:03.622  2142  2142 I Dialer  : TaskSchedulerJobService - job 4 scheduled
05-25 15:07:03.624  1907  1926 D IccSmsInterfaceManager: [IccSmsInterfaceManager] Calling setGsmBroadcastConfig with 1 configurations
05-25 15:07:03.625  1907  1926 D IccSmsInterfaceManager: [IccSmsInterfaceManager] Failed to add GSM cell broadcast subscription for MID range 4370 to 4370 from client com.android.cellbroadcastreceiver
05-25 15:07:03.626  2142  2142 I Dialer  : TaskSchedulerJobService - starting 4
05-25 15:07:03.627  2142  2142 I Dialer  : VvmTaskExecutor - onStartJob
05-25 15:07:03.628  2142  2142 I Dialer  : Task.createTask - create task:com.android.voicemail.impl.ActivationTask
05-25 15:07:03.628  2142  3579 I Dialer  : VvmTaskExecutor - executing task com.android.voicemail.impl.ActivationTask@d4f930b
05-25 15:07:03.629  1907  1926 D IccSmsInterfaceManager: [IccSmsInterfaceManager] Calling setGsmBroadcastConfig with 1 configurations
05-25 15:07:03.629  2142  3579 I Dialer  : PreOMigrationHandler - ComponentInfo{com.android.phone/com.android.services.telephony.TelephonyConnectionService}, [e2f7d48dd2b5ca523e7313cf4ba0f6ea830b6281], UserHandle{0} already migrated
05-25 15:07:03.630  1907  1926 D IccSmsInterfaceManager: [IccSmsInterfaceManager] Failed to add GSM cell broadcast subscription for MID range 4371 to 4372 from client com.android.cellbroadcastreceiver
05-25 15:07:03.633  2538  2544 I zygote  : Do full code cache collection, code=121KB, data=96KB
05-25 15:07:03.635  1907  2107 D IccSmsInterfaceManager: [IccSmsInterfaceManager] Calling setGsmBroadcastConfig with 1 configurations
05-25 15:07:03.635  1907  2107 D IccSmsInterfaceManager: [IccSmsInterfaceManager] Failed to add GSM cell broadcast subscription for MID range 4373 to 4378 from client com.android.cellbroadcastreceiver
05-25 15:07:03.641  1907  2107 D IccSmsInterfaceManager: [IccSmsInterfaceManager] Calling setGsmBroadcastConfig with 1 configurations
05-25 15:07:03.642  1907  2107 D IccSmsInterfaceManager: [IccSmsInterfaceManager] Failed to add GSM cell broadcast subscription for MID range 4379 to 4379 from client com.android.cellbroadcastreceiver
05-25 15:07:03.644  2538  2544 I zygote  : After code cache collection, code=115KB, data=76KB
05-25 15:07:03.647  1907  1926 D IccSmsInterfaceManager: [IccSmsInterfaceManager] Failed to remove GSM cell broadcast subscription for MID range 4380 to 4382 from client com.android.cellbroadcastreceiver
05-25 15:07:03.650  1907  2107 D IccSmsInterfaceManager: [IccSmsInterfaceManager] Calling setGsmBroadcastConfig with 1 configurations
05-25 15:07:03.651  1907  2107 D IccSmsInterfaceManager: [IccSmsInterfaceManager] Failed to add GSM cell broadcast subscription for MID range 4383 to 4383 from client com.android.cellbroadcastreceiver
05-25 15:07:03.652  2538  3174 I Vision  : Engine already satisfied by existing download for ocr
05-25 15:07:03.656  1907  2107 D IccSmsInterfaceManager: [IccSmsInterfaceManager] Calling setGsmBroadcastConfig with 1 configurations
05-25 15:07:03.658  1907  2107 D IccSmsInterfaceManager: [IccSmsInterfaceManager] Failed to add GSM cell broadcast subscription for MID range 4384 to 4385 from client com.android.cellbroadcastreceiver
05-25 15:07:03.662  1907  2107 D IccSmsInterfaceManager: [IccSmsInterfaceManager] Calling setGsmBroadcastConfig with 1 configurations
05-25 15:07:03.663  2538  2550 I zygote  : Background concurrent copying GC freed 31178(2MB) AllocSpace objects, 29(572KB) LOS objects, 50% free, 5MB/11MB, paused 125us total 103.141ms
05-25 15:07:03.666  2142  3579 I Dialer  : VvmActivationTask - VVM content provider configured - vvm_type_cvvm
05-25 15:07:03.668  2142  3579 I Dialer  : OmtpVvmCarrierCfgHlpr - OmtpEvent:CONFIG_ACTIVATING
05-25 15:07:03.671  1907  2107 D IccSmsInterfaceManager: [IccSmsInterfaceManager] Failed to add GSM cell broadcast subscription for MID range 4386 to 4391 from client com.android.cellbroadcastreceiver
05-25 15:07:03.671  2710  2710 I zygote  : Deoptimizing aotc aotc.a(int, java.lang.Object[]) due to JIT inline cache
05-25 15:07:03.675  1907  2107 D IccSmsInterfaceManager: [IccSmsInterfaceManager] Calling setGsmBroadcastConfig with 1 configurations
05-25 15:07:03.676  1907  2107 D IccSmsInterfaceManager: [IccSmsInterfaceManager] Failed to add GSM cell broadcast subscription for MID range 4392 to 4392 from client com.android.cellbroadcastreceiver
05-25 15:07:03.680  1907  1926 D IccSmsInterfaceManager: [IccSmsInterfaceManager] Failed to remove GSM cell broadcast subscription for MID range 4393 to 4395 from client com.android.cellbroadcastreceiver
05-25 15:07:03.685  1907  1926 D IccSmsInterfaceManager: [IccSmsInterfaceManager] Failed to remove GSM cell broadcast subscription for MID range 50 to 50 from client com.android.cellbroadcastreceiver
05-25 15:07:03.686  3551  3574 D CellBroadcastOtherChannelsManager: No additional channels configured. subId = 1
05-25 15:07:03.695  2142  3579 I Dialer  : TelephonyMangerCompat.setVisualVoicemailSmsFilterSettings - using TelephonyManager
05-25 15:07:03.699  2142  3579 I Dialer  : TelephonyMangerCompat.sendVisualVoicemailSms - using TelephonyManager
05-25 15:07:03.715  1533  1579 I DrmHal  : makeDrmFactories: factory instance default is Remote
05-25 15:07:03.716  1533  1579 I DrmHal  : makeDrmFactories: factory instance widevine is Remote
05-25 15:07:03.717  2538  2983 I Icing   : Usage reports ok 1, Failed Usage reports 0, indexed 0, rejected 0, imm upload false
05-25 15:07:03.717  1437  3590 D WVCdm   : Instantiating CDM.
05-25 15:07:03.730  1437  3590 I WVCdm   : CdmEngine::QueryStatus
05-25 15:07:03.730  1437  3590 I WVCdm   : Level3 Library 4464 May 19 2017 16:59:48
05-25 15:07:03.738  1437  3590 W WVCdm   : Could not load liboemcrypto.so. Falling back to L3.  dlopen failed: library "liboemcrypto.so" not found
05-25 15:07:03.740  1437  3590 I WVCdm   : CdmEngine::OpenSession
05-25 15:07:03.741  1437  3590 I WVCdm   : Level3 Library 4464 May 19 2017 16:59:48
05-25 15:07:03.743  1437  3590 W WVCdm   : Could not load liboemcrypto.so. Falling back to L3.  dlopen failed: library "liboemcrypto.so" not found
05-25 15:07:03.744  1437  3590 D WVCdm   : CryptoSession::Open: Lock: requested_security_level: Default
05-25 15:07:03.751  1437  3590 I WVCdm   : CdmEngine::QueryOemCryptoSessionId
05-25 15:07:03.752  1437  3590 I WVCdm   : CdmEngine::GenerateKeyRequest
05-25 15:07:03.752  1437  3590 D WVCdm   : PrepareKeyRequest: nonce=1100117941
05-25 15:07:03.789  2538  2983 I Icing   : Usage reports ok 0, Failed Usage reports 0, indexed 0, rejected 0, imm upload false
05-25 15:07:03.805  2538  2983 I Icing   : Usage reports ok 0, Failed Usage reports 0, indexed 0, rejected 0, imm upload false
05-25 15:07:03.808  2710  2793 W common.FileUtils: Failed to set dir world executable: java.io.FileNotFoundException: /data/user_de/0/com.google.android.gms/files/gmscore_global_dirs.txt: open failed: EACCES (Permission denied)
05-25 15:07:03.808  1437  3590 I WVCdm   : CdmEngine::CloseSession
05-25 15:07:03.810  2710  2793 W common.FileUtils: Failed to set dir world executable: java.io.FileNotFoundException: /data/user_de/0/com.google.android.gms/files/gmscore_global_dirs.txt: open failed: EACCES (Permission denied)
05-25 15:07:03.812  2710  2793 I chatty  : uid=10059(u0_a59) com.google.android.apps.maps identical 1 line
05-25 15:07:03.812  2710  2793 W common.FileUtils: Failed to set dir world executable: java.io.FileNotFoundException: /data/user_de/0/com.google.android.gms/files/gmscore_global_dirs.txt: open failed: EACCES (Permission denied)
05-25 15:07:03.814  2710  2793 W linker  : "/data/user_de/0/com.google.android.gms/app_extracted_libs/x86/libconscrypt_gmscore_jni.so" unused DT entry: type 0xf arg 0x91
05-25 15:07:03.814  2710  2793 V NativeCrypto: Registering com/google/android/gms/org/conscrypt/NativeCrypto's 279 native methods...
05-25 15:07:03.820  2710  2793 D NetworkSecurityConfig: No Network Security Config specified, using platform default
05-25 15:07:03.824  2710  2793 I ProviderInstaller: Installed default security provider GmsCore_OpenSSL
05-25 15:07:03.836  2838  2838 D RcsService: Received broadcast of intent rcs.intent.action.disableRcs
05-25 15:07:03.836  2838  2838 D RcsService: Disabling RCS connectivity setting
05-25 15:07:03.860  2538  2544 I zygote  : Do partial code cache collection, code=116KB, data=81KB
05-25 15:07:03.860  2538  2544 I zygote  : After code cache collection, code=116KB, data=81KB
05-25 15:07:03.860  2538  2544 I zygote  : Increasing code cache capacity to 512KB
05-25 15:07:03.876  3277  3328 W SystemServiceRegistry: No service published for: persistent_data_block
05-25 15:07:03.881  3277  3328 D         : HostConnection::get() New Host Connection established 0x843ce080, tid 3328
05-25 15:07:03.884  3277  3328 D EGL_emulation: eglCreateContext: 0x9a086380: maj 3 min 0 rcv 3
05-25 15:07:03.885  3277  3328 D EGL_emulation: eglMakeCurrent: 0x9a086380: ver 3 0 (tinfo 0x839bcd10)
05-25 15:07:03.891  2538  3169 I PeopleDatabaseHelper: cleanUpNonGplusAccounts done.
05-25 15:07:03.893  1681  1693 I chatty  : uid=1000(system) Binder:1681_2 expire 17 lines
05-25 15:07:03.915  3277  3328 D EGL_emulation: eglCreateContext: 0x9a086500: maj 3 min 0 rcv 3
05-25 15:07:03.917  3277  3328 D EGL_emulation: eglMakeCurrent: 0x9a086500: ver 3 0 (tinfo 0x839bcd10)
05-25 15:07:03.929  3277  3277 W Binder:3277_4: type=1400 audit(0.0:159): avc: denied { read } for name="modules" dev="proc" ino=4026532034 scontext=u:r:priv_app:s0:c512,c768 tcontext=u:object_r:proc_modules:s0 tclass=file permissive=0
05-25 15:07:03.960  2538  3303 I CheckinUtil: Classify the device as Phone.
05-25 15:07:03.978  2538  3303 I ProcessCheckinRequest: cookie is null
05-25 15:07:04.057  2538  3303 W Conscrypt: Could not set socket write timeout: java.lang.reflect.InvocationTargetException
05-25 15:07:04.057  2538  3303 W Conscrypt: 	at java.lang.reflect.Method.invoke(Native Method)
05-25 15:07:04.057  2538  3303 W Conscrypt: 	at com.google.android.gms.org.conscrypt.Platform.setSocketWriteTimeout(:com.google.android.gms@12521024@12.5.21 (040700-189987672):13)
05-25 15:07:04.057  2538  3303 W Conscrypt: Caused by: android.system.ErrnoException: setsockopt failed: EBADF (Bad file descriptor)
05-25 15:07:04.057  2538  3303 W Conscrypt: 	at libcore.io.Linux.setsockoptTimeval(Native Method)
05-25 15:07:04.057  2538  3303 W Conscrypt: 	at libcore.io.ForwardingOs.setsockoptTimeval(ForwardingOs.java:173)
05-25 15:07:04.156  2538  3303 W Conscrypt: Could not set socket write timeout: java.lang.reflect.InvocationTargetException
05-25 15:07:04.157  2538  3303 W Conscrypt: 	at java.lang.reflect.Method.invoke(Native Method)
05-25 15:07:04.157  2538  3303 W Conscrypt: 	at com.google.android.gms.org.conscrypt.Platform.setSocketWriteTimeout(:com.google.android.gms@12521024@12.5.21 (040700-189987672):13)
05-25 15:07:04.157  2538  3303 W Conscrypt: Caused by: android.system.ErrnoException: setsockopt failed: EBADF (Bad file descriptor)
05-25 15:07:04.157  2538  3303 W Conscrypt: 	at libcore.io.Linux.setsockoptTimeval(Native Method)
05-25 15:07:04.157  2538  3303 W Conscrypt: 	at libcore.io.ForwardingOs.setsockoptTimeval(ForwardingOs.java:173)
05-25 15:07:04.388  2538  3303 I ProcessCheckinRequest: updateCheckinIdTokenFileFromResponse, Reading existing AID
05-25 15:07:04.389  2538  3303 I CheckinRequestBuilder: Checkin reason type: 1 attempt count: 1
05-25 15:07:04.401  2538  3303 I CheckinUtil: Classify the device as Phone.
05-25 15:07:04.408  2538  3303 E ProcessCheckinRequest: CheckinNowTaskTag : Checkin Succeeded: https://android.clients.google.com/checkin (request #1): 
05-25 15:07:04.414  2538  3393 I EventLogChimeraService: Accumulating logs since 1527282423195
05-25 15:07:04.419  2538  3393 I ProcessCheckinRequest: Get token from PseudonymousIdApi: 131=jdN-0V1HbRaO5X4cIE5WNOjh5uqK2HooqUmW2gl93ACIVwnGJjFgTf4LH6cPHArJAw31e5frbSCZKz6AX9aSsh4SmEae08yVpQ5pFBsxIVp3xiUS2tu5lD9gh9k-gr16
05-25 15:07:04.419  2538  3393 I CheckinRequestBuilder: Checkin reason type: 8 attempt count: 2
05-25 15:07:04.434  1533  3591 I DrmHal  : makeDrmFactories: factory instance default is Remote
05-25 15:07:04.434  1533  3591 I DrmHal  : makeDrmFactories: factory instance widevine is Remote
05-25 15:07:04.435  1437  3590 I WVCdm   : CdmEngine::QueryStatus
05-25 15:07:04.435  1437  3590 I WVCdm   : Level3 Library 4464 May 19 2017 16:59:48
05-25 15:07:04.435  1437  3590 W WVCdm   : Could not load liboemcrypto.so. Falling back to L3.  dlopen failed: library "liboemcrypto.so" not found
05-25 15:07:04.435  1437  3590 I WVCdm   : CdmEngine::OpenSession
05-25 15:07:04.435  1437  3590 I WVCdm   : Level3 Library 4464 May 19 2017 16:59:48
05-25 15:07:04.436  1437  3590 W WVCdm   : Could not load liboemcrypto.so. Falling back to L3.  dlopen failed: library "liboemcrypto.so" not found
05-25 15:07:04.436  1437  3590 D WVCdm   : CryptoSession::Open: Lock: requested_security_level: Default
05-25 15:07:04.438  1437  3590 I WVCdm   : CdmEngine::QueryOemCryptoSessionId
05-25 15:07:04.439  1437  3590 I WVCdm   : CdmEngine::GenerateKeyRequest
05-25 15:07:04.439  1437  3590 D WVCdm   : PrepareKeyRequest: nonce=3438348176
05-25 15:07:04.474  1437  3590 I WVCdm   : CdmEngine::CloseSession
05-25 15:07:04.520  3277  3328 W SystemServiceRegistry: No service published for: persistent_data_block
05-25 15:07:04.526  3277  3328 D EGL_emulation: eglCreateContext: 0x9a085c00: maj 3 min 0 rcv 3
05-25 15:07:04.528  3277  3328 D EGL_emulation: eglMakeCurrent: 0x9a085c00: ver 3 0 (tinfo 0x839bcd10)
05-25 15:07:04.554  3277  3328 D EGL_emulation: eglCreateContext: 0x9a086740: maj 3 min 0 rcv 3
05-25 15:07:04.555  3277  3328 D EGL_emulation: eglMakeCurrent: 0x9a086740: ver 3 0 (tinfo 0x839bcd10)
05-25 15:07:04.569  3277  3277 W Binder:3277_4: type=1400 audit(0.0:160): avc: denied { read } for name="modules" dev="proc" ino=4026532034 scontext=u:r:priv_app:s0:c512,c768 tcontext=u:object_r:proc_modules:s0 tclass=file permissive=0
05-25 15:07:04.597  2538  3393 I CheckinUtil: Classify the device as Phone.
05-25 15:07:04.607  2538  3393 I ProcessCheckinRequest: Setting cookie as: NID=131=jdN-0V1HbRaO5X4cIE5WNOjh5uqK2HooqUmW2gl93ACIVwnGJjFgTf4LH6cPHArJAw31e5frbSCZKz6AX9aSsh4SmEae08yVpQ5pFBsxIVp3xiUS2tu5lD9gh9k-gr16
05-25 15:07:04.612  1681  1959 I chatty  : uid=1000(system) Binder:1681_7 expire 10 lines
05-25 15:07:04.640  2538  3393 W Conscrypt: Could not set socket write timeout: java.lang.reflect.InvocationTargetException
05-25 15:07:04.640  2538  3393 W Conscrypt: 	at java.lang.reflect.Method.invoke(Native Method)
05-25 15:07:04.640  2538  3393 W Conscrypt: 	at com.google.android.gms.org.conscrypt.Platform.setSocketWriteTimeout(:com.google.android.gms@12521024@12.5.21 (040700-189987672):13)
05-25 15:07:04.640  2538  3393 W Conscrypt: Caused by: android.system.ErrnoException: setsockopt failed: EBADF (Bad file descriptor)
05-25 15:07:04.640  2538  3393 W Conscrypt: 	at libcore.io.Linux.setsockoptTimeval(Native Method)
05-25 15:07:04.640  2538  3393 W Conscrypt: 	at libcore.io.ForwardingOs.setsockoptTimeval(ForwardingOs.java:173)
05-25 15:07:04.671  2538  3393 W Conscrypt: Could not set socket write timeout: java.lang.reflect.InvocationTargetException
05-25 15:07:04.672  2538  3393 W Conscrypt: 	at java.lang.reflect.Method.invoke(Native Method)
05-25 15:07:04.672  2538  3393 W Conscrypt: 	at com.google.android.gms.org.conscrypt.Platform.setSocketWriteTimeout(:com.google.android.gms@12521024@12.5.21 (040700-189987672):13)
05-25 15:07:04.672  2538  3393 W Conscrypt: Caused by: android.system.ErrnoException: setsockopt failed: EBADF (Bad file descriptor)
05-25 15:07:04.672  2538  3393 W Conscrypt: 	at libcore.io.Linux.setsockoptTimeval(Native Method)
05-25 15:07:04.672  2538  3393 W Conscrypt: 	at libcore.io.ForwardingOs.setsockoptTimeval(ForwardingOs.java:173)
05-25 15:07:04.877  2291  2291 I chatty  : uid=10030(u0_a30) com.google.android.googlequicksearchbox:interactor expire 2 lines
05-25 15:07:04.880  2538  3393 I ProcessCheckinRequest: updateCheckinIdTokenFileFromResponse, Reading existing AID
05-25 15:07:04.880  2538  3393 I CheckinRequestBuilder: Checkin reason type: 8 attempt count: 2
05-25 15:07:04.890  2538  3393 I CheckinUtil: Classify the device as Phone.
05-25 15:07:04.897  2538  3393 E ProcessCheckinRequest: CheckinNowTaskTag : Checkin Succeeded: https://android.clients.google.com/checkin (request #1): 
05-25 15:07:05.771  2382  2514 I chatty  : uid=10030(u0_a30) NonUserFacing0 expire 10 lines
05-25 15:07:05.772  2382  2516 I chatty  : uid=10030(u0_a30) UserFacing0 expire 10 lines
05-25 15:07:05.774  1528  3654 I AudioFlinger: AudioFlinger's thread 0xa4b03e80 tid=3654 ready to run
05-25 15:07:05.776  2382  2516 E ActivityThread: Failed to find provider info for com.google.android.apps.gsa.testing.ui.audio.recorded
05-25 15:07:05.785  2382  2746 I chatty  : uid=10030(u0_a30) HotwordDetector expire 4 lines
05-25 15:07:05.788  2382  2742 I chatty  : uid=10030(u0_a30) NonUserFacing2 expire 3 lines
05-25 15:07:05.904  2804  2818 I zygote  : Waiting for a blocking GC ProfileSaver
05-25 15:07:06.921  2538  2538 I GAv4-SVC: Google Analytics 12.5.21 is starting up.
05-25 15:07:08.595  2263  2263 I WearableService: Wearable Services stopping
05-25 15:07:08.631  1681  3106 I chatty  : uid=1000(system) Binder:1681_B expire 22 lines
05-25 15:07:08.961  1681  3106 I ActivityManager: Killing 2804:com.google.android.apps.messaging/u0a67 (adj 906): empty #17
05-25 15:07:08.999  2838  2838 D RcsService: onUnbind(), intent=Intent { act=com.google.android.ims.rcsservice.signup.ISignup cmp=com.google.android.apps.messaging/com.google.android.rcs.service.service.JibeService }
05-25 15:07:08.999  2838  2838 D RcsService: onUnbind(), intent=Intent { act=com.google.android.ims.rcsservice.ims.IImsConnectionTracker cmp=com.google.android.apps.messaging/com.google.android.rcs.service.service.JibeService }
05-25 15:07:08.999  2838  2838 D RcsService: onDestroy: stopping service
05-25 15:07:09.002  2838  2838 D RcsProvisioning: RCS provisioning stopped!!
05-25 15:07:09.002  2838  2838 D RcsContacts: Stopping NAB to IMS DB syncer
05-25 15:07:09.002  2838  2838 V RcsContacts: IMS discovery shut down request.
05-25 15:07:09.004  2838  2838 E ActivityThread: Service com.google.android.rcs.service.service.JibeService has leaked IntentReceiver com.google.android.ims.network.e@1c6fa5 that was originally registered here. Are you missing a call to unregisterReceiver()?
05-25 15:07:09.004  2838  2838 E ActivityThread: android.app.IntentReceiverLeaked: Service com.google.android.rcs.service.service.JibeService has leaked IntentReceiver com.google.android.ims.network.e@1c6fa5 that was originally registered here. Are you missing a call to unregisterReceiver()?
05-25 15:07:09.004  2838  2838 E ActivityThread: 	at android.app.LoadedApk$ReceiverDispatcher.<init>(LoadedApk.java:1333)
05-25 15:07:09.004  2838  2838 E ActivityThread: 	at android.app.LoadedApk.getReceiverDispatcher(LoadedApk.java:1114)
05-25 15:07:09.004  2838  2838 E ActivityThread: 	at android.app.ContextImpl.registerReceiverInternal(ContextImpl.java:1405)
05-25 15:07:09.004  2838  2838 E ActivityThread: 	at android.app.ContextImpl.registerReceiver(ContextImpl.java:1378)
05-25 15:07:09.004  2838  2838 E ActivityThread: 	at android.app.ContextImpl.registerReceiver(ContextImpl.java:1366)
05-25 15:07:09.004  2838  2838 E ActivityThread: 	at android.content.ContextWrapper.registerReceiver(ContextWrapper.java:603)
05-25 15:07:09.004  2838  2838 E ActivityThread: 	at com.google.android.ims.network.a.<init>(SourceFile:48)
05-25 15:07:09.004  2838  2838 E ActivityThread: 	at com.google.android.ims.f.a.a(SourceFile:12)
05-25 15:07:09.004  2838  2838 E ActivityThread: 	at com.google.android.rcs.service.e.a(SourceFile:4)
05-25 15:07:09.004  2838  2838 E ActivityThread: 	at com.google.android.rcs.service.service.JibeService.d(SourceFile:145)
05-25 15:07:09.004  2838  2838 E ActivityThread: 	at com.google.android.rcs.service.service.JibeService.onCreate(SourceFile:91)
05-25 15:07:09.004  2838  2838 E ActivityThread: 	at android.app.ActivityThread.handleCreateService(ActivityThread.java:3404)
05-25 15:07:09.004  2838  2838 E ActivityThread: 	at android.app.ActivityThread.-wrap4(Unknown Source:0)
05-25 15:07:09.004  2838  2838 E ActivityThread: 	at android.app.ActivityThread$H.handleMessage(ActivityThread.java:1683)
05-25 15:07:09.004  2838  2838 E ActivityThread: 	at android.os.Handler.dispatchMessage(Handler.java:105)
05-25 15:07:09.004  2838  2838 E ActivityThread: 	at android.os.Looper.loop(Looper.java:164)
05-25 15:07:09.004  2838  2838 E ActivityThread: 	at android.app.ActivityThread.main(ActivityThread.java:6541)
05-25 15:07:09.004  2838  2838 E ActivityThread: 	at java.lang.reflect.Method.invoke(Native Method)
05-25 15:07:09.004  2838  2838 E ActivityThread: 	at com.android.internal.os.Zygote$MethodAndArgsCaller.run(Zygote.java:240)
05-25 15:07:09.004  2838  2838 E ActivityThread: 	at com.android.internal.os.ZygoteInit.main(ZygoteInit.java:767)
05-25 15:07:09.005  2838  2838 E ActivityThread: Service com.google.android.rcs.service.service.JibeService has leaked IntentReceiver com.google.android.ims.d@82ba9b1 that was originally registered here. Are you missing a call to unregisterReceiver()?
05-25 15:07:09.005  2838  2838 E ActivityThread: android.app.IntentReceiverLeaked: Service com.google.android.rcs.service.service.JibeService has leaked IntentReceiver com.google.android.ims.d@82ba9b1 that was originally registered here. Are you missing a call to unregisterReceiver()?
05-25 15:07:09.005  2838  2838 E ActivityThread: 	at android.app.LoadedApk$ReceiverDispatcher.<init>(LoadedApk.java:1333)
05-25 15:07:09.005  2838  2838 E ActivityThread: 	at android.app.LoadedApk.getReceiverDispatcher(LoadedApk.java:1114)
05-25 15:07:09.005  2838  2838 E ActivityThread: 	at android.app.ContextImpl.registerReceiverInternal(ContextImpl.java:1405)
05-25 15:07:09.005  2838  2838 E ActivityThread: 	at android.app.ContextImpl.registerReceiver(ContextImpl.java:1378)
05-25 15:07:09.005  2838  2838 E ActivityThread: 	at android.app.ContextImpl.registerReceiver(ContextImpl.java:1366)
05-25 15:07:09.005  2838  2838 E ActivityThread: 	at android.content.ContextWrapper.registerReceiver(ContextWrapper.java:603)
05-25 15:07:09.005  2838  2838 E ActivityThread: 	at com.google.android.ims.a.a(SourceFile:16)
05-25 15:07:09.005  2838  2838 E ActivityThread: 	at com.google.android.ims.f.a.a(SourceFile:6)
05-25 15:07:09.005  2838  2838 E ActivityThread: 	at com.google.android.rcs.service.e.a(SourceFile:4)
05-25 15:07:09.005  2838  2838 E ActivityThread: 	at com.google.android.rcs.service.service.JibeService.d(SourceFile:145)
05-25 15:07:09.005  2838  2838 E ActivityThread: 	at com.google.android.rcs.service.service.JibeService.onCreate(SourceFile:91)
05-25 15:07:09.005  2838  2838 E ActivityThread: 	at android.app.ActivityThread.handleCreateService(ActivityThread.java:3404)
05-25 15:07:09.005  2838  2838 E ActivityThread: 	at android.app.ActivityThread.-wrap4(Unknown Source:0)
05-25 15:07:09.005  2838  2838 E ActivityThread: 	at android.app.ActivityThread$H.handleMessage(ActivityThread.java:1683)
05-25 15:07:09.005  2838  2838 E ActivityThread: 	at android.os.Handler.dispatchMessage(Handler.java:105)
05-25 15:07:09.005  2838  2838 E ActivityThread: 	at android.os.Looper.loop(Looper.java:164)
05-25 15:07:09.005  2838  2838 E ActivityThread: 	at android.app.ActivityThread.main(ActivityThread.java:6541)
05-25 15:07:09.005  2838  2838 E ActivityThread: 	at java.lang.reflect.Method.invoke(Native Method)
05-25 15:07:09.005  2838  2838 E ActivityThread: 	at com.android.internal.os.Zygote$MethodAndArgsCaller.run(Zygote.java:240)
05-25 15:07:09.005  2838  2838 E ActivityThread: 	at com.android.internal.os.ZygoteInit.main(ZygoteInit.java:767)
05-25 15:07:09.006  2838  2838 E ActivityThread: Service com.google.android.rcs.service.service.JibeService has leaked IntentReceiver com.google.android.ims.e@9601458 that was originally registered here. Are you missing a call to unregisterReceiver()?
05-25 15:07:09.006  2838  2838 E ActivityThread: android.app.IntentReceiverLeaked: Service com.google.android.rcs.service.service.JibeService has leaked IntentReceiver com.google.android.ims.e@9601458 that was originally registered here. Are you missing a call to unregisterReceiver()?
05-25 15:07:09.006  2838  2838 E ActivityThread: 	at android.app.LoadedApk$ReceiverDispatcher.<init>(LoadedApk.java:1333)
05-25 15:07:09.006  2838  2838 E ActivityThread: 	at android.app.LoadedApk.getReceiverDispatcher(LoadedApk.java:1114)
05-25 15:07:09.006  2838  2838 E ActivityThread: 	at android.app.ContextImpl.registerReceiverInternal(ContextImpl.java:1405)
05-25 15:07:09.006  2838  2838 E ActivityThread: 	at android.app.ContextImpl.registerReceiver(ContextImpl.java:1378)
05-25 15:07:09.006  2838  2838 E ActivityThread: 	at android.app.ContextImpl.registerReceiver(ContextImpl.java:1366)
05-25 15:07:09.006  2838  2838 E ActivityThread: 	at android.content.ContextWrapper.registerReceiver(ContextWrapper.java:603)
05-25 15:07:09.006  2838  2838 E ActivityThread: 	at com.google.android.ims.a.a(SourceFile:9)
05-25 15:07:09.006  2838  2838 E ActivityThread: 	at com.google.android.ims.f.a.a(SourceFile:6)
05-25 15:07:09.006  2838  2838 E ActivityThread: 	at com.google.android.rcs.service.e.a(SourceFile:4)
05-25 15:07:09.006  2838  2838 E ActivityThread: 	at com.google.android.rcs.service.service.JibeService.d(SourceFile:145)
05-25 15:07:09.006  2838  2838 E ActivityThread: 	at com.google.android.rcs.service.service.JibeService.onCreate(SourceFile:91)
05-25 15:07:09.006  2838  2838 E ActivityThread: 	at android.app.ActivityThread.handleCreateService(ActivityThread.java:3404)
05-25 15:07:09.006  2838  2838 E ActivityThread: 	at android.app.ActivityThread.-wrap4(Unknown Source:0)
05-25 15:07:09.006  2838  2838 E ActivityThread: 	at android.app.ActivityThread$H.handleMessage(ActivityThread.java:1683)
05-25 15:07:09.006  2838  2838 E ActivityThread: 	at android.os.Handler.dispatchMessage(Handler.java:105)
05-25 15:07:09.006  2838  2838 E ActivityThread: 	at android.os.Looper.loop(Looper.java:164)
05-25 15:07:09.006  2838  2838 E ActivityThread: 	at android.app.ActivityThread.main(ActivityThread.java:6541)
05-25 15:07:09.006  2838  2838 E ActivityThread: 	at java.lang.reflect.Method.invoke(Native Method)
05-25 15:07:09.006  2838  2838 E ActivityThread: 	at com.android.internal.os.Zygote$MethodAndArgsCaller.run(Zygote.java:240)
05-25 15:07:09.006  2838  2838 E ActivityThread: 	at com.android.internal.os.ZygoteInit.main(ZygoteInit.java:767)
05-25 15:07:09.008  2838  2838 E ActivityThread: Service com.google.android.rcs.service.service.JibeService has leaked IntentReceiver com.google.android.apps.messaging.shared.util.a.e@f9a0fca that was originally registered here. Are you missing a call to unregisterReceiver()?
05-25 15:07:09.008  2838  2838 E ActivityThread: android.app.IntentReceiverLeaked: Service com.google.android.rcs.service.service.JibeService has leaked IntentReceiver com.google.android.apps.messaging.shared.util.a.e@f9a0fca that was originally registered here. Are you missing a call to unregisterReceiver()?
05-25 15:07:09.008  2838  2838 E ActivityThread: 	at android.app.LoadedApk$ReceiverDispatcher.<init>(LoadedApk.java:1333)
05-25 15:07:09.008  2838  2838 E ActivityThread: 	at android.app.LoadedApk.getReceiverDispatcher(LoadedApk.java:1114)
05-25 15:07:09.008  2838  2838 E ActivityThread: 	at android.app.ContextImpl.registerReceiverInternal(ContextImpl.java:1405)
05-25 15:07:09.008  2838  2838 E ActivityThread: 	at android.app.ContextImpl.registerReceiver(ContextImpl.java:1378)
05-25 15:07:09.008  2838  2838 E ActivityThread: 	at android.app.ContextImpl.registerReceiver(ContextImpl.java:1366)
05-25 15:07:09.008  2838  2838 E ActivityThread: 	at android.content.ContextWrapper.registerReceiver(ContextWrapper.java:603)
05-25 15:07:09.008  2838  2838 E ActivityThread: 	at com.google.android.apps.messaging.shared.util.a.c.<init>(SourceFile:9)
05-25 15:07:09.008  2838  2838 E ActivityThread: 	at com.google.android.ims.f.a.a(SourceFile:4)
05-25 15:07:09.008  2838  2838 E ActivityThread: 	at com.google.android.rcs.service.e.a(SourceFile:4)
05-25 15:07:09.008  2838  2838 E ActivityThread: 	at com.google.android.rcs.service.service.JibeService.d(SourceFile:145)
05-25 15:07:09.008  2838  2838 E ActivityThread: 	at com.google.android.rcs.service.service.JibeService.onCreate(SourceFile:91)
05-25 15:07:09.008  2838  2838 E ActivityThread: 	at android.app.ActivityThread.handleCreateService(ActivityThread.java:3404)
05-25 15:07:09.008  2838  2838 E ActivityThread: 	at android.app.ActivityThread.-wrap4(Unknown Source:0)
05-25 15:07:09.008  2838  2838 E ActivityThread: 	at android.app.ActivityThread$H.handleMessage(ActivityThread.java:1683)
05-25 15:07:09.008  2838  2838 E ActivityThread: 	at android.os.Handler.dispatchMessage(Handler.java:105)
05-25 15:07:09.008  2838  2838 E ActivityThread: 	at android.os.Looper.loop(Looper.java:164)
05-25 15:07:09.008  2838  2838 E ActivityThread: 	at android.app.ActivityThread.main(ActivityThread.java:6541)
05-25 15:07:09.008  2838  2838 E ActivityThread: 	at java.lang.reflect.Method.invoke(Native Method)
05-25 15:07:09.008  2838  2838 E ActivityThread: 	at com.android.internal.os.Zygote$MethodAndArgsCaller.run(Zygote.java:240)
05-25 15:07:09.008  2838  2838 E ActivityThread: 	at com.android.internal.os.ZygoteInit.main(ZygoteInit.java:767)
05-25 15:07:10.133  1681  1807 I ActivityManager: Killing 2930:com.google.android.apps.wallpaper/u0a73 (adj 906): empty #17
05-25 15:07:10.135  1681  1695 I chatty  : uid=1000(system) android.bg expire 12 lines
05-25 15:07:10.394  1681  1692 I chatty  : uid=1000(system) Binder:1681_1 expire 14 lines
05-25 15:07:10.797  1528  3714 I AudioFlinger: AudioFlinger's thread 0xa4983540 tid=3714 ready to run
05-25 15:07:10.799  2382  2516 E ActivityThread: Failed to find provider info for com.google.android.apps.gsa.testing.ui.audio.recorded
05-25 15:07:10.811  2382  2388 I chatty  : uid=10030(u0_a30) Jit thread pool expire 3 lines
05-25 15:07:15.003  1681  1681 D ConditionProviders.SCP: onReceive android.intent.action.TIME_SET
05-25 15:07:15.004  1681  1681 D ConditionProviders.SCP: notifyCondition condition://android/schedule?days=6.7&start=23.30&end=10.0&exitAtAlarm=false STATE_FALSE reason=!meetsSchedule
05-25 15:07:15.004  1681  1681 D ConditionProviders.SCP: notifyCondition condition://android/schedule?days=1.2.3.4.5&start=22.0&end=7.0&exitAtAlarm=false STATE_FALSE reason=!meetsSchedule
05-25 15:07:15.004  1681  1681 D ConditionProviders.SCP: Scheduling evaluate for Fri May 25 22:00:00 MDT 2018 (1527307200000), in +6h52m44s997ms, now=Fri May 25 15:07:15 MDT 2018 (1527282435003)
05-25 15:07:15.005  1681  1695 I UsageStatsService: Time changed in UsageStats by 2 seconds
05-25 15:07:15.005  1681  1695 I UsageStatsService: User[0] Flushing usage stats to disk
05-25 15:07:15.023  1681  1695 I UsageStatsDatabase: Time changed by +2s804ms. files deleted: 0 files moved: 8
05-25 15:07:15.024  1681  1695 I UsageStatsService: User[0] Rollover scheduled @ 2018-05-26 15:06:55(1527368815188)
05-25 15:07:15.079  2326  2331 I zygote  : Do partial code cache collection, code=26KB, data=27KB
05-25 15:07:15.079  2326  2331 I zygote  : After code cache collection, code=23KB, data=26KB
05-25 15:07:15.079  2326  2331 I zygote  : Increasing code cache capacity to 128KB
05-25 15:07:15.208  2538  2988 I CheckinCompat: No service .checkin.CheckinService to disable
05-25 15:07:15.209  2538  2988 I CheckinCompat: No service .update.SystemUpdateActivity to disable
05-25 15:07:15.209  2538  2988 I CheckinCompat: No service .update.SystemUpdateService$SecretCodeReceiver to disable
05-25 15:07:15.210  2538  2988 I CheckinCompat: No service .update.SystemUpdateService$Receiver to disable
05-25 15:07:16.303  1907  1907 D ImsResolver: maybeAddedImsService, packageName: com.google.android.gms
05-25 15:07:16.306  1681  1748 I chatty  : uid=1000(system) InputReader expire 2 lines
05-25 15:07:16.321  1907  1907 D CarrierSvcBindHelper: No carrier app for: 0
05-25 15:07:16.327  1681  1681 I Telecom : DefaultDialerCache: Refreshing default dialer for user 0: now com.google.android.dialer: DDC.oR@AEI
05-25 15:07:16.351  2263  2263 I GeofencerStateMachine: sendQueryLocationOptIn
05-25 15:07:16.674  2382  2382 I chatty  : uid=10030(u0_a30) com.google.android.googlequicksearchbox:search expire 13 lines
05-25 15:07:16.726  2538  3748 I iu.SyncManager: SYNC; picasa accounts
05-25 15:07:16.729  2538  2538 I iu.Environment: update connectivity state; isNetworkMetered? false, isRoaming? false, isBackgroundDataAllowed? true*
05-25 15:07:16.731  2263  2268 I zygote  : Do full code cache collection, code=246KB, data=174KB
05-25 15:07:16.731  2263  2268 I zygote  : After code cache collection, code=192KB, data=118KB
05-25 15:07:16.731  2538  3748 I iu.UploadsManager: num queued entries: 0
05-25 15:07:16.732  2538  3748 I iu.UploadsManager: num updated entries: 0
05-25 15:07:16.732  2538  3748 I iu.SyncManager: NEXT; no task
05-25 15:07:16.742  2538  3393 E MDM     : [161] zmp.a: No Google accounts; deferring server state update.
05-25 15:07:16.743  1681  3400 D PackageManager: Ephemeral installer not found with new action; try old one
05-25 15:07:16.743  1681  3400 D PackageManager: Clear ephemeral installer activity
05-25 15:07:16.748  2538  3393 E MDM     : [161] zmp.a: No Google accounts; deferring server state update.
05-25 15:07:16.778  2263  2697 W NetworkScheduler: Immediate task was not started com.google.android.videos/.service.drm.RefreshLicenseTaskService{u=0 tag="refresh_license_forced" trigger=window{start=0s,end=1s,earliest=0s,latest=0s} requirements=[NET_CONNECTED] attributes=[] scheduled=0s last_run=N/A jid=N/A status=PENDING retries=0 client_lib=MANCHEGO_GCM-10400000}. Immediate task rescheduling drains the battery.
05-25 15:07:16.847  2263  2268 I zygote  : Do partial code cache collection, code=205KB, data=131KB
05-25 15:07:16.847  2263  2268 I zygote  : After code cache collection, code=205KB, data=131KB
05-25 15:07:16.847  2263  2268 I zygote  : Increasing code cache capacity to 1024KB
05-25 15:07:16.863  2142  2142 I Dialer  : VvmTaskReceiver - task received
05-25 15:07:16.863  2142  2142 I Dialer  : VvmTaskReceiver - TaskExecutor already running
05-25 15:07:16.863  2142  2142 I Dialer  : Task.createTask - create task:com.android.voicemail.impl.ActivationTask
05-25 15:07:16.864  2142  2142 I Dialer  : TaskQueue.add - duplicated task added
05-25 15:07:16.864  2142  2142 I Dialer  : VvmTaskExecutor - com.android.voicemail.impl.ActivationTask@de6b894 added
05-25 15:07:16.912  2062  2062 I AlarmClock: AlarmInitReceiver android.intent.action.TIME_SET
05-25 15:07:16.913  2062  2099 I AlarmClock: Removing AlarmClockInfo
05-25 15:07:16.915  2062  2062 I DigitalWidgetProvider: onReceive: Intent { act=android.intent.action.TIME_SET flg=0x25200010 cmp=com.google.android.deskclock/com.android.alarmclock.DigitalAppWidgetProvider }
05-25 15:07:16.932  2062  2062 I DigitalWidgetProvider: onReceive: Intent { act=com.android.deskclock.ALARM_CHANGED flg=0x10 cmp=com.google.android.deskclock/com.android.alarmclock.DigitalAppWidgetProvider }
05-25 15:07:16.979  1681  3760 I chatty  : uid=1000(system) Binder:1681_F expire 34 lines
05-25 15:07:16.989  2263  3771 I VacuumService: Vacuum at: now=1527282436989 tag=VacuumService
05-25 15:07:17.000  2263  2697 W NetworkScheduler: Immediate task was not started com.google.android.gms/.tapandpay.gcmtask.TapAndPayGcmTaskService{u=0 tag="immediate" trigger=window{start=0s,end=1s,earliest=0s,latest=0s} requirements=[NET_CONNECTED] attributes=[] scheduled=0s last_run=N/A jid=N/A status=READY_NO_SPACE retries=0 client_lib=MANCHEGO_GCM-12521000}. Immediate task rescheduling drains the battery.
05-25 15:07:17.029  1533  3632 I DrmHal  : makeDrmFactories: factory instance default is Remote
05-25 15:07:17.030  1533  3632 I DrmHal  : makeDrmFactories: factory instance widevine is Remote
05-25 15:07:17.031  1437  3590 D WVCdm   : Instantiating CDM.
05-25 15:07:17.031  1437  3590 I WVCdm   : CdmEngine::QueryStatus
05-25 15:07:17.031  1437  3590 I WVCdm   : Level3 Library 4464 May 19 2017 16:59:48
05-25 15:07:17.032  1437  3590 W WVCdm   : Could not load liboemcrypto.so. Falling back to L3.  dlopen failed: library "liboemcrypto.so" not found
05-25 15:07:17.032  1437  3590 I WVCdm   : CdmEngine::OpenSession
05-25 15:07:17.032  1437  3590 I WVCdm   : Level3 Library 4464 May 19 2017 16:59:48
05-25 15:07:17.032  1437  3590 W WVCdm   : Could not load liboemcrypto.so. Falling back to L3.  dlopen failed: library "liboemcrypto.so" not found
05-25 15:07:17.032  1437  3590 D WVCdm   : CryptoSession::Open: Lock: requested_security_level: Default
05-25 15:07:17.034  1437  3590 I WVCdm   : CdmEngine::QueryOemCryptoSessionId
05-25 15:07:17.035  1437  3590 I WVCdm   : CdmEngine::GenerateKeyRequest
05-25 15:07:17.035  3234  3777 I PlayMovies: RefreshLicenseTaskService.onRunTask:96 On run task refresh_license_forced
05-25 15:07:17.035  3234  3777 I PlayMovies: 
05-25 15:07:17.035  1437  3590 D WVCdm   : PrepareKeyRequest: nonce=4021923855
05-25 15:07:17.042  3234  3778 I PlayMovies: RefreshLicenseTaskService.onRunTask:96 On run task refresh_license
05-25 15:07:17.042  3234  3778 I PlayMovies: 
05-25 15:07:17.078  1437  3590 I WVCdm   : CdmEngine::CloseSession
05-25 15:07:17.222  3277  3277 W Binder:3277_4: type=1400 audit(0.0:161): avc: denied { read } for name="modules" dev="proc" ino=4026532034 scontext=u:r:priv_app:s0:c512,c768 tcontext=u:object_r:proc_modules:s0 tclass=file permissive=0
05-25 15:07:17.237  3277  3328 D EGL_emulation: eglCreateContext: 0x9a0869e0: maj 3 min 0 rcv 3
05-25 15:07:17.239  3277  3328 D EGL_emulation: eglMakeCurrent: 0x9a0869e0: ver 3 0 (tinfo 0x839bcd10)
05-25 15:07:17.264  3277  3328 D EGL_emulation: eglCreateContext: 0x9a086b60: maj 3 min 0 rcv 3
05-25 15:07:17.265  3277  3328 D EGL_emulation: eglMakeCurrent: 0x9a086b60: ver 3 0 (tinfo 0x839bcd10)
05-25 15:07:17.292  3277  3328 W SystemServiceRegistry: No service published for: persistent_data_block
05-25 15:07:17.378  2538  3228 W Conscrypt: Could not set socket write timeout: java.lang.reflect.InvocationTargetException
05-25 15:07:17.378  2538  3228 W Conscrypt: 	at java.lang.reflect.Method.invoke(Native Method)
05-25 15:07:17.378  2538  3228 W Conscrypt: 	at com.google.android.gms.org.conscrypt.Platform.setSocketWriteTimeout(:com.google.android.gms@12521024@12.5.21 (040700-189987672):13)
05-25 15:07:17.379  2538  3228 W Conscrypt: Caused by: android.system.ErrnoException: setsockopt failed: EBADF (Bad file descriptor)
05-25 15:07:17.379  2538  3228 W Conscrypt: 	at libcore.io.Linux.setsockoptTimeval(Native Method)
05-25 15:07:17.379  2538  3228 W Conscrypt: 	at libcore.io.ForwardingOs.setsockoptTimeval(ForwardingOs.java:173)
05-25 15:07:17.474  2538  3228 W Conscrypt: Could not set socket write timeout: java.lang.reflect.InvocationTargetException
05-25 15:07:17.474  2538  3228 W Conscrypt: 	at java.lang.reflect.Method.invoke(Native Method)
05-25 15:07:17.474  2538  3228 W Conscrypt: 	at com.google.android.gms.org.conscrypt.Platform.setSocketWriteTimeout(:com.google.android.gms@12521024@12.5.21 (040700-189987672):13)
05-25 15:07:17.474  2538  3228 W Conscrypt: Caused by: android.system.ErrnoException: setsockopt failed: EBADF (Bad file descriptor)
05-25 15:07:17.474  2538  3228 W Conscrypt: 	at libcore.io.Linux.setsockoptTimeval(Native Method)
05-25 15:07:17.474  2538  3228 W Conscrypt: 	at libcore.io.ForwardingOs.setsockoptTimeval(ForwardingOs.java:173)
05-25 15:07:18.623  1528  3800 I AudioFlinger: AudioFlinger's thread 0xa4803000 tid=3800 ready to run
05-25 15:07:18.626  2382  2516 E ActivityThread: Failed to find provider info for com.google.android.apps.gsa.testing.ui.audio.recorded
05-25 15:07:21.889  1681  1759 I chatty  : uid=1000(system) WifiStateMachin expire 2 lines
05-25 15:07:21.901  2538  3744 I Authzen : [DeviceStateSyncManager] The server is in sync with current state. Nothing to do
05-25 15:07:23.641  2382  2516 I chatty  : uid=10030(u0_a30) UserFacing0 expire 11 lines
05-25 15:07:23.643  1528  3849 I AudioFlinger: AudioFlinger's thread 0xa4683300 tid=3849 ready to run
05-25 15:07:23.650  2382  2382 I chatty  : uid=10030(u0_a30) com.google.android.googlequicksearchbox:search expire 13 lines
05-25 15:07:23.650  2382  2742 I chatty  : uid=10030(u0_a30) NonUserFacing2 expire 13 lines
05-25 15:07:23.644  2382  2516 E ActivityThread: Failed to find provider info for com.google.android.apps.gsa.testing.ui.audio.recorded
05-25 15:07:23.791  1681  1930 I ActivityManager: Killing 3007:com.google.android.configupdater/u0a4 (adj 906): empty #17
05-25 15:07:24.018  3855  3855 W zygote  : Unexpected CPU variant for X86 using defaults: x86
05-25 15:07:24.027  1681  1702 I ActivityManager: Start proc 3855:com.google.android.ext.services/u0a14 for service com.google.android.ext.services/android.ext.services.storage.CacheQuotaServiceImpl
05-25 15:07:24.035  3855  3862 I zygote  : Debugger is no longer active
05-25 15:07:24.049  1681  3106 I ActivityManager: Killing 3093:com.android.chrome/u0a43 (adj 906): empty #17
05-25 15:07:24.269  1681  3111 I chatty  : uid=1000(system) Binder:1681_C expire 43 lines
05-25 15:07:25.068  3882  3882 W zygote  : Unexpected CPU variant for X86 using defaults: x86
05-25 15:07:25.076  1681  3111 I ActivityManager: Start proc 3882:com.android.keychain/1000 for service com.android.keychain/.KeyChainService
05-25 15:07:25.077  1681  1695 I chatty  : uid=1000(system) android.bg expire 14 lines
05-25 15:07:25.083  3882  3888 I zygote  : Debugger is no longer active
05-25 15:07:25.107  1681  3760 I ActivityManager: Killing 3113:com.google.android.onetimeinitializer/u0a15 (adj 906): empty #17
05-25 15:07:25.212  2538  2988 I CheckinCompat: No service .update.SystemUpdateService to disable
05-25 15:07:25.213  2538  2988 I CheckinCompat: No service .checkin.EventLogService to disable
05-25 15:07:25.213  2538  2988 I CheckinCompat: No service .checkin.EventLogService$Receiver to disable
05-25 15:07:25.213  2538  2988 I CheckinCompat: Done disabling old GoogleServicesFramework version
05-25 15:07:26.819  1907  1907 D CarrierSvcBindHelper: No carrier app for: 0
05-25 15:07:26.819  1907  1907 D ImsResolver: maybeAddedImsService, packageName: com.google.android.gms
05-25 15:07:26.830  1681  1681 I Telecom : DefaultDialerCache: Refreshing default dialer for user 0: now com.google.android.dialer: DDC.oR@AEM
