--------- beginning of system
05-25 15:06:50.233  1380  1380 I vold    : Vold 3.0 (the awakening) firing up
05-25 15:06:50.233  1380  1380 V vold    : Detected support for: ext4 vfat
05-25 15:06:50.241  1380  1384 D vold    : e4crypt_init_user0
05-25 15:06:50.241  1380  1384 D vold    : e4crypt_prepare_user_storage for volume null, user 0, serial 0, flags 1
05-25 15:06:50.241  1380  1384 D vold    : Preparing: /data/system/users/0
05-25 15:06:50.241  1380  1384 D vold    : Preparing: /data/misc/profiles/cur/0
05-25 15:06:50.241  1380  1384 D vold    : Preparing: /data/system_de/0
05-25 15:06:50.241  1380  1384 D vold    : Preparing: /data/misc_de/0
05-25 15:06:50.241  1380  1384 D vold    : Preparing: /data/user_de/0
05-25 15:06:50.241  1380  1384 D vold    : e4crypt_unlock_user_key 0 serial=0 token_present=0
05-25 15:06:50.241  1380  1384 E vold    : Failed to chmod /data/system_ce/0: No such file or directory
05-25 15:06:50.241  1380  1384 E vold    : Failed to chmod /data/misc_ce/0: No such file or directory
05-25 15:06:50.241  1380  1384 E vold    : Failed to chmod /data/media/0: No such file or directory
05-25 15:06:50.251  1380  1382 D vold    : Recognized experimental block major ID 253 as virtio-blk (emulator's virtual SD card device)
05-25 15:06:50.251  1380  1382 V vold    : /system/bin/sgdisk
05-25 15:06:50.251  1380  1382 V vold    :     --android-dump
05-25 15:06:50.251  1380  1382 V vold    :     /dev/block/vold/disk:253,80
05-25 15:06:50.266  1380  1382 V vold    : DISK mbr
05-25 15:06:50.266  1380  1382 V vold    : 
05-25 15:06:50.267  1380  1382 W vold    : disk:253,80 has unknown partition table; trying entire device
05-25 15:06:50.267  1380  1382 V vold    : /system/bin/blkid
05-25 15:06:50.267  1380  1382 V vold    :     -c
05-25 15:06:50.267  1380  1382 V vold    :     /dev/null
05-25 15:06:50.267  1380  1382 V vold    :     -s
05-25 15:06:50.267  1380  1382 V vold    :     TYPE
05-25 15:06:50.268  1380  1382 V vold    :     -s
05-25 15:06:50.268  1380  1382 V vold    :     UUID
05-25 15:06:50.268  1380  1382 V vold    :     -s
05-25 15:06:50.268  1380  1382 V vold    :     LABEL
05-25 15:06:50.268  1380  1382 V vold    :     /dev/block/vold/disk:253,80
05-25 15:06:50.279  1380  1382 V vold    : /dev/block/vold/disk:253,80: LABEL="SDCARD" UUID="1D10-2118" TYPE="vfat" 
05-25 15:06:50.280  1380  1382 V vold    : 
05-25 15:06:50.408  1444  1444 I android.hardware.wifi@1.0-service: Wifi Hal is starting up...
05-25 15:06:50.423  1380  1384 D VoldCryptCmdListener: cryptfs mountdefaultencrypted
05-25 15:06:50.425  1380  1466 I Cryptfs : cryptfs_check_passwd
05-25 15:06:50.426  1380  1466 D Cryptfs : crypt_ftr->fs_size = 1638400
05-25 15:06:50.426  1380  1466 I Cryptfs : Using scrypt with keymaster for cryptfs KDF
05-25 15:06:50.627  1380  1466 I Cryptfs : Signing safely-padded object
05-25 15:06:50.775  1380  1466 I Cryptfs : Enabling support for allow_discards in dmcrypt.
05-25 15:06:50.836  1380  1382 D vold    : Disk at 252:0 changed
05-25 15:06:50.961  1380  1466 I Cryptfs : Password matches
05-25 15:06:50.962  1380  1466 D Cryptfs : test_mount_encrypted_fs(): Master key saved
05-25 15:06:50.963  1380  1466 D Cryptfs : Password is default - restarting filesystem
05-25 15:06:51.011  1380  1466 D Cryptfs : unmounting /data succeeded
05-25 15:06:51.023  1380  1466 I vold    : [libfs_mgr]superblock s_max_mnt_count:65535,/dev/block/dm-0
05-25 15:06:51.023  1380  1466 I vold    : [libfs_mgr]do_quota_with_shutdown_check(): was not clealy shutdown, state flag:1incompat flag:46
05-25 15:06:51.023  1380  1466 I vold    : [libfs_mgr]Requested quota status is match on /dev/block/dm-0
05-25 15:06:51.055  1380  1466 I vold    : [libfs_mgr]check_fs(): mount(/dev/block/dm-0,/data,ext4)=0: Success
05-25 15:06:51.091  1380  1466 I vold    : [libfs_mgr]check_fs(): unmount(/data) succeeded
05-25 15:06:51.091  1380  1466 I vold    : [libfs_mgr]Running /system/bin/e2fsck on /dev/block/dm-0
05-25 15:06:51.217  1380  1466 I vold    : [libfs_mgr]__mount(source=/dev/block/dm-0,target=/data,type=ext4)=0
05-25 15:06:51.218  1380  1466 D Cryptfs : Just triggered post_fs_data
05-25 15:06:51.244  1380  1384 D vold    : e4crypt_init_user0
05-25 15:06:51.245  1380  1384 D vold    : e4crypt_prepare_user_storage for volume null, user 0, serial 0, flags 1
05-25 15:06:51.245  1380  1384 D vold    : Preparing: /data/system/users/0
05-25 15:06:51.245  1380  1384 D vold    : Preparing: /data/misc/profiles/cur/0
05-25 15:06:51.245  1380  1384 D vold    : Preparing: /data/system_de/0
05-25 15:06:51.246  1380  1384 D vold    : Preparing: /data/misc_de/0
05-25 15:06:51.247  1380  1384 D vold    : Preparing: /data/user_de/0
05-25 15:06:51.248  1380  1384 D vold    : e4crypt_unlock_user_key 0 serial=0 token_present=0
05-25 15:06:51.259  1380  1466 D Cryptfs : post_fs_data done
05-25 15:06:51.261  1380  1466 D Cryptfs : Just triggered restart_framework
05-25 15:06:51.308  1531  1531 I installd: installd firing up
05-25 15:06:51.429  1539  1539 I wificond: wificond is starting up...
05-25 15:06:51.436  1538  1556 I /system/bin/storaged: storaged: Start
--------- beginning of main
05-25 15:06:51.547  1529  1529 I CameraProviderManager: Camera provider legacy/0 ready with 2 camera devices
05-25 15:06:51.547  1529  1529 I CameraHardwareInterface: Opening camera 0
05-25 15:06:51.548  1434  1434 I CamDev@1.0-impl: Opening camera 0
05-25 15:06:51.548  1434  1434 V EmulatedCamera_Camera: getCameraInfo
05-25 15:06:51.548  1434  1434 V EmulatedCamera_BaseCamera: getCameraInfo
05-25 15:06:51.548  1434  1434 V EmulatedCamera_Camera: connectCamera
05-25 15:06:51.548  1434  1434 V EmulatedCamera_QemuDevice: connectDevice
05-25 15:06:51.548  1434  1434 V EmulatedCamera_QemuDevice: connectDevice: Connected to device 'virtualscene'
05-25 15:06:51.548  1434  1434 V EmulatedCamera_CallbackNotifier: setCallbacks: 0xad3a7d80, 0xad3a7df0, 0xad3a8400, 0xad3a7910 (0xad6301c0)
05-25 15:06:51.548  1434  1434 V EmulatedCamera_Preview: setPreviewWindow: current: 0x0 -> new: 0xad6301e4
05-25 15:06:51.548  1434  1434 V EmulatedCamera_Preview: setPreviewWindow: current: 0xad6301e4 -> new: 0x0
05-25 15:06:51.548  1434  1434 V EmulatedCamera_Camera: doStopPreview
05-25 15:06:51.549  1434  1434 V EmulatedCamera_Preview: setPreviewWindow: current: 0x0 -> new: 0x0
05-25 15:06:51.549  1434  1434 I CamDev@1.0-impl: Closing camera 0
05-25 15:06:51.549  1434  1434 V EmulatedCamera_Camera: closeCamera
05-25 15:06:51.549  1434  1434 V EmulatedCamera_Camera: doStopPreview
05-25 15:06:51.549  1434  1434 V EmulatedCamera_QemuDevice: disconnectDevice
05-25 15:06:51.549  1434  1434 V EmulatedCamera_QemuDevice: disconnectDevice: Disonnected from device 'virtualscene'
05-25 15:06:51.549  1434  1434 V EmulatedCamera_Device: initializeWhiteBalanceModes with auto, 1.000000, 1.000000
05-25 15:06:51.549  1434  1434 V EmulatedCamera_Device: initializeWhiteBalanceModes with incandescent, 1.380000, 0.600000
05-25 15:06:51.549  1434  1434 V EmulatedCamera_Device: initializeWhiteBalanceModes with daylight, 1.090000, 0.920000
05-25 15:06:51.549  1434  1434 V EmulatedCamera_Device: initializeWhiteBalanceModes with twilight, 0.920000, 1.220000
05-25 15:06:51.549  1434  1434 V EmulatedCamera_Device: setWhiteBalanceMode with white balance auto
05-25 15:06:51.549  1529  1529 I CameraHardwareInterface: Opening camera 1
05-25 15:06:51.549  1434  1434 I CamDev@1.0-impl: Opening camera 1
05-25 15:06:51.549  1434  1434 V EmulatedCamera_Camera: getCameraInfo
05-25 15:06:51.549  1434  1434 V EmulatedCamera_BaseCamera: getCameraInfo
05-25 15:06:51.549  1434  1434 V EmulatedCamera_Camera: connectCamera
05-25 15:06:51.549  1434  1434 V EmulatedCamera_FakeDevice: connectDevice
05-25 15:06:51.549  1434  1434 V EmulatedCamera_CallbackNotifier: setCallbacks: 0xad3a7d80, 0xad3a7df0, 0xad3a8400, 0xad3a7910 (0xad6302a0)
05-25 15:06:51.549  1434  1434 V EmulatedCamera_Preview: setPreviewWindow: current: 0x0 -> new: 0xad6302c4
05-25 15:06:51.549  1434  1434 V EmulatedCamera_Preview: setPreviewWindow: current: 0xad6302c4 -> new: 0x0
05-25 15:06:51.549  1434  1434 V EmulatedCamera_Camera: doStopPreview
05-25 15:06:51.549  1434  1434 V EmulatedCamera_Preview: setPreviewWindow: current: 0x0 -> new: 0x0
05-25 15:06:51.549  1434  1434 I CamDev@1.0-impl: Closing camera 1
05-25 15:06:51.549  1434  1434 V EmulatedCamera_Camera: closeCamera
05-25 15:06:51.549  1434  1434 V EmulatedCamera_Camera: doStopPreview
05-25 15:06:51.549  1434  1434 V EmulatedCamera_FakeDevice: disconnectDevice
05-25 15:06:51.549  1434  1434 W EmulatedCamera_Device: Initialize: Emulated camera device is already initialized: mState = 1
05-25 15:06:51.549  1434  1434 D EmulatedCamera_FakeCamera: Initialize: Fake camera is facing front
05-25 15:06:51.549  1434  1434 V EmulatedCamera_Device: initializeWhiteBalanceModes with auto, 1.000000, 1.000000
05-25 15:06:51.549  1434  1434 V EmulatedCamera_Device: initializeWhiteBalanceModes with incandescent, 1.380000, 0.600000
05-25 15:06:51.549  1434  1434 V EmulatedCamera_Device: initializeWhiteBalanceModes with daylight, 1.090000, 0.920000
05-25 15:06:51.549  1434  1434 V EmulatedCamera_Device: initializeWhiteBalanceModes with twilight, 0.920000, 1.220000
05-25 15:06:51.549  1434  1434 V EmulatedCamera_Device: setWhiteBalanceMode with white balance auto
05-25 15:06:51.549  1529  1529 I CameraService: onDeviceStatusChanged: Status changed for cameraId=0, newStatus=1
05-25 15:06:51.549  1529  1529 E CameraService: onDeviceStatusChanged: State transition to the same status 0x1 not allowed
05-25 15:06:51.549  1529  1529 I CameraService: onDeviceStatusChanged: Status changed for cameraId=1, newStatus=1
05-25 15:06:51.549  1529  1529 E CameraService: onDeviceStatusChanged: State transition to the same status 0x1 not allowed
05-25 15:06:51.552  1528  1601 I AudioFlinger: AudioFlinger's thread 0xa5403040 tid=1601 ready to run
05-25 15:06:51.552  1528  1601 W AudioFlinger: no wake lock to update, system not ready yet
05-25 15:06:51.554  1528  1601 W AudioFlinger: no wake lock to update, system not ready yet
05-25 15:06:51.554  1529  1598 W CameraProviderManager: addProviderLocked: Camera provider HAL with name 'legacy/0' already registered
05-25 15:06:51.554  1528  1607 I AudioFlinger: AudioFlinger's thread 0xa5203d80 tid=1607 ready to run
05-25 15:06:51.554  1432  1432 I vndksupport: sphal namespace is not configured for this process. Loading /vendor/lib/hw/audio.r_submix.default.so from the current namespace instead.
05-25 15:06:51.556  1527  1527 D AndroidRuntime: >>>>>> START com.android.internal.os.ZygoteInit uid 0 <<<<<<
05-25 15:06:51.559  1534  1534 V MediaUtils: physMem: 1585807360
05-25 15:06:51.560  1534  1534 V MediaUtils: requested limit: 317161460
05-25 15:06:51.560  1534  1534 V MediaUtils: actual limit: 317161460
05-25 15:06:51.560  1534  1534 V MediaUtils: original limits: 4294967295/4294967295
05-25 15:06:51.560  1534  1534 V MediaUtils: new limits: 317161460/4294967295
05-25 15:06:51.561  1432  1432 I r_submix: adev_open(name=audio_hw_if)
05-25 15:06:51.562  1432  1432 I r_submix: adev_init_check()
05-25 15:06:51.563  1432  1432 W DeviceHAL: Device 0xa624c540 set_master_mute: Function not implemented
05-25 15:06:51.563  1528  1528 I AudioFlinger: loadHwModule() Loaded r_submix audio interface, handle 18
05-25 15:06:51.563  1432  1432 D r_submix: adev_open_input_stream(addr=0)
05-25 15:06:51.563  1432  1432 D r_submix: submix_audio_device_create_pipe_l(addr=0, idx=9)
05-25 15:06:51.563  1432  1432 D r_submix:   now using address 0 for route 9
05-25 15:06:51.565  1528  1612 I AudioFlinger: AudioFlinger's thread 0xa5203100 tid=1612 ready to run
05-25 15:06:51.565  1432  1432 D r_submix: adev_close_input_stream()
05-25 15:06:51.565  1432  1432 D r_submix: submix_audio_device_release_pipe_l(idx=9) addr=0
05-25 15:06:51.565  1432  1432 D r_submix: submix_audio_device_destroy_pipe_l(): pipe destroyed
05-25 15:06:51.566  1528  1528 I RadioService: RadioService
05-25 15:06:51.566  1528  1528 I RadioService: onFirstRef
05-25 15:06:51.566  1432  1432 I BroadcastRadio: onFirstRef mClassId 0
05-25 15:06:51.566  1432  1432 I BroadcastRadio: onFirstRef RADIO_HARDWARE_MODULE_ID radio fm
05-25 15:06:51.567  1432  1432 E BroadcastRadio: couldn't load radio module radio.fm (No such file or directory)
05-25 15:06:51.567  1528  1528 E RadioService: could not read implementation properties
05-25 15:06:51.568  1528  1528 I SoundTriggerHalHidl: getProperties res implementor 
05-25 15:06:51.568  1528  1528 I SoundTriggerHalHidl: getProperties ret -19
05-25 15:06:51.568  1528  1528 E SoundTriggerHwService: could not read implementation properties
05-25 15:06:51.568  1534  1534 W /system/bin/mediaextractor: Could not read additional policy file '/vendor/etc/seccomp_policy/mediaextractor.policy'
05-25 15:06:51.568  1534  1534 W /system/bin/mediaextractor: libminijail[1534]: allowing syscall: socketcall
05-25 15:06:51.568  1534  1534 W /system/bin/mediaextractor: libminijail[1534]: allowing syscall: writev
05-25 15:06:51.568  1534  1534 W /system/bin/mediaextractor: libminijail[1534]: allowing syscall: fcntl64
05-25 15:06:51.568  1534  1534 W /system/bin/mediaextractor: libminijail[1534]: allowing syscall: clock_gettime
05-25 15:06:51.568  1534  1534 W /system/bin/mediaextractor: libminijail[1534]: logging seccomp filter failures
05-25 15:06:51.577  1527  1527 I zygote  : option[0]=-Xzygote
05-25 15:06:51.577  1527  1527 I zygote  : option[1]=-Xcheck:jni
05-25 15:06:51.577  1527  1527 I zygote  : option[2]=-Xstacktracefile:/data/anr/traces.txt
05-25 15:06:51.577  1527  1527 I zygote  : option[3]=exit
05-25 15:06:51.577  1527  1527 I zygote  : option[4]=vfprintf
05-25 15:06:51.577  1527  1527 I zygote  : option[5]=sensitiveThread
05-25 15:06:51.577  1527  1527 I zygote  : option[6]=-verbose:gc
05-25 15:06:51.577  1527  1527 I zygote  : option[7]=-Xms4m
05-25 15:06:51.577  1527  1527 I zygote  : option[8]=-Xmx384m
05-25 15:06:51.577  1527  1527 I zygote  : option[9]=-Xusejit:true
05-25 15:06:51.577  1527  1527 I zygote  : option[10]=-Xjitsaveprofilinginfo
05-25 15:06:51.577  1527  1527 I zygote  : option[11]=-agentlib:jdwp=transport=dt_android_adb,suspend=n,server=y
05-25 15:06:51.577  1527  1527 I zygote  : option[12]=-Xlockprofthreshold:500
05-25 15:06:51.577  1527  1527 I zygote  : option[13]=-Ximage-compiler-option
05-25 15:06:51.577  1527  1527 I zygote  : option[14]=--runtime-arg
05-25 15:06:51.577  1527  1527 I zygote  : option[15]=-Ximage-compiler-option
05-25 15:06:51.577  1527  1527 I zygote  : option[16]=-Xms64m
05-25 15:06:51.577  1527  1527 I zygote  : option[17]=-Ximage-compiler-option
05-25 15:06:51.577  1527  1527 I zygote  : option[18]=--runtime-arg
05-25 15:06:51.577  1527  1527 I zygote  : option[19]=-Ximage-compiler-option
05-25 15:06:51.577  1527  1527 I zygote  : option[20]=-Xmx64m
05-25 15:06:51.577  1527  1527 I zygote  : option[21]=-Ximage-compiler-option
05-25 15:06:51.577  1527  1527 I zygote  : option[22]=--image-classes=/system/etc/preloaded-classes
05-25 15:06:51.577  1527  1527 I zygote  : option[23]=-Ximage-compiler-option
05-25 15:06:51.577  1527  1527 I zygote  : option[24]=--compiled-classes=/system/etc/compiled-classes
05-25 15:06:51.577  1527  1527 I zygote  : option[25]=-Xcompiler-option
05-25 15:06:51.577  1527  1527 I zygote  : option[26]=--runtime-arg
05-25 15:06:51.577  1527  1527 I zygote  : option[27]=-Xcompiler-option
05-25 15:06:51.577  1527  1527 I zygote  : option[28]=-Xms64m
05-25 15:06:51.577  1527  1527 I zygote  : option[29]=-Xcompiler-option
05-25 15:06:51.577  1527  1527 I zygote  : option[30]=--runtime-arg
05-25 15:06:51.577  1527  1527 I zygote  : option[31]=-Xcompiler-option
05-25 15:06:51.577  1527  1527 I zygote  : option[32]=-Xmx512m
05-25 15:06:51.577  1527  1527 I zygote  : option[33]=-Ximage-compiler-option
05-25 15:06:51.577  1527  1527 I zygote  : option[34]=--instruction-set-variant=x86
05-25 15:06:51.577  1527  1527 I zygote  : option[35]=-Xcompiler-option
05-25 15:06:51.577  1527  1527 I zygote  : option[36]=--instruction-set-variant=x86
05-25 15:06:51.577  1527  1527 I zygote  : option[37]=-Ximage-compiler-option
05-25 15:06:51.577  1527  1527 I zygote  : option[38]=--instruction-set-features=default
05-25 15:06:51.577  1527  1527 I zygote  : option[39]=-Xcompiler-option
05-25 15:06:51.577  1527  1527 I zygote  : option[40]=--instruction-set-features=default
05-25 15:06:51.577  1527  1527 I zygote  : option[41]=-Duser.locale=en-US
05-25 15:06:51.577  1527  1527 I zygote  : option[42]=--cpu-abilist=x86
05-25 15:06:51.577  1527  1527 I zygote  : option[43]=-Xfingerprint:google/sdk_gphone_x86/generic_x86:8.0.0/OSR1.180418.003/4741120:userdebug/dev-keys
05-25 15:06:51.661  1537  1537 W netd    : type=1400 audit(0.0:10): avc: denied { module_request } for kmod="netdev-dummy0" scontext=u:r:netd:s0 tcontext=u:r:kernel:s0 tclass=system permissive=0
05-25 15:06:51.671  1537  1537 E Netd    : cannot find interface dummy0
05-25 15:06:51.674  1537  1537 I Netd    : Initializing RouteController: 147.7ms
05-25 15:06:51.675  1537  1537 E Netd    : Unable to create netlink socket: Protocol not supported
05-25 15:06:51.675  1537  1537 W Netd    : Unable to open qlog quota socket, check if xt_quota2 can send via UeventHandler
05-25 15:06:51.661  1537  1537 W netd    : type=1400 audit(0.0:11): avc: denied { module_request } for kmod="net-pf-16-proto-5" scontext=u:r:netd:s0 tcontext=u:r:kernel:s0 tclass=system permissive=0
05-25 15:06:51.684  1537  1537 D MDnsDS  : MDnsSdListener::Hander starting up
05-25 15:06:51.684  1537  1626 D MDnsDS  : MDnsSdListener starting to monitor
05-25 15:06:51.684  1537  1626 D MDnsDS  : Going to poll with pollCount 1
05-25 15:06:51.684  1537  1537 I Netd    : Registering NetdNativeService: 0.6ms
05-25 15:06:51.684  1537  1537 I Netd    : Starting CommandListener: 0.0ms
05-25 15:06:51.684  1537  1537 I Netd    : Netd started in 308ms
05-25 15:06:51.960  1527  1527 I SamplingProfilerIntegration: Profiling disabled.
05-25 15:06:51.961  1527  1527 D Zygote  : begin preload
05-25 15:06:51.962  1527  1527 I Zygote  : Installing ICU cache reference pinning...
05-25 15:06:51.962  1527  1527 I Zygote  : Preloading ICU data...
05-25 15:06:51.996  1527  1527 D Zygote32Timing: BeginIcuCachePinning took to complete: 34ms
05-25 15:06:51.996  1527  1527 I Zygote  : Preloading classes...
05-25 15:06:52.011  1669  1669 W hostapd : type=1400 audit(0.0:12): avc: denied { setgid } for capability=6 scontext=u:r:hostapd:s0 tcontext=u:r:hostapd:s0 tclass=capability permissive=0
05-25 15:06:52.011  1669  1669 W hostapd : type=1400 audit(0.0:13): avc: denied { setgid } for capability=6 scontext=u:r:hostapd:s0 tcontext=u:r:hostapd:s0 tclass=capability permissive=0
05-25 15:06:52.011  1669  1669 W hostapd : type=1400 audit(0.0:14): avc: denied { setuid } for capability=7 scontext=u:r:hostapd:s0 tcontext=u:r:hostapd:s0 tclass=capability permissive=0
05-25 15:06:52.033  1669  1669 E hostapd : Configuration file: /vendor/etc/simulated_hostapd.conf
05-25 15:06:52.037  1669  1669 I hostapd : rfkill: Cannot get wiphy information
05-25 15:06:52.038  1669  1669 I hostapd : wlan1: interface state UNINITIALIZED->COUNTRY_UPDATE
05-25 15:06:52.192  1527  1527 E ActivityRecognitionHardware: activity_recognition HAL is deprecated. class_init is effectively a no-op
05-25 15:06:52.213  1527  1527 I zygote  : Thread[1,tid=1527,Native,Thread*=0xa365a000,peer=0x12c01c58,"main"] recursive attempt to load library "/system/lib/libmedia_jni.so"
05-25 15:06:52.214  1527  1527 D MtpDeviceJNI: register_android_mtp_MtpDevice
05-25 15:06:52.214  1527  1527 I zygote  : Thread[1,tid=1527,Native,Thread*=0xa365a000,peer=0x12c01c58,"main"] recursive attempt to load library "/system/lib/libmedia_jni.so"
05-25 15:06:52.214  1527  1527 I zygote  : Thread[1,tid=1527,Native,Thread*=0xa365a000,peer=0x12c01c58,"main"] recursive attempt to load library "/system/lib/libmedia_jni.so"
05-25 15:06:52.296  1527  1527 I System  : Loaded time zone names for "" in 21ms (21ms in ICU)
05-25 15:06:52.300  1527  1527 I System  : Loaded time zone names for "en_US" in 4ms (4ms in ICU)
05-25 15:06:52.310  1527  1527 I Zygote  : ...preloaded 4570 classes in 314ms.
05-25 15:06:52.310  1527  1527 I zygote  : VMRuntime.preloadDexCaches starting
05-25 15:06:52.339  1527  1527 I zygote  : VMRuntime.preloadDexCaches strings total=306443 before=3009 after=3009
05-25 15:06:52.339  1527  1527 I zygote  : VMRuntime.preloadDexCaches types total=26184 before=2674 after=3314
05-25 15:06:52.339  1527  1527 I zygote  : VMRuntime.preloadDexCaches fields total=123843 before=2147 after=1211
05-25 15:06:52.339  1527  1527 I zygote  : VMRuntime.preloadDexCaches methods total=219906 before=87624 after=87718
05-25 15:06:52.339  1527  1527 I zygote  : VMRuntime.preloadDexCaches finished
05-25 15:06:52.339  1527  1527 D Zygote32Timing: PreloadClasses took to complete: 343ms
05-25 15:06:52.370  1527  1527 I Zygote  : Preloading resources...
05-25 15:06:52.379  1452  1452 I boot-pipe: done populating /dev/random
05-25 15:06:52.390  1527  1527 W Resources: Preloaded drawable resource #0x1080264 (android:drawable/dialog_background_material) that varies with configuration!!
05-25 15:06:52.393  1527  1527 W Resources: Preloaded color resource #0x10600de (android:color/material_grey_800) that varies with configuration!!
05-25 15:06:52.393  1527  1527 W Resources: Preloaded drawable resource #0x10802d1 (android:drawable/floating_popup_background_dark) that varies with configuration!!
05-25 15:06:52.446  1527  1527 I Zygote  : ...preloaded 114 resources in 76ms.
05-25 15:06:52.448  1527  1527 W Resources: Preloaded color resource #0x1060036 (android:color/background_cache_hint_selector_material_dark) that varies with configuration!!
05-25 15:06:52.448  1527  1527 W Resources: Preloaded color resource #0x1060053 (android:color/btn_default_material_dark) that varies with configuration!!
05-25 15:06:52.449  1527  1527 I Zygote  : ...preloaded 41 resources in 3ms.
05-25 15:06:52.449  1527  1527 D Zygote32Timing: PreloadResources took to complete: 110ms
05-25 15:06:52.449  1527  1527 D libEGL  : Emulator has host GPU support, qemu.gles is set to 1.
05-25 15:06:52.449  1527  1527 E vndksupport: Could not load /vendor/lib/egl/libGLES_emulation.so from sphal namespace: dlopen failed: library "/vendor/lib/egl/libGLES_emulation.so" not found.
05-25 15:06:52.449  1527  1527 E libEGL  : load_driver(/vendor/lib/egl/libGLES_emulation.so): unknown
05-25 15:06:52.452  1527  1527 D libEGL  : loaded /vendor/lib/egl/libEGL_emulation.so
05-25 15:06:52.453  1527  1527 D libEGL  : loaded /vendor/lib/egl/libGLESv1_CM_emulation.so
05-25 15:06:52.460  1527  1527 D libEGL  : loaded /vendor/lib/egl/libGLESv2_emulation.so
05-25 15:06:52.468  1527  1527 I Zygote  : Preloading shared libraries...
05-25 15:06:52.470  1527  1527 E Hyphenator: hyphenation patterns for /system/usr/hyphen-data/hyph-as.hyb not found or unreadable
05-25 15:06:52.471  1527  1527 E Hyphenator: hyphenation patterns for /system/usr/hyphen-data/hyph-bg.hyb not found or unreadable
05-25 15:06:52.471  1527  1527 E Hyphenator: hyphenation patterns for /system/usr/hyphen-data/hyph-bn.hyb not found or unreadable
05-25 15:06:52.471  1527  1527 E Hyphenator: hyphenation patterns for /system/usr/hyphen-data/hyph-cu.hyb not found or unreadable
05-25 15:06:52.471  1527  1527 E Hyphenator: hyphenation patterns for /system/usr/hyphen-data/hyph-cy.hyb not found or unreadable
05-25 15:06:52.471  1527  1527 E Hyphenator: hyphenation patterns for /system/usr/hyphen-data/hyph-da.hyb not found or unreadable
05-25 15:06:52.471  1527  1527 E Hyphenator: hyphenation patterns for /system/usr/hyphen-data/hyph-de-1901.hyb not found or unreadable
05-25 15:06:52.471  1527  1527 E Hyphenator: hyphenation patterns for /system/usr/hyphen-data/hyph-de-1996.hyb not found or unreadable
05-25 15:06:52.471  1527  1527 E Hyphenator: hyphenation patterns for /system/usr/hyphen-data/hyph-de-ch-1901.hyb not found or unreadable
05-25 15:06:52.471  1527  1527 E Hyphenator: hyphenation patterns for /system/usr/hyphen-data/hyph-en-gb.hyb not found or unreadable
05-25 15:06:52.471  1527  1527 E Hyphenator: hyphenation patterns for /system/usr/hyphen-data/hyph-en-us.hyb not found or unreadable
05-25 15:06:52.471  1527  1527 E Hyphenator: hyphenation patterns for /system/usr/hyphen-data/hyph-es.hyb not found or unreadable
05-25 15:06:52.471  1527  1527 E Hyphenator: hyphenation patterns for /system/usr/hyphen-data/hyph-et.hyb not found or unreadable
05-25 15:06:52.471  1527  1527 E Hyphenator: hyphenation patterns for /system/usr/hyphen-data/hyph-eu.hyb not found or unreadable
05-25 15:06:52.471  1527  1527 E Hyphenator: hyphenation patterns for /system/usr/hyphen-data/hyph-fr.hyb not found or unreadable
05-25 15:06:52.471  1527  1527 E Hyphenator: hyphenation patterns for /system/usr/hyphen-data/hyph-ga.hyb not found or unreadable
05-25 15:06:52.471  1527  1527 E Hyphenator: hyphenation patterns for /system/usr/hyphen-data/hyph-gu.hyb not found or unreadable
05-25 15:06:52.471  1527  1527 E Hyphenator: hyphenation patterns for /system/usr/hyphen-data/hyph-hi.hyb not found or unreadable
05-25 15:06:52.471  1527  1527 E Hyphenator: hyphenation patterns for /system/usr/hyphen-data/hyph-hr.hyb not found or unreadable
05-25 15:06:52.471  1527  1527 E Hyphenator: hyphenation patterns for /system/usr/hyphen-data/hyph-hu.hyb not found or unreadable
05-25 15:06:52.471  1527  1527 E Hyphenator: hyphenation patterns for /system/usr/hyphen-data/hyph-hy.hyb not found or unreadable
05-25 15:06:52.471  1527  1527 E Hyphenator: hyphenation patterns for /system/usr/hyphen-data/hyph-kn.hyb not found or unreadable
05-25 15:06:52.471  1527  1527 E Hyphenator: hyphenation patterns for /system/usr/hyphen-data/hyph-ml.hyb not found or unreadable
05-25 15:06:52.471  1527  1527 E Hyphenator: hyphenation patterns for /system/usr/hyphen-data/hyph-mn-cyrl.hyb not found or unreadable
05-25 15:06:52.471  1527  1527 E Hyphenator: hyphenation patterns for /system/usr/hyphen-data/hyph-mr.hyb not found or unreadable
05-25 15:06:52.471  1527  1527 E Hyphenator: hyphenation patterns for /system/usr/hyphen-data/hyph-nb.hyb not found or unreadable
05-25 15:06:52.471  1527  1527 E Hyphenator: hyphenation patterns for /system/usr/hyphen-data/hyph-nn.hyb not found or unreadable
05-25 15:06:52.471  1527  1527 E Hyphenator: hyphenation patterns for /system/usr/hyphen-data/hyph-or.hyb not found or unreadable
05-25 15:06:52.471  1527  1527 E Hyphenator: hyphenation patterns for /system/usr/hyphen-data/hyph-pa.hyb not found or unreadable
05-25 15:06:52.471  1527  1527 E Hyphenator: hyphenation patterns for /system/usr/hyphen-data/hyph-pt.hyb not found or unreadable
05-25 15:06:52.471  1527  1527 E Hyphenator: hyphenation patterns for /system/usr/hyphen-data/hyph-sl.hyb not found or unreadable
05-25 15:06:52.471  1527  1527 E Hyphenator: hyphenation patterns for /system/usr/hyphen-data/hyph-ta.hyb not found or unreadable
05-25 15:06:52.471  1527  1527 E Hyphenator: hyphenation patterns for /system/usr/hyphen-data/hyph-te.hyb not found or unreadable
05-25 15:06:52.471  1527  1527 E Hyphenator: hyphenation patterns for /system/usr/hyphen-data/hyph-tk.hyb not found or unreadable
05-25 15:06:52.471  1527  1527 E Hyphenator: hyphenation patterns for /system/usr/hyphen-data/hyph-und-ethi.hyb not found or unreadable
05-25 15:06:52.474  1527  1527 I Zygote  : Uninstalled ICU cache reference pinning...
05-25 15:06:52.477  1527  1527 I Zygote  : Installed AndroidKeyStoreProvider in 2ms.
05-25 15:06:52.480  1527  1527 I Zygote  : Warmed up JCA providers in 3ms.
05-25 15:06:52.481  1527  1527 D Zygote  : end preload
05-25 15:06:52.481  1527  1527 D Zygote32Timing: ZygotePreload took to complete: 520ms
05-25 15:06:52.489  1527  1527 I zygote  : Explicit concurrent copying GC freed 31477(1689KB) AllocSpace objects, 4(104KB) LOS objects, 75% free, 1024KB/4MB, paused 332us total 7.807ms
05-25 15:06:52.494  1527  1527 I zygote  : Explicit concurrent copying GC freed 5460(206KB) AllocSpace objects, 0(0B) LOS objects, 75% free, 850KB/3MB, paused 83us total 3.094ms
05-25 15:06:52.494  1527  1527 D Zygote32Timing: PostZygoteInitGC took to complete: 13ms
05-25 15:06:52.494  1527  1527 D Zygote32Timing: ZygoteInit took to complete: 535ms
05-25 15:06:52.541  1527  1527 I zygote  : Global filter of size 210 installed
05-25 15:06:52.559  1527  1527 I Zygote  : System server process 1681 has been created
05-25 15:06:52.564  1527  1527 I Zygote  : Accepting command socket connections
05-25 15:06:52.594  1681  1681 I SystemServer: InitBeforeStartServices
05-25 15:06:52.594  1681  1681 I SystemServer: Entered the Android system server!
05-25 15:06:52.694  1681  1681 D SystemServerTiming: InitBeforeStartServices took to complete: 100ms
05-25 15:06:52.694  1681  1681 I SystemServer: StartServices
05-25 15:06:52.694  1681  1681 I SystemServer: Reading configuration...
05-25 15:06:52.694  1681  1681 I SystemServer: ReadingSystemConfig
05-25 15:06:52.695  1681  1681 D SystemServerTiming: ReadingSystemConfig took to complete: 1ms
05-25 15:06:52.695  1681  1681 I SystemServer: StartInstaller
05-25 15:06:52.696  1681  1694 D SystemServerInitThreadPool: Started executing ReadingSystemConfig
05-25 15:06:52.697  1681  1681 I SystemServiceManager: Starting com.android.server.pm.Installer
05-25 15:06:52.699  1531  1547 D installd: Found quota mount /dev/block/dm-0 at /data
05-25 15:06:52.699  1531  1547 D installd: Found quota mount /dev/block/dm-0 at /data/var/run/netns
05-25 15:06:52.699  1681  1681 D SystemServerTiming: StartInstaller took to complete: 4ms
05-25 15:06:52.699  1681  1681 I SystemServer: DeviceIdentifiersPolicyService
05-25 15:06:52.700  1681  1681 I SystemServiceManager: Starting com.android.server.os.DeviceIdentifiersPolicyService
05-25 15:06:52.701  1681  1681 D SystemServerTiming: DeviceIdentifiersPolicyService took to complete: 2ms
05-25 15:06:52.701  1681  1681 I SystemServer: StartActivityManager
05-25 15:06:52.702  1681  1681 I SystemServiceManager: Starting com.android.server.am.ActivityManagerService$Lifecycle
05-25 15:06:52.715  1681  1694 D SystemServerInitThreadPool: Finished executing ReadingSystemConfig
05-25 15:06:52.720  1681  1681 I ActivityManager: Memory class: 384
05-25 15:06:52.721  1681  1696 I ServiceThread: Enabled StrictMode logging for ActivityManager looper.
05-25 15:06:52.722  1681  1697 I ServiceThread: Enabled StrictMode logging for android.ui looper.
05-25 15:06:52.742  1681  1681 D BatteryStatsImpl: Reading daily items from /data/system/batterystats-daily.xml
05-25 15:06:52.775  1370  1370 W /system/bin/hwservicemanager: getTransportFromManifest: Cannot find entry android.hardware.memtrack@1.0::IMemtrack in either framework or device manifest, using default transport.
05-25 15:06:52.775  1681  1681 I chatty  : uid=1000 system_server expire 143 lines
05-25 15:06:52.788  1681  1681 I IntentFirewall: Read new rules (A:0 B:0 S:0)
05-25 15:06:52.792  1681  1703 I ServiceThread: Enabled StrictMode logging for android.display looper.
05-25 15:06:52.796  1681  1681 D AppOps  : AppOpsService published
05-25 15:06:52.796  1681  1681 D SystemServerTiming: StartActivityManager took to complete: 95ms
05-25 15:06:52.796  1681  1681 I SystemServer: StartPowerManager
05-25 15:06:52.796  1681  1681 I SystemServiceManager: Starting com.android.server.power.PowerManagerService
05-25 15:06:52.797  1681  1705 I ServiceThread: Enabled StrictMode logging for PowerManagerService looper.
05-25 15:06:52.800  1681  1681 D SystemServerTiming: StartPowerManager took to complete: 4ms
05-25 15:06:52.801  1681  1681 I SystemServer: InitPowerManagement
05-25 15:06:52.802  1681  1681 D SystemServerTiming: InitPowerManagement took to complete: 1ms
05-25 15:06:52.802  1681  1681 I SystemServer: StartRecoverySystemService
05-25 15:06:52.802  1681  1681 I SystemServiceManager: Starting com.android.server.RecoverySystemService
05-25 15:06:52.803  1681  1681 D SystemServerTiming: StartRecoverySystemService took to complete: 1ms
05-25 15:06:52.806  1681  1681 W RescueParty: Failed to determine if device was on USB
05-25 15:06:52.806  1681  1681 W RescueParty: java.io.FileNotFoundException: /sys/class/android_usb/android0/state (No such file or directory)
05-25 15:06:52.806  1681  1681 W RescueParty: 	at java.io.FileInputStream.open0(Native Method)
05-25 15:06:52.806  1681  1681 W RescueParty: 	at java.io.FileInputStream.open(FileInputStream.java:200)
05-25 15:06:52.806  1681  1681 W RescueParty: 	at java.io.FileInputStream.<init>(FileInputStream.java:150)
05-25 15:06:52.806  1681  1681 W RescueParty: 	at android.os.FileUtils.readTextFile(FileUtils.java:262)
05-25 15:06:52.806  1681  1681 W RescueParty: 	at com.android.server.RescueParty.isUsbActive(RescueParty.java:340)
05-25 15:06:52.806  1681  1681 W RescueParty: 	at com.android.server.RescueParty.isDisabled(RescueParty.java:85)
05-25 15:06:52.806  1681  1681 W RescueParty: 	at com.android.server.RescueParty.noteBoot(RescueParty.java:104)
05-25 15:06:52.806  1681  1681 W RescueParty: 	at com.android.server.SystemServer.startBootstrapServices(SystemServer.java:543)
05-25 15:06:52.806  1681  1681 W RescueParty: 	at com.android.server.SystemServer.run(SystemServer.java:394)
05-25 15:06:52.806  1681  1681 W RescueParty: 	at com.android.server.SystemServer.main(SystemServer.java:260)
05-25 15:06:52.806  1681  1681 W RescueParty: 	at java.lang.reflect.Method.invoke(Native Method)
05-25 15:06:52.806  1681  1681 W RescueParty: 	at com.android.internal.os.Zygote$MethodAndArgsCaller.run(Zygote.java:240)
05-25 15:06:52.806  1681  1681 W RescueParty: 	at com.android.internal.os.ZygoteInit.main(ZygoteInit.java:767)
05-25 15:06:52.806  1681  1681 W RescueParty: Noticed 1 events for UID 0 in last 4 sec
05-25 15:06:52.806  1681  1681 I SystemServer: StartLightsService
05-25 15:06:52.806  1681  1681 I SystemServiceManager: Starting com.android.server.lights.LightsService
05-25 15:06:52.807  1681  1681 D SystemServerTiming: StartLightsService took to complete: 1ms
05-25 15:06:52.808  1681  1681 I SystemServer: StartDisplayManager
05-25 15:06:52.808  1681  1681 I SystemServiceManager: Starting com.android.server.display.DisplayManagerService
05-25 15:06:52.811  1681  1681 D SystemServerTiming: StartDisplayManager took to complete: 3ms
05-25 15:06:52.811  1681  1681 I SystemServer: WaitForDisplay
05-25 15:06:52.811  1681  1681 I SystemServiceManager: Starting phase 100
05-25 15:06:52.811  1455  1524 E SurfaceFlinger: ro.sf.lcd_density must be defined as a build property
05-25 15:06:52.813  1681  1703 E LocalDisplayAdapter: Default and active color mode is no longer available! Reverting to first available mode.
05-25 15:06:52.816  1681  1703 I DisplayManagerService: Display device added: DisplayDeviceInfo{"Built-in Screen": uniqueId="local:0", 1080 x 1920, modeId 1, defaultModeId 1, supportedModes [{id=1, width=1080, height=1920, fps=60.000004}], colorMode -22, supportedColorModes [-22], HdrCapabilities android.view.Display$HdrCapabilities@1d6308, density 480, 480.0 x 480.0 dpi, appVsyncOff 1000000, presDeadline 16666666, touch INTERNAL, rotation 0, type BUILT_IN, state UNKNOWN, FLAG_DEFAULT_DISPLAY, FLAG_ROTATES_WITH_CONTENT, FLAG_SECURE, FLAG_SUPPORTS_PROTECTED_BUFFERS}
05-25 15:06:52.817  1455  1455 D SurfaceFlinger: Set power mode=2, type=0 flinger=0xb1449000
05-25 15:06:52.818  1370  1370 W /system/bin/hwservicemanager: getTransportFromManifest: Cannot find entry android.hardware.light@2.0::ILight in either framework or device manifest, using default transport.
05-25 15:06:52.818  1681  1703 I chatty  : uid=1000(system) android.display expire 4 lines
05-25 15:06:52.818  1681  1703 I DisplayManagerService: Display device changed state: "Built-in Screen", ON
05-25 15:06:52.818  1681  1681 D SystemServerTiming: WaitForDisplay took to complete: 7ms
05-25 15:06:52.819  1681  1681 I SystemServer: StartPackageManagerService
05-25 15:06:52.844  1681  1681 D SELinuxMMAC: Using policy file /system/etc/selinux/plat_mac_permissions.xml
05-25 15:06:52.845  1681  1681 D SELinuxMMAC: Using policy file /vendor/etc/selinux/nonplat_mac_permissions.xml
05-25 15:06:52.892  1681  1681 W PackageManager: Failed to parse /system/framework/oat: Missing base APK in /system/framework/oat
05-25 15:06:52.892  1681  1681 W PackageManager: Failed to parse /system/framework/x86: Missing base APK in /system/framework/x86
05-25 15:06:53.021  1666  1666 E ipv6proxy: Failed to forward Router Advertisement from eth0 to wlan1: Network is unreachable
05-25 15:06:53.068  1681  1681 I PackageManager: Time to scan packages: 0.184 seconds
05-25 15:06:53.070  1681  1681 I PackageManager: Un-granting permission android.permission.CLEAR_APP_USER_DATA from package com.google.android.packageinstaller (protectionLevel=258 flags=0x38483e45)
05-25 15:06:53.070  1681  1681 I PackageManager: Un-granting permission android.permission.GRANT_RUNTIME_PERMISSIONS from package com.google.android.packageinstaller (protectionLevel=770 flags=0x38483e45)
05-25 15:06:53.070  1681  1681 I PackageManager: Un-granting permission android.permission.REVOKE_RUNTIME_PERMISSIONS from package com.google.android.packageinstaller (protectionLevel=770 flags=0x38483e45)
05-25 15:06:53.070  1681  1681 I PackageManager: Un-granting permission android.permission.INSTALL_GRANT_RUNTIME_PERMISSIONS from package com.google.android.packageinstaller (protectionLevel=770 flags=0x38483e45)
05-25 15:06:53.070  1681  1681 I PackageManager: Un-granting permission android.permission.INTERACT_ACROSS_USERS_FULL from package com.google.android.packageinstaller (protectionLevel=258 flags=0x38483e45)
05-25 15:06:53.070  1681  1681 I PackageManager: Un-granting permission android.permission.KILL_UID from package com.google.android.packageinstaller (protectionLevel=258 flags=0x38483e45)
05-25 15:06:53.070  1681  1681 I PackageManager: Un-granting permission android.permission.MANAGE_APP_OPS_RESTRICTIONS from package com.google.android.packageinstaller (protectionLevel=258 flags=0x38483e45)
05-25 15:06:53.070  1681  1681 I PackageManager: Un-granting permission android.permission.HIDE_NON_SYSTEM_OVERLAY_WINDOWS from package com.google.android.packageinstaller (protectionLevel=258 flags=0x38483e45)
05-25 15:06:53.070  1681  1681 I PackageManager: Un-granting permission android.permission.ACCESS_INSTANT_APPS from package com.google.android.packageinstaller (protectionLevel=770 flags=0x38483e45)
05-25 15:06:53.070  1666  1666 E ipv6proxy: Failed to forward Router Advertisement from eth0 to radio0-peer: Cannot assign requested address
05-25 15:06:53.071  1681  1681 V PackageManager: reconcileAppsData for null u0 0x3 migrateAppData=true
05-25 15:06:53.073  1531  1547 I SELinux : SELinux: Loaded file_contexts
05-25 15:06:53.102  1681  1681 V PackageManager: reconcileAppsData finished 18 packages
05-25 15:06:53.102  1681  1727 D SystemServerInitThreadPool: Started executing prepareAppData
05-25 15:06:53.103  1531  1547 W installd: Ignoring /data/data/com.android.defcontainer/lib with unexpected GID 0 instead of 10006
05-25 15:06:53.105  1531  1547 W installd: Ignoring /data/data/com.google.android.inputmethod.latin/lib with unexpected GID 0 instead of 10056
05-25 15:06:53.107  1531  1547 W installd: Ignoring /data/data/com.google.android.youtube/lib with unexpected GID 0 instead of 10077
05-25 15:06:53.108  1531  1547 W installd: Ignoring /data/data/com.google.android.googlequicksearchbox/lib with unexpected GID 0 instead of 10030
05-25 15:06:53.112  1531  1547 W installd: Ignoring /data/data/com.google.android.apps.messaging/lib with unexpected GID 0 instead of 10067
05-25 15:06:53.114  1531  1547 W installd: Ignoring /data/data/com.android.pacprocessor/lib with unexpected GID 0 instead of 10064
05-25 15:06:53.116  1531  1547 W installd: Ignoring /data/data/com.android.camera2/lib with unexpected GID 0 instead of 10038
05-25 15:06:53.117  1531  1547 W installd: Ignoring /data/data/com.google.android.apps.inputmethod.hindi/lib with unexpected GID 0 instead of 10051
05-25 15:06:53.119  1531  1547 W installd: Ignoring /data/data/com.google.android.apps.tachyon/lib with unexpected GID 0 instead of 10046
05-25 15:06:53.123  1531  1547 W installd: Ignoring /data/data/com.android.printspooler/lib with unexpected GID 0 instead of 10068
05-25 15:06:53.124  1531  1547 W installd: Ignoring /data/data/com.android.bips/lib with unexpected GID 0 instead of 10033
05-25 15:06:53.125  1531  1547 W installd: Ignoring /data/data/com.google.android.apps.docs/lib with unexpected GID 0 instead of 10050
05-25 15:06:53.126  1531  1547 W installd: Ignoring /data/data/com.google.android.apps.maps/lib with unexpected GID 0 instead of 10059
05-25 15:06:53.129  1531  1547 W installd: Ignoring /data/data/com.android.chrome/lib with unexpected GID 0 instead of 10043
05-25 15:06:53.130  1681  1681 V PackageManager: Ephemeral resolver found; pkg: com.google.android.gms, info:ResolveInfo{b8594c2 com.google.android.gms/.chimera.PersistentBoundBrokerService m=0x108000}
05-25 15:06:53.130  1681  1681 D PackageManager: Set ephemeral resolver: Pair{ComponentInfo{com.google.android.gms/com.google.android.gms.chimera.PersistentBoundBrokerService} android.intent.action.RESOLVE_INSTANT_APP_PACKAGE}
05-25 15:06:53.131  1531  1547 W installd: Ignoring /data/data/com.google.android.gms/lib with unexpected GID 0 instead of 10012
05-25 15:06:53.132  1531  1547 W installd: Ignoring /data/data/com.google.android.gsf/lib with unexpected GID 0 instead of 10012
05-25 15:06:53.132  1531  1547 W installd: Ignoring /data/data/com.google.android.tts/lib with unexpected GID 0 instead of 10054
05-25 15:06:53.132  1681  1681 D PackageManager: Ephemeral installer not found with new action; try old one
05-25 15:06:53.133  1681  1681 D PackageManager: Clear ephemeral installer activity
05-25 15:06:53.135  1531  1547 W installd: Ignoring /data/data/com.google.android.videos/lib with unexpected GID 0 instead of 10072
05-25 15:06:53.137  1531  1547 W installd: Ignoring /data/data/com.breel.geswallpapers/lib with unexpected GID 0 instead of 10074
05-25 15:06:53.138  1531  1547 W installd: Ignoring /data/data/com.google.android.apps.photos/lib with unexpected GID 0 instead of 10066
05-25 15:06:53.141  1531  1547 W installd: Ignoring /data/data/com.google.android.backuptransport/lib with unexpected GID 0 instead of 10012
05-25 15:06:53.142  1531  1547 W installd: Ignoring /data/data/jp.co.omronsoft.openwnn/lib with unexpected GID 0 instead of 10062
05-25 15:06:53.143  1531  1547 W installd: Ignoring /data/data/com.google.android.inputmethod.pinyin/lib with unexpected GID 0 instead of 10053
05-25 15:06:53.150  1531  1547 W installd: Ignoring /data/data/com.example.lodder.vcxtest/lib with unexpected GID 0 instead of 10085
05-25 15:06:53.151  1531  1547 W installd: Ignoring /data/user_de/0/com.android.defcontainer/lib with unexpected GID 0 instead of 10006
05-25 15:06:53.160  1681  1681 D SystemServerTiming: StartPackageManagerService took to complete: 341ms
05-25 15:06:53.161  1681  1681 I SystemServer: StartOtaDexOptService
05-25 15:06:53.161  1681  1681 D OTADexopt: No upgrade, skipping A/B artifacts check.
05-25 15:06:53.161  1681  1681 D SystemServerTiming: StartOtaDexOptService took to complete: 0ms
05-25 15:06:53.161  1681  1681 I SystemServer: StartUserManagerService
05-25 15:06:53.161  1681  1681 I SystemServiceManager: Starting com.android.server.pm.UserManagerService$LifeCycle
05-25 15:06:53.162  1681  1681 D SystemServerTiming: StartUserManagerService took to complete: 1ms
05-25 15:06:53.162  1681  1681 I SystemServer: InitAttributerCache
05-25 15:06:53.162  1681  1681 D SystemServerTiming: InitAttributerCache took to complete: 0ms
05-25 15:06:53.162  1681  1681 I SystemServer: SetSystemProcess
05-25 15:06:53.165  1453  1453 I lowmemorykiller: ActivityManager connected
05-25 15:06:53.166  1681  1681 D SystemServerTiming: SetSystemProcess took to complete: 4ms
05-25 15:06:53.166  1681  1729 I ServiceThread: Enabled StrictMode logging for android.anim looper.
05-25 15:06:53.167  1681  1681 I SystemServer: StartOverlayManagerService
05-25 15:06:53.168  1681  1681 D SystemServerTiming: StartOverlayManagerService took to complete: 1ms
05-25 15:06:53.168  1681  1730 D SystemServerInitThreadPool: Started executing Init OverlayManagerService
05-25 15:06:53.168  1681  1681 I SystemServer: StartDropBoxManager
05-25 15:06:53.169  1681  1681 I SystemServiceManager: Starting com.android.server.DropBoxManagerService
05-25 15:06:53.169  1681  1731 D SystemServerInitThreadPool: Started executing StartSensorService
05-25 15:06:53.169  1681  1681 D SystemServerTiming: StartDropBoxManager took to complete: 1ms
05-25 15:06:53.169  1681  1681 I SystemServer: StartBatteryService
05-25 15:06:53.170  1681  1681 I SystemServiceManager: Starting com.android.server.BatteryService
05-25 15:06:53.170  1681  1731 I chatty  : uid=1000 system_server expire 2 lines
05-25 15:06:53.174  1681  1681 D SystemServerTiming: StartBatteryService took to complete: 5ms
05-25 15:06:53.174  1681  1681 I SystemServer: StartUsageService
05-25 15:06:53.175  1681  1681 I SystemServiceManager: Starting com.android.server.usage.UsageStatsService
05-25 15:06:53.180  1681  1731 D SystemServerTimingAsync: StartSensorService took to complete: 11ms
05-25 15:06:53.180  1681  1733 I chatty  : uid=1000(system) SensorEventAckR expire 1 line
05-25 15:06:53.180  1681  1731 D SystemServerInitThreadPool: Finished executing StartSensorService
05-25 15:06:53.180  1681  1734 I chatty  : uid=1000(system) SensorService expire 1 line
05-25 15:06:53.181  1681  1727 D SystemServerTimingAsync: AppDataFixup took to complete: 79ms
05-25 15:06:53.181  1681  1681 D SystemServerTiming: StartUsageService took to complete: 6ms
05-25 15:06:53.181  1681  1681 I SystemServer: StartWebViewUpdateService
05-25 15:06:53.182  1681  1681 I SystemServiceManager: Starting com.android.server.webkit.WebViewUpdateService
05-25 15:06:53.183  1681  1730 D SystemServerInitThreadPool: Finished executing Init OverlayManagerService
05-25 15:06:53.185  1681  1681 D SystemServerTiming: StartWebViewUpdateService took to complete: 4ms
05-25 15:06:53.185  1681  1681 I SystemServer: StartKeyAttestationApplicationIdProviderService
05-25 15:06:53.185  1681  1694 D SystemServerInitThreadPool: Started executing SecondaryZygotePreload
05-25 15:06:53.185  1681  1694 I SystemServer: SecondaryZygotePreload
05-25 15:06:53.187  1681  1681 D SystemServerTiming: StartKeyAttestationApplicationIdProviderService took to complete: 2ms
05-25 15:06:53.187  1681  1681 I SystemServer: StartKeyChainSystemService
05-25 15:06:53.187  1681  1681 I SystemServiceManager: Starting com.android.server.security.KeyChainSystemService
05-25 15:06:53.187  1681  1681 D SystemServerTiming: StartKeyChainSystemService took to complete: 0ms
05-25 15:06:53.187  1681  1681 I SystemServer: StartSchedulingPolicyService
05-25 15:06:53.188  1681  1681 D SystemServerTiming: StartSchedulingPolicyService took to complete: 1ms
05-25 15:06:53.188  1681  1681 I SystemServer: StartTelecomLoaderService
05-25 15:06:53.188  1681  1681 I SystemServiceManager: Starting com.android.server.telecom.TelecomLoaderService
05-25 15:06:53.188  1681  1681 D SystemServerTiming: StartTelecomLoaderService took to complete: 0ms
05-25 15:06:53.188  1681  1681 I SystemServer: StartTelephonyRegistry
05-25 15:06:53.191  1681  1681 D SystemServerTiming: StartTelephonyRegistry took to complete: 3ms
05-25 15:06:53.191  1681  1681 I SystemServer: StartEntropyMixer
05-25 15:06:53.197  1681  1694 I chatty  : uid=1000 system_server expire 3 lines
05-25 15:06:53.202  1681  1681 I EntropyMixer: Added HW RNG output to entropy pool
05-25 15:06:53.202  1681  1681 I EntropyMixer: Writing entropy...
05-25 15:06:53.206  1681  1681 D SystemServerTiming: StartEntropyMixer took to complete: 15ms
05-25 15:06:53.206  1681  1681 I SystemServer: Camera Service Proxy
05-25 15:06:53.206  1681  1681 I SystemServer: StartCameraServiceProxy
05-25 15:06:53.207  1681  1681 I SystemServiceManager: Starting com.android.server.camera.CameraServiceProxy
05-25 15:06:53.208  1681  1694 E SystemServer: Unable to preload default resources
05-25 15:06:53.208  1681  1694 D SystemServerTimingAsync: SecondaryZygotePreload took to complete: 23ms
05-25 15:06:53.208  1681  1694 D SystemServerInitThreadPool: Finished executing SecondaryZygotePreload
05-25 15:06:53.209  1681  1737 I ServiceThread: Enabled StrictMode logging for CameraService_proxy looper.
05-25 15:06:53.209  1681  1681 D SystemServerTiming: StartCameraServiceProxy took to complete: 3ms
05-25 15:06:53.209  1681  1681 I SystemServer: StartAccountManagerService
05-25 15:06:53.210  1681  1681 I SystemServiceManager: Starting com.android.server.accounts.AccountManagerService$Lifecycle
05-25 15:06:53.216  1681  1681 D SystemServerTiming: StartAccountManagerService took to complete: 6ms
05-25 15:06:53.216  1681  1681 I SystemServer: StartContentService
05-25 15:06:53.217  1681  1681 I SystemServiceManager: Starting com.android.server.content.ContentService$Lifecycle
05-25 15:06:53.218  1681  1681 D SystemServerTiming: StartContentService took to complete: 1ms
05-25 15:06:53.218  1681  1681 I SystemServer: InstallSystemProviders
05-25 15:06:53.236  1681  1681 D SystemServerTiming: InstallSystemProviders took to complete: 17ms
05-25 15:06:53.236  1681  1681 I SystemServer: StartVibratorService
05-25 15:06:53.236  1370  1370 W /system/bin/hwservicemanager: getTransportFromManifest: Cannot find entry android.hardware.vibrator@1.0::IVibrator in either framework or device manifest, using default transport.
05-25 15:06:53.238  1681  1681 D SystemServerTiming: StartVibratorService took to complete: 2ms
05-25 15:06:53.238  1681  1681 I SystemServer: StartConsumerIrService
