05-25 15:06:53.238  1370  1370 W /system/bin/hwservicemanager: getTransportFromManifest: Cannot find entry android.hardware.ir@1.0::IConsumerIr in either framework or device manifest, using default transport.
05-25 15:06:53.239  1681  1681 D SystemServerTiming: StartConsumerIrService took to complete: 1ms
05-25 15:06:53.239  1681  1681 I SystemServer: StartAlarmManagerService
05-25 15:06:53.239  1681  1681 I SystemServiceManager: Starting com.android.server.AlarmManagerService
05-25 15:06:53.242  1681  1681 D SystemServerTiming: StartAlarmManagerService took to complete: 3ms
05-25 15:06:53.242  1681  1681 I SystemServer: InitWatchdog
05-25 15:06:53.242  1681  1681 D SystemServerTiming: InitWatchdog took to complete: 0ms
05-25 15:06:53.242  1681  1681 I SystemServer: StartInputManagerService
05-25 15:06:53.243  1681  1681 I InputManager: Initializing input manager, mUseDevInputEventForAudioJack=true
05-25 15:06:53.244  1681  1681 D SystemServerTiming: StartInputManagerService took to complete: 2ms
05-25 15:06:53.244  1681  1681 I SystemServer: StartWindowManagerService
05-25 15:06:53.259  1681  1703 I WindowManager: No existing display settings /data/system/display_settings.xml; starting empty
05-25 15:06:53.270  1439  1439 D gralloc_ranchu: gralloc_alloc: Creating ashmem region of size 8298496
05-25 15:06:53.279  1455  1524 D         : HostConnection::get() New Host Connection established 0xb145e980, tid 1524
05-25 15:06:53.284  1440  1483 D         : HostConnection::get() New Host Connection established 0xb2d40080, tid 1483
05-25 15:06:53.296  1681  1727 D SystemServerTimingAsync: AppDataPrepare took to complete: 115ms
05-25 15:06:53.296  1681  1727 I PackageManager: Deferred reconcileAppsData finished 88 packages
05-25 15:06:53.296  1681  1727 D SystemServerInitThreadPool: Finished executing prepareAppData
05-25 15:06:53.297  1681  1697 I chatty  : uid=1000(system) android.ui expire 1 line
05-25 15:06:53.315  1681  1681 D SystemServerTiming: StartWindowManagerService took to complete: 71ms
05-25 15:06:53.315  1681  1681 I SystemServer: StartVrManagerService
05-25 15:06:53.315  1681  1731 D SystemServerInitThreadPool: Started executing StartHidlServices
05-25 15:06:53.315  1681  1731 I SystemServer: StartHidlServices
05-25 15:06:53.315  1681  1681 I SystemServiceManager: Starting com.android.server.vr.VrManagerService
05-25 15:06:53.319  1370  1370 W /system/bin/hwservicemanager: getTransportFromManifest: Cannot find entry android.hardware.vr@1.0::IVr in either framework or device manifest, using default transport.
05-25 15:06:53.320  1681  1731 D SystemServerTiming: StartHidlServices took to complete: 5ms
05-25 15:06:53.320  1681  1731 D SystemServerInitThreadPool: Finished executing StartHidlServices
05-25 15:06:53.320  1681  1681 D SystemServerTiming: StartVrManagerService took to complete: 5ms
05-25 15:06:53.320  1681  1681 I SystemServer: SetWindowManagerService
05-25 15:06:53.324  1681  1681 D SystemServerTiming: SetWindowManagerService took to complete: 4ms
05-25 15:06:53.324  1681  1681 I SystemServer: StartInputManager
05-25 15:06:53.324  1681  1681 I InputManager: Starting input manager
05-25 15:06:53.325  1681  1681 D SystemServerTiming: StartInputManager took to complete: 1ms
05-25 15:06:53.325  1681  1681 I SystemServer: DisplayManagerWindowManagerAndInputReady
05-25 15:06:53.325  1681  1681 D SystemServerTiming: DisplayManagerWindowManagerAndInputReady took to complete: 0ms
05-25 15:06:53.325  1681  1681 I SystemServer: No Bluetooth Service (emulator)
05-25 15:06:53.326  1681  1681 I SystemServer: IpConnectivityMetrics
05-25 15:06:53.326  1681  1681 I SystemServiceManager: Starting com.android.server.connectivity.IpConnectivityMetrics
05-25 15:06:53.326  1681  1748 I chatty  : uid=1000(system) InputReader expire 23 lines
05-25 15:06:53.327  1681  1681 D SystemServerTiming: IpConnectivityMetrics took to complete: 1ms
05-25 15:06:53.327  1681  1681 I SystemServer: PinnerService
05-25 15:06:53.327  1681  1681 I SystemServiceManager: Starting com.android.server.PinnerService
05-25 15:06:53.327  1681  1681 D SystemServerTiming: PinnerService took to complete: 0ms
05-25 15:06:53.327  1681  1681 I SystemServer: StartInputMethodManagerLifecycle
05-25 15:06:53.327  1681  1681 I SystemServiceManager: Starting com.android.server.InputMethodManagerService$Lifecycle
05-25 15:06:53.336  1681  1681 D SystemServerTiming: StartInputMethodManagerLifecycle took to complete: 9ms
05-25 15:06:53.336  1681  1681 I SystemServer: StartAccessibilityManagerService
05-25 15:06:53.338  1681  1681 D SystemServerTiming: StartAccessibilityManagerService took to complete: 2ms
05-25 15:06:53.338  1681  1681 I SystemServer: MakeDisplayReady
05-25 15:06:53.339  1681  1681 I ActivityManager: Config changes=5df8 {1.0 ?mcc?mnc [en_US] ldltr sw360dp w360dp h640dp 480dpi nrml long port ?uimode ?night -touch -keyb/v/h -nav/h appBounds=Rect(0, 0 - 1080, 1920) s.2}
05-25 15:06:53.341  1681  1681 I ActivityManager: Override config changes=40007dfc {1.0 ?mcc?mnc [en_US] ldltr sw360dp w360dp h640dp 480dpi nrml long port ?uimode ?night -touch -keyb/v/h -nav/h appBounds=Rect(0, 0 - 1080, 1920) s.2} for displayId=0
05-25 15:06:53.343  1681  1681 W LocalDisplayAdapter: Unable to find color mode 0, ignoring request.
05-25 15:06:53.347  1681  1695 I UsageStatsService: User[0] Rollover scheduled @ 2018-05-26 10:04:45(1527350685882)
05-25 15:06:53.351  1681  1681 I ActivityManager: Config changes=500 {1.0 ?mcc?mnc [en_US] ldltr sw360dp w360dp h568dp 480dpi nrml port ?uimode ?night -touch -keyb/v/h -nav/h appBounds=Rect(0, 0 - 1080, 1776) s.3}
05-25 15:06:53.352  1681  1681 I ActivityManager: Override config changes=500 {1.0 ?mcc?mnc [en_US] ldltr sw360dp w360dp h568dp 480dpi nrml port ?uimode ?night -touch -keyb/v/h -nav/h appBounds=Rect(0, 0 - 1080, 1776) s.3} for displayId=0
05-25 15:06:53.353  1681  1681 W LocalDisplayAdapter: Unable to find color mode 0, ignoring request.
05-25 15:06:53.353  1681  1681 D SystemServerTiming: MakeDisplayReady took to complete: 14ms
05-25 15:06:53.353  1681  1681 I SystemServer: StartStorageManagerService
05-25 15:06:53.353  1681  1681 I SystemServiceManager: Starting com.android.server.StorageManagerService$Lifecycle
05-25 15:06:53.358  1681  1681 D SystemServerTiming: StartStorageManagerService took to complete: 5ms
05-25 15:06:53.358  1681  1681 I SystemServer: StartStorageStatsService
05-25 15:06:53.358  1681  1749 D StorageManagerService: Thinking about init, mSystemReady=false, mDaemonConnected=true
05-25 15:06:53.358  1681  1749 D StorageManagerService: Thinking about reset, mSystemReady=false, mDaemonConnected=true
05-25 15:06:53.358  1681  1681 I SystemServiceManager: Starting com.android.server.usage.StorageStatsService$Lifecycle
05-25 15:06:53.358  1681  1749 D StorageManagerService: Thinking about init, mSystemReady=false, mDaemonConnected=true
05-25 15:06:53.358  1681  1749 D StorageManagerService: Thinking about reset, mSystemReady=false, mDaemonConnected=true
05-25 15:06:53.358  1681  1749 D CryptdConnector: SND -> {1 cryptfs getfield SystemLocale}
05-25 15:06:53.359  1531  1531 D installd: Found quota mount /dev/block/dm-0 at /data
05-25 15:06:53.359  1531  1531 D installd: Found quota mount /dev/block/dm-0 at /data/var/run/netns
05-25 15:06:53.360  1531  1531 D installd: Found quota mount /dev/block/dm-0 at /data
05-25 15:06:53.360  1531  1531 D installd: Found quota mount /dev/block/dm-0 at /data/var/run/netns
05-25 15:06:53.360  1681  1751 D CryptdConnector: RCV <- {200 1 -1}
05-25 15:06:53.361  1681  1681 D SystemServerTiming: StartStorageStatsService took to complete: 3ms
05-25 15:06:53.361  1681  1681 I SystemServer: StartUiModeManager
05-25 15:06:53.361  1681  1749 W StorageManagerService: No primary storage mounted!
05-25 15:06:53.361  1681  1749 D VoldConnector: SND -> {1 asec list}
05-25 15:06:53.361  1681  1681 I SystemServiceManager: Starting com.android.server.UiModeManagerService
05-25 15:06:53.362  1681  1750 D VoldConnector: RCV <- {200 1 asec operation succeeded}
05-25 15:06:53.362  1681  1749 I chatty  : uid=1000(system) StorageManagerS expire 3 lines
05-25 15:06:53.362  1681  1730 D SystemServerInitThreadPool: Started executing UiModeManager.onStart
05-25 15:06:53.362  1681  1730 I ActivityManager: Config changes=200 {1.0 ?mcc?mnc [en_US] ldltr sw360dp w360dp h568dp 480dpi nrml port -touch -keyb/v/h -nav/h appBounds=Rect(0, 0 - 1080, 1776) s.4}
05-25 15:06:53.362  1681  1681 D SystemServerTiming: StartUiModeManager took to complete: 1ms
05-25 15:06:53.362  1681  1681 I SystemServer: UpdatePackagesIfNeeded
05-25 15:06:53.362  1681  1681 D SystemServerTiming: UpdatePackagesIfNeeded took to complete: 0ms
05-25 15:06:53.362  1681  1681 I SystemServer: PerformFstrimIfNeeded
05-25 15:06:53.362  1681  1681 D SystemServerTiming: PerformFstrimIfNeeded took to complete: 0ms
05-25 15:06:53.362  1681  1681 I SystemServer: StartLockSettingsService
05-25 15:06:53.363  1681  1681 I SystemServiceManager: Starting com.android.server.LockSettingsService$Lifecycle
05-25 15:06:53.381  1452  1452 I boot-pipe: done populating /dev/random
05-25 15:06:53.388  1681  1730 I ActivityManager: Override config changes=200 {1.0 ?mcc?mnc [en_US] ldltr sw360dp w360dp h568dp 480dpi nrml port -touch -keyb/v/h -nav/h appBounds=Rect(0, 0 - 1080, 1776) s.4} for displayId=0
05-25 15:06:53.389  1681  1749 W StorageManagerService: No primary storage mounted!
05-25 15:06:53.390  1681  1749 D VoldConnector: SND -> {2 asec list}
05-25 15:06:53.390  1681  1750 D VoldConnector: RCV <- {200 2 asec operation succeeded}
05-25 15:06:53.391  1681  1730 D SystemServerInitThreadPool: Finished executing UiModeManager.onStart
05-25 15:06:53.392  1681  1681 D SystemServerTiming: StartLockSettingsService took to complete: 30ms
05-25 15:06:53.392  1681  1681 I SystemServer: StartDeviceIdleController
05-25 15:06:53.392  1681  1681 I SystemServiceManager: Starting com.android.server.DeviceIdleController
05-25 15:06:53.393  1681  1681 D SystemServerTiming: StartDeviceIdleController took to complete: 1ms
05-25 15:06:53.393  1681  1681 I SystemServer: StartDevicePolicyManager
05-25 15:06:53.394  1681  1681 I SystemServiceManager: Starting com.android.server.devicepolicy.DevicePolicyManagerService$Lifecycle
05-25 15:06:53.398  1681  1681 D SystemServerTiming: StartDevicePolicyManager took to complete: 5ms
05-25 15:06:53.398  1681  1681 I SystemServer: StartStatusBarManagerService
05-25 15:06:53.399  1681  1681 D SystemServerTiming: StartStatusBarManagerService took to complete: 1ms
05-25 15:06:53.399  1681  1681 I SystemServer: StartClipboardService
05-25 15:06:53.399  1681  1681 I SystemServiceManager: Starting com.android.server.clipboard.ClipboardService
05-25 15:06:53.400  1681  1681 D SystemServerTiming: StartClipboardService took to complete: 1ms
05-25 15:06:53.400  1681  1681 I SystemServer: StartNetworkManagementService
05-25 15:06:53.402  1681  1754 I NetworkManagement: onDaemonConnected()
05-25 15:06:53.404  1681  1681 D SystemServerTiming: StartNetworkManagementService took to complete: 4ms
05-25 15:06:53.404  1681  1681 I SystemServer: StartTextServicesManager
05-25 15:06:53.404  1681  1681 I SystemServiceManager: Starting com.android.server.TextServicesManagerService$Lifecycle
05-25 15:06:53.406  1681  1681 W TextServicesManagerService: no available spell checker services found
05-25 15:06:53.407  1681  1681 D SystemServerTiming: StartTextServicesManager took to complete: 3ms
05-25 15:06:53.407  1681  1681 I SystemServer: StartNetworkScoreService
05-25 15:06:53.407  1681  1681 D SystemServerTiming: StartNetworkScoreService took to complete: 0ms
05-25 15:06:53.408  1681  1681 I SystemServer: StartNetworkStatsService
05-25 15:06:53.410  1681  1681 D SystemServerTiming: StartNetworkStatsService took to complete: 2ms
05-25 15:06:53.410  1681  1681 I SystemServer: StartNetworkPolicyManagerService
05-25 15:06:53.412  1681  1757 I ServiceThread: Enabled StrictMode logging for NetworkPolicy.uid looper.
05-25 15:06:53.412  1681  1681 D SystemServerTiming: StartNetworkPolicyManagerService took to complete: 2ms
05-25 15:06:53.412  1681  1681 I SystemServer: StartWifi
05-25 15:06:53.416  1681  1681 I SystemServiceManager: Starting com.android.server.wifi.WifiService
05-25 15:06:53.449  1681  1759 I chatty  : uid=1000(system) WifiStateMachin expire 39 lines
05-25 15:06:53.451  1537  1630 D CommandListener: Clearing all IP addresses on wlan0
05-25 15:06:53.457  1681  1681 D SystemServerTiming: StartWifi took to complete: 44ms
05-25 15:06:53.457  1681  1681 I SystemServer: StartWifiScanning
05-25 15:06:53.459  1681  1681 I SystemServiceManager: Starting com.android.server.wifi.scanner.WifiScanningService
05-25 15:06:53.461  1681  1681 D SystemServerTiming: StartWifiScanning took to complete: 3ms
05-25 15:06:53.461  1681  1681 I SystemServer: StartWifiRtt
05-25 15:06:53.462  1681  1681 I SystemServiceManager: Starting com.android.server.wifi.RttService
05-25 15:06:53.468  1681  1681 D SystemServerTiming: StartWifiRtt took to complete: 7ms
05-25 15:06:53.468  1681  1681 I SystemServer: No Wi-Fi Aware Service (Aware support Not Present)
05-25 15:06:53.468  1681  1681 I SystemServer: StartConnectivityService
05-25 15:06:53.472  1681  1681 D ConnectivityService: ConnectivityService starting up
05-25 15:06:53.473  1681  1681 D ConnectivityService: wifiOnly=false
05-25 15:06:53.477  1681  1681 D SystemServerTiming: StartConnectivityService took to complete: 9ms
05-25 15:06:53.478  1681  1681 I SystemServer: StartNsdService
05-25 15:06:53.478  1681  1681 D NsdService: Network service discovery enabled true
05-25 15:06:53.479  1681  1681 D SystemServerTiming: StartNsdService took to complete: 1ms
05-25 15:06:53.479  1681  1681 I SystemServer: StartUpdateLockService
05-25 15:06:53.480  1681  1681 D SystemServerTiming: StartUpdateLockService took to complete: 1ms
05-25 15:06:53.480  1681  1681 I SystemServer: WaitForAsecScan
05-25 15:06:53.480  1681  1681 D SystemServerTiming: WaitForAsecScan took to complete: 0ms
05-25 15:06:53.480  1681  1681 I SystemServer: StartNotificationManager
05-25 15:06:53.481  1681  1681 I SystemServiceManager: Starting com.android.server.notification.NotificationManagerService
05-25 15:06:53.487  1681  1681 D ConditionProviders.SCP: new ScheduleConditionProvider()
05-25 15:06:53.489  1681  1681 D ZenLog  : config: readXml,ZenModeConfig[user=0,allowCalls=true,allowRepeatCallers=false,allowMessages=false,allowCallsFrom=contacts,allowMessagesFrom=contacts,allowReminders=true,allowEvents=true,allowWhenScreenOff=true,allowWhenScreenOn=true,automaticRules={fe7856b95e2642e899fb42a0e9d31e20=ZenRule[enabled=false,snoozing=false,name=Weeknight,zenMode=ZEN_MODE_ALARMS,conditionId=condition://android/schedule?days=1.2.3.4.5&start=22.0&end=7.0&exitAtAlarm=false,condition=Condition[id=condition://android/schedule?days=1.2.3.4.5&start=22.0&end=7.0&exitAtAlarm=false,summary=...,line1=...,line2=...,icon=0,state=STATE_FALSE,flags=2],component=ComponentInfo{android/com.android.server.notification.ScheduleConditionProvider},id=fe7856b95e2642e899fb42a0e9d31e20,creationTime=1527198413651,enabler=null], 62b3c5177dcf45a5a55f98d24938330c=ZenRule[enabled=false,snoozing=false,name=Weekend,zenMode=ZEN_MODE_ALARMS,conditionId=condition://android/schedule?days=6.7&start=23.30&end=10.0&exitAtAlarm=false,condition=Condition[id=condition://android/schedule?days=6.7&start=23.30&end=10.0&exitAtAlarm=false,summary=...,line1=...,line2=...,icon=0,state=STATE_FALSE,flags=2],component=ComponentInfo{android/com.android.server.notification.ScheduleConditionProvider},id=62b3c5177dcf45a5a55f98d24938330c,creationTime=1527198413651,enabler=null], 95fff424ae9e4abeadc40055c974902a=ZenRule[enabled=false,snoozing=false,name=Event,zenMode=ZEN_MODE_ALARMS,conditionId=condition://android/event?userId=-10000&calendar=&reply=1,condition=Condition[id=condition://android/event?userId=-10000&calendar=&reply=1,summary=...,line1=...,line2=...,icon=0,state=STATE_FALSE,flags=2],component=ComponentInfo{android/com.android.server.notification.EventConditionProvider},id=95fff424ae9e4abeadc40055c974902a,creationTime=1527198413651,enabler=null]},manualRule=null],Diff[automaticRule[94ba088046ed4197b0e9d85f92f6c68e]:delete,automaticRule[fe7856b95e2642e899fb42a0e9d31e20]:insert,automaticRule[56da7376cc13478b8630b95d9a913bf8]:delete,automaticRule[62b3c5177dcf45a5a55f98d24938330c]:insert,automaticRule[0387421c74a54837bf40edc770e1a22d]:delete,automaticRule[95fff424ae9e4abeadc40055c974902a]:insert]
05-25 15:06:53.490  1681  1681 D ZenLog  : set_zen_mode: off,init
05-25 15:06:53.494  1681  1681 D SystemServerTiming: StartNotificationManager took to complete: 14ms
05-25 15:06:53.494  1681  1681 I SystemServer: StartDeviceMonitor
05-25 15:06:53.495  1681  1681 I SystemServiceManager: Starting com.android.server.storage.DeviceStorageMonitorService
05-25 15:06:53.497  1681  1681 D SystemServerTiming: StartDeviceMonitor took to complete: 3ms
05-25 15:06:53.497  1681  1681 I SystemServer: StartLocationManagerService
05-25 15:06:53.498  1681  1681 D SystemServerTiming: StartLocationManagerService took to complete: 1ms
05-25 15:06:53.498  1681  1681 I SystemServer: StartCountryDetectorService
05-25 15:06:53.499  1681  1681 D SystemServerTiming: StartCountryDetectorService took to complete: 1ms
05-25 15:06:53.499  1681  1681 I SystemServer: StartSearchManagerService
05-25 15:06:53.499  1681  1681 I SystemServiceManager: Starting com.android.server.search.SearchManagerService$Lifecycle
05-25 15:06:53.500  1681  1681 D SystemServerTiming: StartSearchManagerService took to complete: 1ms
05-25 15:06:53.500  1681  1681 I SystemServer: StartWallpaperManagerService
05-25 15:06:53.500  1681  1681 I SystemServiceManager: Starting com.android.server.wallpaper.WallpaperManagerService$Lifecycle
05-25 15:06:53.501  1681  1681 I WallpaperManagerService: No static wallpaper imagery; defaults will be shown
05-25 15:06:53.502  1681  1681 D SystemServerTiming: StartWallpaperManagerService took to complete: 2ms
05-25 15:06:53.502  1681  1681 I SystemServer: StartAudioService
05-25 15:06:53.502  1681  1681 I SystemServiceManager: Starting com.android.server.audio.AudioService$Lifecycle
05-25 15:06:53.507  1528  1528 D PermissionCache: checking android.permission.MODIFY_AUDIO_SETTINGS for uid=1000 => granted (446 us)
05-25 15:06:53.508  1432  1609 W DeviceHAL: Device 0xa624c540 set_mic_mute: Function not implemented
05-25 15:06:53.514  1681  1681 D SystemServerTiming: StartAudioService took to complete: 12ms
05-25 15:06:53.514  1681  1681 I SystemServer: StartDockObserver
05-25 15:06:53.514  1681  1681 I SystemServiceManager: Starting com.android.server.DockObserver
05-25 15:06:53.514  1681  1681 W DockObserver: This kernel does not have dock station support
05-25 15:06:53.515  1681  1681 D SystemServerTiming: StartDockObserver took to complete: 1ms
05-25 15:06:53.515  1681  1681 I SystemServer: StartWiredAccessoryManager
05-25 15:06:53.515  1681  1681 W WiredAccessoryManager: This kernel does not have usb audio support
05-25 15:06:53.515  1681  1681 W WiredAccessoryManager: This kernel does not have HDMI audio support
05-25 15:06:53.515  1681  1681 D SystemServerTiming: StartWiredAccessoryManager took to complete: 0ms
05-25 15:06:53.515  1681  1681 I SystemServer: StartMidiManager
05-25 15:06:53.515  1681  1681 I SystemServiceManager: Starting com.android.server.midi.MidiService$Lifecycle
05-25 15:06:53.516  1681  1681 D SystemServerTiming: StartMidiManager took to complete: 1ms
05-25 15:06:53.516  1681  1681 I SystemServer: StartUsbService
05-25 15:06:53.516  1681  1681 I SystemServiceManager: Starting com.android.server.usb.UsbService$Lifecycle
05-25 15:06:53.518  1681  1681 E UsbDeviceManager: failed to write to /sys/class/android_usb/android0/f_rndis/ethaddr
05-25 15:06:53.520  1370  1370 W /system/bin/hwservicemanager: getTransportFromManifest: Cannot find entry android.hardware.usb@1.0::IUsb in either framework or device manifest, using default transport.
05-25 15:06:53.521  1681  1681 E UsbPortManager: connectToProxy: usb hal service not responding
05-25 15:06:53.521  1681  1681 E UsbPortManager: android.os.RemoteException: HwBinder Error: (-2147483648)
05-25 15:06:53.521  1681  1681 E UsbPortManager: 	at android.os.HwBinder.getService(Native Method)
05-25 15:06:53.521  1681  1681 E UsbPortManager: 	at android.hardware.usb.V1_0.IUsb.getService(IUsb.java:44)
05-25 15:06:53.521  1681  1681 E UsbPortManager: 	at com.android.server.usb.UsbPortManager.connectToProxy(UsbPortManager.java:499)
05-25 15:06:53.521  1681  1681 E UsbPortManager: 	at com.android.server.usb.UsbPortManager.<init>(UsbPortManager.java:130)
05-25 15:06:53.521  1681  1681 E UsbPortManager: 	at com.android.server.usb.UsbService.<init>(UsbService.java:134)
05-25 15:06:53.521  1681  1681 E UsbPortManager: 	at com.android.server.usb.UsbService$Lifecycle.onStart(UsbService.java:69)
05-25 15:06:53.521  1681  1681 E UsbPortManager: 	at com.android.server.SystemServiceManager.startService(SystemServiceManager.java:123)
05-25 15:06:53.521  1681  1681 E UsbPortManager: 	at com.android.server.SystemServiceManager.startService(SystemServiceManager.java:110)
05-25 15:06:53.521  1681  1681 E UsbPortManager: 	at com.android.server.SystemServiceManager.startService(SystemServiceManager.java:69)
05-25 15:06:53.521  1681  1681 E UsbPortManager: 	at com.android.server.SystemServer.startOtherServices(SystemServer.java:1240)
05-25 15:06:53.521  1681  1681 E UsbPortManager: 	at com.android.server.SystemServer.run(SystemServer.java:396)
05-25 15:06:53.521  1681  1681 E UsbPortManager: 	at com.android.server.SystemServer.main(SystemServer.java:260)
05-25 15:06:53.521  1681  1681 E UsbPortManager: 	at java.lang.reflect.Method.invoke(Native Method)
05-25 15:06:53.521  1681  1681 E UsbPortManager: 	at com.android.internal.os.Zygote$MethodAndArgsCaller.run(Zygote.java:240)
05-25 15:06:53.521  1681  1681 E UsbPortManager: 	at com.android.internal.os.ZygoteInit.main(ZygoteInit.java:767)
05-25 15:06:53.522  1681  1681 D SystemServerTiming: StartUsbService took to complete: 6ms
05-25 15:06:53.522  1681  1681 I SystemServer: StartSerialService
05-25 15:06:53.522  1681  1681 D SystemServerTiming: StartSerialService took to complete: 0ms
05-25 15:06:53.522  1681  1681 I SystemServer: StartHardwarePropertiesManagerService
05-25 15:06:53.522  1370  1370 W /system/bin/hwservicemanager: getTransportFromManifest: Cannot find entry android.hardware.thermal@1.0::IThermal in either framework or device manifest, using default transport.
05-25 15:06:53.522  1681  1681 D SystemServerTiming: StartHardwarePropertiesManagerService took to complete: 0ms
05-25 15:06:53.523  1681  1681 I SystemServer: StartTwilightService
05-25 15:06:53.523  1681  1681 I SystemServiceManager: Starting com.android.server.twilight.TwilightService
05-25 15:06:53.523  1681  1681 D SystemServerTiming: StartTwilightService took to complete: 0ms
05-25 15:06:53.523  1681  1681 I SystemServer: StartJobScheduler
05-25 15:06:53.523  1681  1681 I SystemServiceManager: Starting com.android.server.job.JobSchedulerService
05-25 15:06:53.526  1681  1681 D JobStore: Start tag: job-info
05-25 15:06:53.531  1681  1681 D ConnectivityService: requestNetwork for uid/pid:1000/1681 NetworkRequest [ TRACK_DEFAULT id=3, [ Capabilities: INTERNET&NOT_RESTRICTED&TRUSTED&NOT_VPN] ]
05-25 15:06:53.533  1681  1681 D SystemServerTiming: StartJobScheduler took to complete: 10ms
05-25 15:06:53.533  1681  1681 I SystemServer: StartSoundTrigger
05-25 15:06:53.533  1681  1681 I SystemServiceManager: Starting com.android.server.soundtrigger.SoundTriggerService
05-25 15:06:53.533  1681  1681 D SystemServerTiming: StartSoundTrigger took to complete: 0ms
05-25 15:06:53.533  1681  1681 I SystemServer: StartTrustManager
05-25 15:06:53.534  1681  1681 I SystemServiceManager: Starting com.android.server.trust.TrustManagerService
05-25 15:06:53.535  1681  1681 D SystemServerTiming: StartTrustManager took to complete: 2ms
05-25 15:06:53.535  1681  1681 I SystemServer: StartBackupManager
05-25 15:06:53.535  1681  1681 I SystemServiceManager: Starting com.android.server.backup.BackupManagerService$Lifecycle
05-25 15:06:53.536  1681  1681 D SystemServerTiming: StartBackupManager took to complete: 1ms
05-25 15:06:53.536  1681  1681 I SystemServer: StartAppWidgerService
05-25 15:06:53.536  1681  1681 I SystemServiceManager: Starting com.android.server.appwidget.AppWidgetService
05-25 15:06:53.539  1681  1681 D SystemServerTiming: StartAppWidgerService took to complete: 3ms
05-25 15:06:53.539  1681  1681 I SystemServer: StartVoiceRecognitionManager
05-25 15:06:53.539  1681  1681 I SystemServiceManager: Starting com.android.server.voiceinteraction.VoiceInteractionManagerService
05-25 15:06:53.539  1681  1681 D SystemServerTiming: StartVoiceRecognitionManager took to complete: 0ms
05-25 15:06:53.540  1681  1681 I SystemServer: StartGestureLauncher
05-25 15:06:53.540  1681  1681 I SystemServiceManager: Starting com.android.server.GestureLauncherService
05-25 15:06:53.540  1681  1681 D SystemServerTiming: StartGestureLauncher took to complete: 0ms
05-25 15:06:53.540  1681  1681 I SystemServer: StartSensorNotification
05-25 15:06:53.540  1681  1681 I SystemServiceManager: Starting com.android.server.SensorNotificationService
05-25 15:06:53.540  1681  1681 D SystemServerTiming: StartSensorNotification took to complete: 0ms
05-25 15:06:53.540  1681  1681 I SystemServer: StartContextHubSystemService
05-25 15:06:53.540  1681  1681 I SystemServiceManager: Starting com.android.server.ContextHubSystemService
05-25 15:06:53.541  1370  1370 W /system/bin/hwservicemanager: getTransportFromManifest: Cannot find entry android.hardware.contexthub@1.0::IContexthub in either framework or device manifest, using default transport.
05-25 15:06:53.541  1681  1681 D SystemServerTiming: StartContextHubSystemService took to complete: 1ms
05-25 15:06:53.541  1681  1681 I SystemServer: StartDiskStatsService
05-25 15:06:53.542  1681  1681 D SystemServerTiming: StartDiskStatsService took to complete: 1ms
05-25 15:06:53.542  1681  1681 I SystemServer: StartSamplingProfilerService
05-25 15:06:53.546  1681  1681 D SystemServerTiming: StartSamplingProfilerService took to complete: 4ms
05-25 15:06:53.546  1681  1681 I SystemServer: StartNetworkTimeUpdateService
05-25 15:06:53.547  1681  1681 D SystemServerTiming: StartNetworkTimeUpdateService took to complete: 1ms
05-25 15:06:53.547  1681  1681 I SystemServer: StartCommonTimeManagementService
05-25 15:06:53.547  1681  1681 D SystemServerTiming: StartCommonTimeManagementService took to complete: 0ms
05-25 15:06:53.547  1681  1681 I SystemServer: CertBlacklister
05-25 15:06:53.548  1681  1681 D SystemServerTiming: CertBlacklister took to complete: 1ms
05-25 15:06:53.548  1681  1681 I SystemServer: StartEmergencyAffordanceService
05-25 15:06:53.548  1681  1681 I SystemServiceManager: Starting com.android.server.emergency.EmergencyAffordanceService
05-25 15:06:53.548  1681  1681 D SystemServerTiming: StartEmergencyAffordanceService took to complete: 0ms
05-25 15:06:53.548  1681  1681 I SystemServer: StartDreamManager
05-25 15:06:53.548  1681  1681 I SystemServiceManager: Starting com.android.server.dreams.DreamManagerService
05-25 15:06:53.549  1681  1681 D SystemServerTiming: StartDreamManager took to complete: 1ms
05-25 15:06:53.549  1681  1681 I SystemServer: AddGraphicsStatsService
05-25 15:06:53.549  1681  1681 D SystemServerTiming: AddGraphicsStatsService took to complete: 0ms
05-25 15:06:53.550  1681  1681 I SystemServer: StartPrintManager
05-25 15:06:53.550  1681  1681 I SystemServiceManager: Starting com.android.server.print.PrintManagerService
05-25 15:06:53.551  1681  1681 D SystemServerTiming: StartPrintManager took to complete: 1ms
05-25 15:06:53.551  1681  1681 I SystemServer: StartRestrictionManager
05-25 15:06:53.551  1681  1681 I SystemServiceManager: Starting com.android.server.restrictions.RestrictionsManagerService
05-25 15:06:53.552  1681  1681 D SystemServerTiming: StartRestrictionManager took to complete: 1ms
05-25 15:06:53.552  1681  1681 I SystemServer: StartMediaSessionService
05-25 15:06:53.552  1681  1681 I SystemServiceManager: Starting com.android.server.media.MediaSessionService
05-25 15:06:53.553  1681  1681 D SystemServerTiming: StartMediaSessionService took to complete: 1ms
05-25 15:06:53.553  1681  1681 I SystemServer: StartMediaResourceMonitor
05-25 15:06:53.553  1681  1681 I SystemServiceManager: Starting com.android.server.media.MediaResourceMonitorService
05-25 15:06:53.554  1681  1681 D SystemServerTiming: StartMediaResourceMonitor took to complete: 1ms
05-25 15:06:53.554  1681  1681 I SystemServer: StartMediaRouterService
05-25 15:06:53.554  1681  1681 D SystemServerTiming: StartMediaRouterService took to complete: 0ms
05-25 15:06:53.554  1681  1681 I SystemServer: StartFingerprintSensor
05-25 15:06:53.555  1681  1681 I SystemServiceManager: Starting com.android.server.fingerprint.FingerprintService
05-25 15:06:53.556  1681  1681 D SystemServerTiming: StartFingerprintSensor took to complete: 2ms
05-25 15:06:53.556  1681  1694 D SystemServerInitThreadPool: Started executing FingerprintService.onStart
05-25 15:06:53.556  1681  1681 I SystemServer: StartBackgroundDexOptService
05-25 15:06:53.556  1681  1694 V FingerprintService: mDeamon was null, reconnect to fingerprint
05-25 15:06:53.556  1681  1681 D SystemServerTiming: StartBackgroundDexOptService took to complete: 0ms
05-25 15:06:53.556  1681  1681 I SystemServer: StartPruneInstantAppsJobService
05-25 15:06:53.556  1681  1681 D SystemServerTiming: StartPruneInstantAppsJobService took to complete: 0ms
05-25 15:06:53.556  1681  1681 I SystemServer: StartShortcutServiceLifecycle
05-25 15:06:53.556  1681  1681 I SystemServiceManager: Starting com.android.server.pm.ShortcutService$Lifecycle
05-25 15:06:53.557  1681  1694 V FingerprintService: Fingerprint HAL id: 2843906048
05-25 15:06:53.557  1546  1546 D FingerprintHal: ----------------> fingerprint_set_active_group -----------------> path /data/system/users/0/fpdata
05-25 15:06:53.557  1546  1546 D FingerprintHal: ----------------> loadFingerprints ----------------->
05-25 15:06:53.558  1546  1546 E FingerprintHal: Could not load fingerprints from storage at /data/system/users/0/fpdata/emufp.bin; it has not yet been created.
05-25 15:06:53.558  1546  1546 D FingerprintHal: ----------------> loadAuthenticatorId ----------------->
05-25 15:06:53.558  1546  1546 D FingerprintHal: Read authenticator id (0x6b8b4567327b23c6)
05-25 15:06:53.558  1681  1681 D SystemServerTiming: StartShortcutServiceLifecycle took to complete: 2ms
05-25 15:06:53.558  1681  1681 I SystemServer: StartLauncherAppsService
05-25 15:06:53.559  1681  1681 I SystemServiceManager: Starting com.android.server.pm.LauncherAppsService
05-25 15:06:53.559  1681  1694 D SystemServerInitThreadPool: Finished executing FingerprintService.onStart
05-25 15:06:53.559  1681  1681 D SystemServerTiming: StartLauncherAppsService took to complete: 1ms
05-25 15:06:53.559  1681  1681 I SystemServer: StartMediaProjectionManager
05-25 15:06:53.559  1681  1681 I SystemServiceManager: Starting com.android.server.media.projection.MediaProjectionManagerService
05-25 15:06:53.564  1681  1681 D SystemServerTiming: StartMediaProjectionManager took to complete: 5ms
05-25 15:06:53.575  1681  1747 I ActivityManager: Config changes=38 {1.0 ?mcc?mnc [en_US] ldltr sw360dp w360dp h568dp 480dpi nrml port finger qwerty/v/v -nav/h appBounds=Rect(0, 0 - 1080, 1776) s.5}
05-25 15:06:53.576  1681  1747 I ActivityManager: Override config changes=38 {1.0 ?mcc?mnc [en_US] ldltr sw360dp w360dp h568dp 480dpi nrml port finger qwerty/v/v -nav/h appBounds=Rect(0, 0 - 1080, 1776) s.5} for displayId=0
05-25 15:06:53.578  1681  1681 I SystemServer: StartJitCompilation
05-25 15:06:53.579  1681  1681 D SystemServerTiming: StartJitCompilation took to complete: 1ms
05-25 15:06:53.579  1681  1681 I SystemServer: StartMmsService
05-25 15:06:53.579  1681  1681 I SystemServiceManager: Starting com.android.server.MmsServiceBroker
05-25 15:06:53.580  1681  1681 D SystemServerTiming: StartMmsService took to complete: 1ms
05-25 15:06:53.580  1681  1681 I SystemServer: StartRetailDemoModeService
05-25 15:06:53.580  1681  1681 I SystemServiceManager: Starting com.android.server.retaildemo.RetailDemoModeService
05-25 15:06:53.581  1681  1777 I ServiceThread: Enabled StrictMode logging for RetailDemoModeService looper.
05-25 15:06:53.581  1681  1681 D SystemServerTiming: StartRetailDemoModeService took to complete: 1ms
05-25 15:06:53.581  1681  1681 I SystemServer: StartAutoFillService
05-25 15:06:53.582  1681  1681 I SystemServiceManager: Starting com.android.server.autofill.AutofillManagerService
05-25 15:06:53.582  1681  1681 I AutofillManagerService: Setting debug to true
05-25 15:06:53.584  1681  1681 D SystemServerTiming: StartAutoFillService took to complete: 3ms
05-25 15:06:53.584  1681  1681 I SystemServer: MakeVibratorServiceReady
05-25 15:06:53.584  1681  1681 D SystemServerTiming: MakeVibratorServiceReady took to complete: 0ms
05-25 15:06:53.584  1681  1681 I SystemServer: MakeLockSettingsServiceReady
05-25 15:06:53.595  1681  1681 E LockSettingsStorage: Cannot read file java.io.FileNotFoundException: /data/system/gatekeeper.password.key: open failed: ENOENT (No such file or directory)
05-25 15:06:53.595  1681  1681 E LockSettingsStorage: Cannot read file java.io.FileNotFoundException: /data/system/password.key: open failed: ENOENT (No such file or directory)
05-25 15:06:53.595  1681  1681 E LockSettingsStorage: Cannot read file java.io.FileNotFoundException: /data/system/gatekeeper.pattern.key: open failed: ENOENT (No such file or directory)
05-25 15:06:53.595  1681  1681 E LockSettingsStorage: Cannot read file java.io.FileNotFoundException: /data/system/gatekeeper.gesture.key: open failed: ENOENT (No such file or directory)
05-25 15:06:53.595  1681  1681 E LockSettingsStorage: Cannot read file java.io.FileNotFoundException: /data/system/gesture.key: open failed: ENOENT (No such file or directory)
05-25 15:06:53.595  1681  1681 D SystemServerTiming: MakeLockSettingsServiceReady took to complete: 11ms
05-25 15:06:53.595  1681  1681 I SystemServer: StartBootPhaseLockSettingsReady
05-25 15:06:53.595  1681  1681 I SystemServiceManager: Starting phase 480
05-25 15:06:53.610  1681  1681 I DevicePolicyManager: Set ro.device_owner property to false
05-25 15:06:53.612  1681  1681 D SystemServerTiming: StartBootPhaseLockSettingsReady took to complete: 17ms
05-25 15:06:53.612  1681  1681 I SystemServer: StartBootPhaseSystemServicesReady
05-25 15:06:53.612  1681  1681 I SystemServiceManager: Starting phase 500
05-25 15:06:53.614  1681  1681 I VrManagerService: No default vr listener service found.
05-25 15:06:53.616  1681  1681 I WifiService: WifiService starting up with Wi-Fi enabled
05-25 15:06:53.618  1681  1746 I chatty  : uid=1000(system) HwBinder:1681_2 expire 3 lines
05-25 15:06:53.618  1681  1681 D WifiService: setWifiEnabled: true pid=1681, uid=1000, package=android
05-25 15:06:53.618  1681  1758 I chatty  : uid=1000(system) WifiService expire 2 lines
05-25 15:06:53.621  1681  1681 D ZenLog  : config: cleanUpZenRules,ZenModeConfig[user=0,allowCalls=true,allowRepeatCallers=false,allowMessages=false,allowCallsFrom=contacts,allowMessagesFrom=contacts,allowReminders=true,allowEvents=true,allowWhenScreenOff=true,allowWhenScreenOn=true,automaticRules={fe7856b95e2642e899fb42a0e9d31e20=ZenRule[enabled=false,snoozing=false,name=Weeknight,zenMode=ZEN_MODE_ALARMS,conditionId=condition://android/schedule?days=1.2.3.4.5&start=22.0&end=7.0&exitAtAlarm=false,condition=Condition[id=condition://android/schedule?days=1.2.3.4.5&start=22.0&end=7.0&exitAtAlarm=false,summary=...,line1=...,line2=...,icon=0,state=STATE_FALSE,flags=2],component=ComponentInfo{android/com.android.server.notification.ScheduleConditionProvider},id=fe7856b95e2642e899fb42a0e9d31e20,creationTime=1527198413651,enabler=null], 62b3c5177dcf45a5a55f98d24938330c=ZenRule[enabled=false,snoozing=false,name=Weekend,zenMode=ZEN_MODE_ALARMS,conditionId=condition://android/schedule?days=6.7&start=23.30&end=10.0&exitAtAlarm=false,condition=Condition[id=condition://android/schedule?days=6.7&start=23.30&end=10.0&exitAtAlarm=false,summary=...,line1=...,line2=...,icon=0,state=STATE_FALSE,flags=2],component=ComponentInfo{android/com.android.server.notification.ScheduleConditionProvider},id=62b3c5177dcf45a5a55f98d24938330c,creationTime=1527198413651,enabler=null], 95fff424ae9e4abeadc40055c974902a=ZenRule[enabled=false,snoozing=false,name=Event,zenMode=ZEN_MODE_ALARMS,conditionId=condition://android/event?userId=-10000&calendar=&reply=1,condition=Condition[id=condition://android/event?userId=-10000&calendar=&reply=1,summary=...,line1=...,line2=...,icon=0,state=STATE_FALSE,flags=2],component=ComponentInfo{android/com.android.server.notification.EventConditionProvider},id=95fff424ae9e4abeadc40055c974902a,creationTime=1527198413651,enabler=null]},manualRule=null],Diff[]
05-25 15:06:53.621  1681  1681 D ZenLog  : set_zen_mode: off,onSystemReady
05-25 15:06:53.621  1528  1528 D PermissionCache: checking android.permission.CAPTURE_AUDIO_HOTWORD for uid=1000 => granted (42 us)
05-25 15:06:53.622  1681  1681 W SoundTriggerHelper: listModules status=0, # of modules=0
05-25 15:06:53.622  1681  1681 D SystemServerTiming: StartBootPhaseSystemServicesReady took to complete: 10ms
05-25 15:06:53.622  1681  1681 I SystemServer: MakeWindowManagerServiceReady
05-25 15:06:53.631  1681  1681 D SystemServerTiming: MakeWindowManagerServiceReady took to complete: 9ms
05-25 15:06:53.632  1681  1681 I SystemServer: MakePowerManagerServiceReady
05-25 15:06:53.636  1681  1705 W KeyguardServiceDelegate: onScreenTurningOn(): no keyguard service!
05-25 15:06:53.636  1681  1681 D SystemServerTiming: MakePowerManagerServiceReady took to complete: 4ms
05-25 15:06:53.636  1681  1681 I SystemServer: MakePackageManagerServiceReady
05-25 15:06:53.639  1681  1681 V UserDataPreparer: Found /data/user_de/0 with serial number 0
05-25 15:06:53.639  1681  1681 V UserDataPreparer: Found /data/user/0 with serial number 0
05-25 15:06:53.639  1681  1681 V UserDataPreparer: Found /data/system_de/0 with serial number 0
05-25 15:06:53.639  1681  1681 V UserDataPreparer: Found /data/system_ce/0 with serial number 0
05-25 15:06:53.639  1681  1681 V UserDataPreparer: Found /data/misc_ce/0 with serial number 0
05-25 15:06:53.639  1681  1681 D SystemServerTiming: MakePackageManagerServiceReady took to complete: 3ms
05-25 15:06:53.639  1681  1681 I SystemServer: MakeDisplayManagerServiceReady
05-25 15:06:53.640  1681  1681 D SystemServerTiming: MakeDisplayManagerServiceReady took to complete: 1ms
05-25 15:06:53.641  1681  1681 I ActivityManager: System now ready
05-25 15:06:53.647  1681  1681 I SystemServer: Making services ready
05-25 15:06:53.647  1681  1681 I SystemServer: StartActivityManagerReadyPhase
05-25 15:06:53.648  1681  1681 I SystemServiceManager: Starting phase 550
05-25 15:06:53.723  1782  1782 W zygote  : Unexpected CPU variant for X86 using defaults: x86
05-25 15:06:53.724  1681  1681 I ActivityManager: Start proc 1782:com.google.android.inputmethod.latin/u0a56 for service com.google.android.inputmethod.latin/com.android.inputmethod.latin.LatinIME
05-25 15:06:53.724  1681  1681 W SystemServiceManager: Service com.android.server.InputMethodManagerService$Lifecycle took 65 ms in onBootPhase
05-25 15:06:53.724  1681  1749 D StorageManagerService: Thinking about init, mSystemReady=true, mDaemonConnected=true
05-25 15:06:53.724  1681  1749 D StorageManagerService: Setting up emulation state, initlocked=false
05-25 15:06:53.724  1681  1681 W TextServicesManagerService: no available spell checker services found
05-25 15:06:53.724  1681  1749 D CryptdConnector: SND -> {2 cryptfs unlock_user_key 0 0 ! !}
05-25 15:06:53.724  1681  1681 W WallpaperManagerService: Invalid wallpaper data
05-25 15:06:53.724  1681  1681 E WallpaperManagerService: Unable to apply new wallpaper
05-25 15:06:53.724  1681  1681 V WallpaperManagerService: bindWallpaperComponentLocked: componentName=null
05-25 15:06:53.724  1681  1681 V WallpaperManagerService: No default component; using image wallpaper
05-25 15:06:53.725  1380  1384 D vold    : e4crypt_unlock_user_key 0 serial=0 token_present=0
05-25 15:06:53.725  1681  1751 D CryptdConnector: RCV <- {200 2 Command succeeded}
05-25 15:06:53.725  1681  1749 D StorageManagerService: Thinking about reset, mSystemReady=true, mDaemonConnected=true
05-25 15:06:53.725  1681  1749 D VoldConnector: SND -> {3 volume reset}
05-25 15:06:53.725  1681  1750 D VoldConnector: RCV <- {651 emulated 7}
05-25 15:06:53.725  1380  1383 D vold    : Recognized experimental block major ID 253 as virtio-blk (emulator's virtual SD card device)
05-25 15:06:53.725  1380  1383 V vold    : /system/bin/sgdisk
05-25 15:06:53.725  1681  1750 D VoldConnector: RCV <- {659 emulated}
05-25 15:06:53.725  1380  1383 V vold    :     --android-dump
05-25 15:06:53.725  1380  1383 V vold    :     /dev/block/vold/disk:253,80
05-25 15:06:53.726  1681  1750 D VoldConnector: RCV <- {650 emulated 2 "" ""}
05-25 15:06:53.726  1681  1750 D VoldConnector: RCV <- {651 emulated 0}
05-25 15:06:53.726  1681  1750 D VoldConnector: RCV <- {651 public:253,80 7}
05-25 15:06:53.726  1681  1750 D VoldConnector: RCV <- {659 public:253,80}
05-25 15:06:53.726  1681  1750 D VoldConnector: RCV <- {649 disk:253,80}
05-25 15:06:53.726  1681  1750 D VoldConnector: RCV <- {640 disk:253,80 4}
05-25 15:06:53.726  1681  1750 D VoldConnector: RCV <- {641 disk:253,80 104857600}
05-25 15:06:53.726  1681  1750 D VoldConnector: RCV <- {642 disk:253,80 Virtual}
05-25 15:06:53.726  1681  1750 D VoldConnector: RCV <- {644 disk:253,80 /sys//devices/pci0000:00/0000:00:08.0/virtio5/block/vdf}
05-25 15:06:53.727  1681  1701 V StorageManagerService: Found primary storage at VolumeInfo{emulated}:
05-25 15:06:53.727  1681  1701 V StorageManagerService:     type=EMULATED diskId=null partGuid=null mountFlags=0 mountUserId=-1 
05-25 15:06:53.727  1681  1701 V StorageManagerService:     state=UNMOUNTED 
05-25 15:06:53.727  1681  1701 V StorageManagerService:     fsType=null fsUuid=null fsLabel=null 
05-25 15:06:53.727  1681  1701 V StorageManagerService:     path=null internalPath=null 
05-25 15:06:53.733  1791  1791 W zygote  : Unexpected CPU variant for X86 using defaults: x86
05-25 15:06:53.736  1380  1383 V vold    : DISK mbr
05-25 15:06:53.736  1380  1383 V vold    : 
05-25 15:06:53.736  1681  1681 I ActivityManager: Start proc 1791:com.android.systemui/u0a28 for service com.android.systemui/.ImageWallpaper
05-25 15:06:53.736  1380  1383 W vold    : disk:253,80 has unknown partition table; trying entire device
05-25 15:06:53.736  1380  1383 V vold    : /system/bin/blkid
05-25 15:06:53.736  1380  1383 V vold    :     -c
05-25 15:06:53.736  1380  1383 V vold    :     /dev/null
05-25 15:06:53.736  1380  1383 V vold    :     -s
05-25 15:06:53.736  1380  1383 V vold    :     TYPE
05-25 15:06:53.736  1380  1383 V vold    :     -s
05-25 15:06:53.736  1380  1383 V vold    :     UUID
05-25 15:06:53.736  1380  1383 V vold    :     -s
05-25 15:06:53.736  1380  1383 V vold    :     LABEL
05-25 15:06:53.736  1380  1383 V vold    :     /dev/block/vold/disk:253,80
05-25 15:06:53.737  1681  1696 I ActivityManager: Force stopping com.android.providers.media appid=10008 user=-1: vold reset
05-25 15:06:53.738  1681  1681 D UsbAlsaManager: Adding ALSA device AlsaDevice: [card: 0, device: 0, type: 1]
05-25 15:06:53.738  1681  1681 D UsbAlsaManager: Adding ALSA device AlsaDevice: [card: 0, device: 0, type: 2]
05-25 15:06:53.738  1681  1772 I chatty  : uid=1000(system) AudioService expire 2 lines
05-25 15:06:53.739  1528  1528 I AudioFlinger: systemReady
05-25 15:06:53.739  1681  1681 D SystemServerTiming: StartActivityManagerReadyPhase took to complete: 91ms
05-25 15:06:53.739  1681  1681 I SystemServer: StartObservingNativeCrashes
05-25 15:06:53.740  1681  1681 D SystemServerTiming: StartObservingNativeCrashes took to complete: 1ms
05-25 15:06:53.740  1681  1681 I SystemServer: StartSystemUI
05-25 15:06:53.740  1681  1727 D SystemServerInitThreadPool: Started executing WebViewFactoryPreparation
05-25 15:06:53.740  1681  1727 I SystemServer: WebViewFactoryPreparation
05-25 15:06:53.742  1681  1681 D SystemServerTiming: StartSystemUI took to complete: 2ms
05-25 15:06:53.742  1681  1681 I SystemServer: MakeNetworkScoreReady
05-25 15:06:53.743  1681  1681 D SystemServerTiming: MakeNetworkScoreReady took to complete: 1ms
05-25 15:06:53.743  1681  1681 I SystemServer: MakeNetworkManagementServiceReady
05-25 15:06:53.743  1681  1681 D NetworkManagement: enabling bandwidth control
05-25 15:06:53.750  1380  1383 V vold    : /dev/block/vold/disk:253,80: LABEL="SDCARD" UUID="1D10-2118" TYPE="vfat" 
05-25 15:06:53.750  1380  1383 V vold    : 
05-25 15:06:53.751  1681  1750 D VoldConnector: RCV <- {650 public:253,80 0 "disk:253,80" ""}
05-25 15:06:53.754  1681  1750 D VoldConnector: RCV <- {651 public:253,80 0}
05-25 15:06:53.755  1681  1750 D VoldConnector: RCV <- {643 disk:253,80}
05-25 15:06:53.756  1681  1750 D VoldConnector: RCV <- {200 3 Command succeeded}
05-25 15:06:53.757  1681  1749 D VoldConnector: SND -> {4 volume user_added 0 0}
05-25 15:06:53.757  1681  1750 D VoldConnector: RCV <- {200 4 Command succeeded}
05-25 15:06:53.758  1681  1681 D SystemServerTiming: MakeNetworkManagementServiceReady took to complete: 15ms
05-25 15:06:53.758  1681  1681 I SystemServer: MakeNetworkStatsServiceReady
05-25 15:06:53.759  1681  1699 E BatteryStatsService: no controller energy info supplied
05-25 15:06:53.759  1681  1699 E BatteryStatsService: no controller energy info supplied
05-25 15:06:53.759  1681  1749 D VoldConnector: SND -> {5 volume mount emulated 3 -1}
05-25 15:06:53.761  1380  1383 V vold    : Waiting for FUSE to spin up...
05-25 15:06:53.761  1681  1750 D VoldConnector: RCV <- {651 emulated 1}
05-25 15:06:53.761  1681  1699 W KernelMemoryBandwidthStats: No kernel memory bandwidth stats available
05-25 15:06:53.761  1681  1750 D VoldConnector: RCV <- {656 emulated /data/media}
05-25 15:06:53.762  1681  1750 D VoldConnector: RCV <- {655 emulated /storage/emulated}
05-25 15:06:53.763  1681  1727 I chatty  : uid=1000 system_server expire 1 line
05-25 15:06:53.769  1681  1756 D NetworkPolicy: setRestrictBackgroundUL(): false
05-25 15:06:53.770  1681  1756 I chatty  : uid=1000(system) NetworkPolicy expire 2 lines
05-25 15:06:53.776  1819  1819 W /system/bin/sdcard: Device explicitly enabled sdcardfs
05-25 15:06:53.779  1681  1727 I ActivityManager: Start proc 1823:WebViewLoader-x86/1037 [android.webkit.WebViewFactory$RelroFileCreator] for 
05-25 15:06:53.780  1681  1727 D SystemServerTimingAsync: WebViewFactoryPreparation took to complete: 40ms
05-25 15:06:53.780  1681  1727 D SystemServerInitThreadPool: Finished executing WebViewFactoryPreparation
05-25 15:06:53.784  1536  1595 I OMXClient: Treble IOmx obtained
05-25 15:06:53.785  1536  1595 I OMXClient: Treble IOmx obtained
05-25 15:06:53.785  1541  1593 I OMXMaster: makeComponentInstance(OMX.google.mp3.decoder) in omx@1.0-service process
05-25 15:06:53.787  1681  1681 D SystemServerTiming: MakeNetworkStatsServiceReady took to complete: 29ms
05-25 15:06:53.787  1681  1681 I SystemServer: MakeConnectivityServiceReady
05-25 15:06:53.791  1823  1823 W zygote  : Unexpected CPU variant for X86 using defaults: x86
05-25 15:06:53.795  1681  1681 D SystemServerTiming: MakeConnectivityServiceReady took to complete: 8ms
05-25 15:06:53.795  1681  1681 I SystemServer: MakeNetworkPolicyServiceReady
05-25 15:06:53.803  1536  1595 I OMXClient: Treble IOmx obtained
05-25 15:06:53.803  1541  1833 I OMXMaster: makeComponentInstance(OMX.google.amrnb.decoder) in omx@1.0-service process
05-25 15:06:53.812  1681  1750 D VoldConnector: RCV <- {651 emulated 2}
05-25 15:06:53.812  1536  1595 I OMXClient: Treble IOmx obtained
05-25 15:06:53.812  1541  1593 I OMXMaster: makeComponentInstance(OMX.google.amrwb.decoder) in omx@1.0-service process
05-25 15:06:53.812  1681  1750 D VoldConnector: RCV <- {200 5 Command succeeded}
05-25 15:06:53.812  1681  1749 D VoldConnector: SND -> {6 volume mount public:253,80 0 0}
05-25 15:06:53.812  1380  1383 V vold    : /system/bin/blkid
05-25 15:06:53.812  1380  1383 V vold    :     -c
05-25 15:06:53.812  1380  1383 V vold    :     /dev/null
05-25 15:06:53.812  1380  1383 V vold    :     -s
05-25 15:06:53.812  1380  1383 V vold    :     TYPE
05-25 15:06:53.812  1380  1383 V vold    :     -s
05-25 15:06:53.812  1380  1383 V vold    :     UUID
05-25 15:06:53.812  1380  1383 V vold    :     -s
05-25 15:06:53.812  1380  1383 V vold    :     LABEL
05-25 15:06:53.812  1380  1383 V vold    :     /dev/block/vold/public:253,80
05-25 15:06:53.812  1681  1750 D VoldConnector: RCV <- {651 public:253,80 1}
05-25 15:06:53.821  1536  1595 I OMXClient: Treble IOmx obtained
05-25 15:06:53.821  1541  1593 I OMXMaster: makeComponentInstance(OMX.google.aac.decoder) in omx@1.0-service process
05-25 15:06:53.826  1823  1823 V WebViewFactory: RelroFileCreator (64bit = false),  32-bit lib: /system/app/Chrome/Chrome.apk!/lib/x86/libmonochrome.so, 64-bit lib: 
05-25 15:06:53.832  1536  1595 I OMXClient: Treble IOmx obtained
05-25 15:06:53.832  1541  1842 I OMXMaster: makeComponentInstance(OMX.google.g711.alaw.decoder) in omx@1.0-service process
05-25 15:06:53.833  1380  1383 V vold    : /dev/block/vold/public:253,80: LABEL="SDCARD" UUID="1D10-2118" TYPE="vfat" 
05-25 15:06:53.833  1380  1383 V vold    : 
05-25 15:06:53.833  1380  1383 V vold    : /system/bin/fsck_msdos
05-25 15:06:53.833  1380  1383 V vold    :     -p
05-25 15:06:53.833  1380  1383 V vold    :     -f
05-25 15:06:53.833  1380  1383 V vold    :     /dev/block/vold/public:253,80
